ARM Linker, 4.1 [Build 481] [Standard]

==============================================================================

Section Cross References

    main.o(.text) refers to aeabi_sdiv.o(.text) for __aeabi_idivmod
    main.o(.text) refers to rt_memcpy.o(.text) for __aeabi_memcpy
    main.o(.text) refers to comm.o(.text) for COM_SendBuf
    main.o(.text) refers to board.o(.text) for InitBoard
    main.o(.text) refers to rtc.o(.text) for GetTime
    main.o(.text) refers to sp_info.o(.text) for sp_init_info
    main.o(.text) refers to hd7279a.o(.text) for GetSCKEY
    main.o(.text) refers to menu.o(.text) for sp_do_sckey
    main.o(.text) refers to mifare.o(.text) for ResetCard_A
    main.o(.text) refers to main.o(.bss) for gcComBuf
    main.o(.text) refers to main.o(.data) for gSysTime
    flash_store.o(.text) refers to sp_info.o(.text) for sp_get_transno_lastaddr
    flash_store.o(.text) refers to m25pe16.o(.text) for SF_ErasePage
    flash_store.o(.text) refers to rt_memclr_w.o(.text) for __aeabi_memclr4
    flash_store.o(.text) refers to rt_memcpy.o(.text) for __aeabi_memcpy
    flash_store.o(.text) refers to memcmp.o(.text) for memcmp
    menu.o(.text) refers to _printf_pad.o(.text) for _printf_pre_padding
    menu.o(.text) refers to _printf_percent.o(.ARM.Collect$$_printf_percent$$00000000) for _printf_percent
    menu.o(.text) refers to _printf_x.o(.ARM.Collect$$_printf_percent$$0000000C) for _printf_x
    menu.o(.text) refers to _printf_hex_int.o(.text) for _printf_longlong_hex
    menu.o(.text) refers to _printf_d.o(.ARM.Collect$$_printf_percent$$00000009) for _printf_d
    menu.o(.text) refers to _printf_dec.o(.text) for _printf_int_dec
    menu.o(.text) refers to rt_memclr_w.o(.text) for __aeabi_memclr4
    menu.o(.text) refers to noretval__2sprintf.o(.text) for __2sprintf
    menu.o(.text) refers to lcd.o(.text) for LcdPrint
    sp_info.o(.text) refers to rt_memclr_w.o(.text) for __aeabi_memclr4
    sp_info.o(.text) refers to noretval__2sprintf.o(.text) for __2sprintf
    sp_info.o(.text) refers to m25pe16.o(.text) for SF_Read
    sp_info.o(.text) refers to memcmp.o(.text) for memcmp
    sp_info.o(.text) refers to rt_memcpy_w.o(.text) for __aeabi_memcpy4
    sp_info.o(.text) refers to sp_info.o(.data) for crc_table
    board.o(.text) refers to hd7279a.o(.text) for SCKEYInit
    board.o(.text) refers to printer.o(.text) for Init_Printer
    board.o(.text) refers to iic.o(.text) for I2C_Init
    board.o(.text) refers to pca9554.o(.text) for IOControlMode
    board.o(.text) refers to m25pe16.o(.text) for SF_Init
    board.o(.text) refers to rtc.o(.text) for SetRTCType
    board.o(.text) refers to timer.o(.text) for InitTimer
    board.o(.text) refers to lcd.o(.text) for SetLcdType
    board.o(.text) refers to board.o(.data) for GetKey
    board.o(.text) refers to mifare.o(.text) for InitICReader
    comm.o(.text) refers to timer.o(.text) for __KillSoftTimer
    comm.o(.text) refers to h1_free.o(.text) for free
    comm.o(.text) refers to rt_memcpy.o(.text) for __aeabi_memcpy
    comm.o(.text) refers to aeabi_sdiv.o(.text_udiv) for __aeabi_uidivmod
    comm.o(.text) refers to h1_alloc.o(.text) for malloc
    comm.o(.text) refers to comm.o(.bss) for sCOMInfo
    hd7279a.o(.text) refers to h1_free.o(.text) for free
    hd7279a.o(.text) refers to aeabi_memset.o(.text) for __aeabi_memset
    hd7279a.o(.text) refers to strlen.o(.text) for strlen
    hd7279a.o(.text) refers to h1_alloc.o(.text) for malloc
    hd7279a.o(.text) refers to strcpy.o(.text) for strcpy
    hd7279a.o(.text) refers to timer.o(.text) for __SetSoftTimer
    hd7279a.o(.text) refers to rt_memcpy.o(.text) for __aeabi_memcpy
    hd7279a.o(.text) refers to hd7279a.o(.data) for gcKeyBuf
    hd7279a.o(.text) refers to board.o(.data) for cBeep
    hd7279a.o(.text) refers to hd7279a.o(.bss) for DisplayMSG
    hd7279a.o(.text) refers to lcd.o(.text) for DispayMessage
    lcd.o(.text) refers to m25pe16.o(.text) for SF_Read
    lcd.o(.text) refers to rt_memcpy.o(.text) for __aeabi_memcpy
    lcd.o(.text) refers to aeabi_memset.o(.text) for __aeabi_memset
    lcd.o(.text) refers to board.o(.text) for DelayNS
    lcd.o(.text) refers to lcd.o(.data) for s_cLCDType
    lcd.o(.text) refers to hd7279a.o(.bss) for DisplayMSG
    lcd.o(.text) refers to board.o(.data) for Print
    mifare.o(.text) refers to rt_memclr_w.o(.text) for __aeabi_memclr4
    mifare.o(.text) refers to rt_memcpy.o(.text) for __aeabi_memcpy
    mifare.o(.text) refers to mifare.o(.data) for gcFIFOLen
    mifare.o(.text) refers to mifare.o(.bss) for gcBuffer
    rtc.o(.text) refers to Startup.o(vectors) for Reset
    rtc.o(.text) refers to iic.o(.text) for I2C_ReadByte
    rtc.o(.text) refers to rt_memcpy.o(.text) for __aeabi_memcpy
    rtc.o(.text) refers to aeabi_sdiv.o(.text) for __aeabi_idivmod
    rtc.o(.text) refers to rtc.o(.data) for u8IfUseI2CTime
[...]
    Adding AT veneer (8 bytes, Inline) for call to 'strcpy' from hd7279a.o(.text).
    Adding AT veneer (8 bytes, Inline) for call to 'strlen' from hd7279a.o(.text).
    Adding TA veneer (4 bytes, Inline) for call to '__rt_heap_descriptor' from h1_alloc.o(.text).
    Adding TA veneer (4 bytes, Inline) for call to '__rt_udiv10' from _printf_dec.o(.text).
    Adding TA veneer (8 bytes, Short) for call to '_sys_exit' from defsig_exit.o(.text).
    Adding TA veneer (8 bytes, Short) for call to '_ttywrch' from defsig_general.o(.text).
    Adding TA veneer (4 bytes, Inline) for call to '_fp_init' from libinit.o(.ARM.Collect$$libinit$$00000000).

17 Veneer(s) (total 116 bytes) added to the image.

==============================================================================

Image Symbol Table

    Local Symbols

    Symbol Name                              Value     Ov Type        Size  Object(Section)

    vectors                                  0x00000000   Section      292  Startup.o(vectors)
    ../../angel/boardlib.s                   0x00000000   Number         0  boardinit3.o ABSOLUTE
    ../../angel/boardlib.s                   0x00000000   Number         0  boardshut.o ABSOLUTE
    ../../angel/boardlib.s                   0x00000000   Number         0  boardinit2.o ABSOLUTE
    ../../angel/boardlib.s                   0x00000000   Number         0  boardinit1.o ABSOLUTE
    ../../angel/dczerorl.s                   0x00000000   Number         0  __dczerorl.o ABSOLUTE
    ../../angel/handlers.s                   0x00000000   Number         0  __scatter_zi.o ABSOLUTE
    ../../angel/kernel.s                     0x00000000   Number         0  rtexit.o ABSOLUTE
    ../../angel/kernel.s                     0x00000000   Number         0  rtentry4.o ABSOLUTE
    ../../angel/kernel.s                     0x00000000   Number         0  rtentry.o ABSOLUTE
    ../../angel/kernel.s                     0x00000000   Number         0  rtexit2.o ABSOLUTE
    ../../angel/kernel.s                     0x00000000   Number         0  rtentry2.o ABSOLUTE
    ../../angel/rt.s                         0x00000000   Number         0  rt_raise.o ABSOLUTE
    ../../angel/rt.s                         0x00000000   Number         0  rt_fp_status_addr_intlibspace.o ABSOLUTE
    ../../angel/rt.s                         0x00000000   Number         0  rt_fp_status_addr.o ABSOLUTE
    ../../angel/rt.s                         0x00000000   Number         0  aeabi_idiv0.o ABSOLUTE
    ../../angel/rt.s                         0x00000000   Number         0  aeabi_idiv0_sigfpe.o ABSOLUTE
    ../../angel/rt.s                         0x00000000   Number         0  rt_heap_descriptor.o ABSOLUTE
    ../../angel/rt.s                         0x00000000   Number         0  rt_heap_descriptor_intlibspace.o ABSOLUTE
    ../../angel/scatter.s                    0x00000000   Number         0  __scatter.o ABSOLUTE
    ../../angel/startup.s                    0x00000000   Number         0  __main.o ABSOLUTE
    ../../angel/sys.s                        0x00000000   Number         0  mutex_dummy.o ABSOLUTE
    ../../angel/sys.s                        0x00000000   Number         0  libspace.o ABSOLUTE
    ../../angel/sys.s                        0x00000000   Number         0  sys_stackheap_outer.o ABSOLUTE
    ../../angel/sys.s                        0x00000000   Number         0  use_no_semi.o ABSOLUTE
    ../../armsys.c                           0x00000000   Number         0  _get_argv_nomalloc.o ABSOLUTE
    ../../armsys.c                           0x00000000   Number         0  _get_argv.o ABSOLUTE
    ../../armsys.c                           0x00000000   Number         0  no_argv.o ABSOLUTE
    ../../armsys.c                           0x00000000   Number         0  argv_veneer.o ABSOLUTE
    ../../armsys.c                           0x00000000   Number         0  argv_veneer.o ABSOLUTE
    ../../division.s                         0x00000000   Number         0  aeabi_sdiv_div0.o ABSOLUTE
    ../../division.s                         0x00000000   Number         0  rtudiv10.o ABSOLUTE
    ../../division.s                         0x00000000   Number         0  aeabi_sdiv.o ABSOLUTE
    ../../divrt.s                            0x00000000   Number         0  divrt_7tdmi.o ABSOLUTE
    ../../divrt.s                            0x00000000   Number         0  divrt_7tdmi_div0.o ABSOLUTE
    ../../fpinit.s                           0x00000000   Number         0  fpinit.o ABSOLUTE
    ../../heap1.c                            0x00000000   Number         0  h1_final.o ABSOLUTE
    ../../heap1.c                            0x00000000   Number         0  h1_alloc_mt.o ABSOLUTE
    ../../heap1.c                            0x00000000   Number         0  h1_init_mt.o ABSOLUTE
    ../../heap1.c                            0x00000000   Number         0  h1_free.o ABSOLUTE
    ../../heap1.c                            0x00000000   Number         0  h1_alloc.o ABSOLUTE
    ../../heap1.c                            0x00000000   Number         0  h1_final_mt.o ABSOLUTE
    ../../heap1.c                            0x00000000   Number         0  h1_init.o ABSOLUTE
    ../../heap1.c                            0x00000000   Number         0  h1_extend_mt.o ABSOLUTE
    ../../heap1.c                            0x00000000   Number         0  h1_extend.o ABSOLUTE
    ../../heap1.c                            0x00000000   Number         0  h1_free_mt.o ABSOLUTE
    ../../heap2.c                            0x00000000   Number         0  fdtree.o ABSOLUTE
    ../../heap2.c                            0x00000000   Number         0  heap2mt.o ABSOLUTE
    ../../heap2.c                            0x00000000   Number         0  heap2.o ABSOLUTE
    ../../heapalloc.c                        0x00000000   Number         0  term_alloc.o ABSOLUTE
    ../../heapalloc.c                        0x00000000   Number         0  maybetermalloc1.o ABSOLUTE
    ../../heapalloc.c                        0x00000000   Number         0  maybetermalloc1.o ABSOLUTE
    ../../heapalloc.c                        0x00000000   Number         0  free.o ABSOLUTE
    ../../heapalloc.c                        0x00000000   Number         0  malloc.o ABSOLUTE
    ../../heapalloc.c                        0x00000000   Number         0  hrguard.o ABSOLUTE
    ../../heapalloc.c                        0x00000000   Number         0  maybetermalloc2.o ABSOLUTE
    ../../heapalloc.c                        0x00000000   Number         0  hguard.o ABSOLUTE
    ../../heapalloc.c                        0x00000000   Number         0  init_alloc.o ABSOLUTE
    ../../heapalloc.c                        0x00000000   Number         0  heapstubs.o ABSOLUTE
    ../../heapalloc.c                        0x00000000   Number         0  maybetermalloc2.o ABSOLUTE
    ../../heapaux.c                          0x00000000   Number         0  heapauxi.o ABSOLUTE
    ../../heapaux.c                          0x00000000   Number         0  heapauxa.o ABSOLUTE
    ../../libinit.s                          0x00000000   Number         0  libinit.o ABSOLUTE
    ../../libinit.s                          0x00000000   Number         0  libinit2.o ABSOLUTE
    ../../libinit.s                          0x00000000   Number         0  libshutdown2.o ABSOLUTE
    ../../libinit.s                          0x00000000   Number         0  libshutdown.o ABSOLUTE
    ../../memcpset.s                         0x00000000   Number         0  rt_memclr.o ABSOLUTE
    ../../memcpset.s                         0x00000000   Number         0  rt_memclr_w.o ABSOLUTE
    ../../memcpset.s                         0x00000000   Number         0  aeabi_memset.o ABSOLUTE
    ../../memcpset.s                         0x00000000   Number         0  rt_memcpy_w.o ABSOLUTE
    ../../memcpset.s                         0x00000000   Number         0  rt_memcpy.o ABSOLUTE
    ../../misc.s                             0x00000000   Number         0  printf_stubs.o ABSOLUTE
    ../../printf.c                           0x00000000   Number         0  _printf_hex_int_ll_ptr.o ABSOLUTE
    ../../printf.c                           0x00000000   Number         0  _printf_dec.o ABSOLUTE
    ../../printf.c                           0x00000000   Number         0  _printf_hex_ll.o ABSOLUTE
    ../../printf.c                           0x00000000   Number         0  noretval__2sprintf.o ABSOLUTE
    ../../printf.c                           0x00000000   Number         0  __printf.o ABSOLUTE
    ../../printf.c                           0x00000000   Number         0  _printf_hex_int.o ABSOLUTE
    ../../printf.c                           0x00000000   Number         0  _printf_pad.o ABSOLUTE
    ../../printf.c                           0x00000000   Number         0  _printf_hex_int_ll.o ABSOLUTE
    ../../printf.c                           0x00000000   Number         0  _printf_hex_int_ptr.o ABSOLUTE
    ../../printf.c                           0x00000000   Number         0  _printf_hex_ll_ptr.o ABSOLUTE
    ../../printf.c                           0x00000000   Number         0  __printf_flags.o ABSOLUTE
    ../../printf.c                           0x00000000   Number         0  __printf_ss.o ABSOLUTE
    ../../printf.c                           0x00000000   Number         0  __printf_flags_ss.o ABSOLUTE
    ../../printf.c                           0x00000000   Number         0  __printf_wp.o ABSOLUTE
    ../../printf.c                           0x00000000   Number         0  __printf_flags_wp.o ABSOLUTE
    ../../printf.c                           0x00000000   Number         0  __printf_ss_wp.o ABSOLUTE
    ../../printf.c                           0x00000000   Number         0  __printf_flags_ss_wp.o ABSOLUTE
    ../../printf.c                           0x00000000   Number         0  __printf_nopercent.o ABSOLUTE
    ../../printf.c                           0x00000000   Number         0  _printf_hex_ptr.o ABSOLUTE
    ../../printf.c                           0x00000000   Number         0  _sputc.o ABSOLUTE
    ../../printf.c                           0x00000000   Number         0  _printf_char_common.o ABSOLUTE
    ../../printf.c                           0x00000000   Number         0  _printf_intcommon.o ABSOLUTE
    ../../printf.c                           0x00000000   Number         0  __2sprintf.o ABSOLUTE
    ../../printf_percent.s                   0x00000000   Number         0  _printf_percent_end.o ABSOLUTE
    ../../printf_percent.s                   0x00000000   Number         0  _printf_x.o ABSOLUTE
    ../../printf_percent.s                   0x00000000   Number         0  _printf_percent.o ABSOLUTE
    ../../printf_percent.s                   0x00000000   Number         0  _printf_d.o ABSOLUTE
    ../../signal.c                           0x00000000   Number         0  defsig_rtred_inner.o ABSOLUTE
    ../../signal.c                           0x00000000   Number         0  defsig_segv_inner.o ABSOLUTE
    ../../signal.c                           0x00000000   Number         0  defsig_other.o ABSOLUTE
    ../../signal.c                           0x00000000   Number         0  defsig_abrt_inner.o ABSOLUTE
    ../../signal.c                           0x00000000   Number         0  defsig_rtmem_outer.o ABSOLUTE
    ../../signal.c                           0x00000000   Number         0  defsig_rtmem_inner.o ABSOLUTE
    ../../signal.c                           0x00000000   Number         0  defsig_fpe_inner.o ABSOLUTE
    ../../signal.c                           0x00000000   Number         0  defsig_rtmem_formal.o ABSOLUTE
    ../../signal.c                           0x00000000   Number         0  defsig_stak_inner.o ABSOLUTE
    ../../signal.c                           0x00000000   Number         0  defsig_exit.o ABSOLUTE
    ../../signal.c                           0x00000000   Number         0  defsig_general.o ABSOLUTE
    ../../signal.c                           0x00000000   Number         0  __raise.o ABSOLUTE
    ../../signal.c                           0x00000000   Number         0  defsig_pvfn_inner.o ABSOLUTE
    ../../signal.c                           0x00000000   Number         0  defsig_cppl_inner.o ABSOLUTE
    ../../signal.s                           0x00000000   Number         0  defsig.o ABSOLUTE
    ../../stdlib.c                           0x00000000   Number         0  exit.o ABSOLUTE
    ../../string.c                           0x00000000   Number         0  strlen.o ABSOLUTE
    ../../string.c                           0x00000000   Number         0  strcpy.o ABSOLUTE
    ../../string.c                           0x00000000   Number         0  memcmp.o ABSOLUTE
    ..\src\Hd7279a.c                         0x00000000   Number         0  hd7279a.o ABSOLUTE
    ..\src\IIC.c                             0x00000000   Number         0  iic.o ABSOLUTE
    ..\src\Lcd.C                             0x00000000   Number         0  lcd.o ABSOLUTE
    ..\src\M25PE16.c                         0x00000000   Number         0  m25pe16.o ABSOLUTE
    ..\src\Mifare.c                          0x00000000   Number         0  mifare.o ABSOLUTE
    ..\src\PCA9554.c                         0x00000000   Number         0  pca9554.o ABSOLUTE
    ..\src\Startup.s                         0x00000000   Number         0  Startup.o ABSOLUTE
    ..\src\board.c                           0x00000000   Number         0  board.o ABSOLUTE
    ..\src\comm.c                            0x00000000   Number         0  comm.o ABSOLUTE
    ..\src\flash_store.c                     0x00000000   Number         0  flash_store.o ABSOLUTE
    ..\src\main.c                            0x00000000   Number         0  main.o ABSOLUTE
    ..\src\menu.c                            0x00000000   Number         0  menu.o ABSOLUTE
    ..\src\printer.c                         0x00000000   Number         0  printer.o ABSOLUTE
    ..\src\rtc.c                             0x00000000   Number         0  rtc.o ABSOLUTE
    ..\src\sp_info.c                         0x00000000   Number         0  sp_info.o ABSOLUTE
    ..\src\target.c                          0x00000000   Number         0  target.o ABSOLUTE
    ..\src\timer.c                           0x00000000   Number         0  timer.o ABSOLUTE
    dc.s                                     0x00000000   Number         0  dc.o ABSOLUTE
    Undefined                                0x00000040   ARM Code       0  Startup.o(vectors)
    SoftwareInterrupt                        0x00000044   ARM Code       0  Startup.o(vectors)
    IRQDisable                               0x00000064   ARM Code       0  Startup.o(vectors)
    IRQEnable                                0x00000074   ARM Code       0  Startup.o(vectors)
    FIQDisable                               0x00000084   ARM Code       0  Startup.o(vectors)
    FIQEnable                                0x00000094   ARM Code       0  Startup.o(vectors)
    PrefetchAbort                            0x000000a4   ARM Code       0  Startup.o(vectors)
    FIQ_Handler                              0x000000ac   ARM Code       0  Startup.o(vectors)
    !!!main                                  0x00000124   Section        8  __main.o(!!!main)
    !!!scatter                               0x0000012c   Section       60  __scatter.o(!!!scatter)
    !!dczerorl                               0x00000168   Section       68  __dczerorl.o(!!dczerorl)
    !!handler_zi                             0x000001ac   Section       44  __scatter_zi.o(!!handler_zi)
    .ARM.Collect$$_printf_percent$$00000000  0x000001dc   Section        0  _printf_percent.o(.ARM.Collect$$_printf_percent$$00000000)
    .ARM.Collect$$_printf_percent$$00000009  0x000001dc   Section        8  _printf_d.o(.ARM.Collect$$_printf_percent$$00000009)
    .ARM.Collect$$_printf_percent$$0000000C  0x000001e4   Section        8  _printf_x.o(.ARM.Collect$$_printf_percent$$0000000C)
    .ARM.Collect$$_printf_percent$$00000017  0x000001ec   Section        8  _printf_percent_end.o(.ARM.Collect$$_printf_percent$$00000017)
    .ARM.Collect$$libinit$$00000000          0x000001fc   Section        6  libinit.o(.ARM.Collect$$libinit$$00000000)
    .ARM.Collect$$libinit$$00000001          0x00000202   Section        8  libinit2.o(.ARM.Collect$$libinit$$00000001)
    .ARM.Collect$$libinit$$00000006          0x0000020a   Section        0  libinit2.o(.ARM.Collect$$libinit$$00000006)
    .ARM.Collect$$libinit$$00000008          0x0000020a   Section        0  libinit2.o(.ARM.Collect$$libinit$$00000008)
    .ARM.Collect$$libinit$$0000000A          0x0000020a   Section        0  libinit2.o(.ARM.Collect$$libinit$$0000000A)
    .ARM.Collect$$libinit$$0000000D          0x0000020a   Section        0  libinit2.o(.ARM.Collect$$libinit$$0000000D)
    .ARM.Collect$$libinit$$0000000F          0x0000020a   Section        0  libinit2.o(.ARM.Collect$$libinit$$0000000F)
    .ARM.Collect$$libinit$$00000011          0x0000020a   Section        0  libinit2.o(.ARM.Collect$$libinit$$00000011)
    .ARM.Collect$$libinit$$00000013          0x0000020a   Section        0  libinit2.o(.ARM.Collect$$libinit$$00000013)
    .ARM.Collect$$libinit$$00000015          0x0000020a   Section        0  libinit2.o(.ARM.Collect$$libinit$$00000015)
    .ARM.Collect$$libinit$$00000017          0x0000020a   Section        0  libinit2.o(.ARM.Collect$$libinit$$00000017)
    .ARM.Collect$$libinit$$00000019          0x0000020a   Section        0  libinit2.o(.ARM.Collect$$libinit$$00000019)
    .ARM.Collect$$libinit$$0000001B          0x0000020a   Section        0  libinit2.o(.ARM.Collect$$libinit$$0000001B)
    .ARM.Collect$$libinit$$0000001D          0x0000020a   Section        0  libinit2.o(.ARM.Collect$$libinit$$0000001D)
    .ARM.Collect$$libinit$$0000001F          0x0000020a   Section        0  libinit2.o(.ARM.Collect$$libinit$$0000001F)
    .ARM.Collect$$libinit$$00000021          0x0000020a   Section        0  libinit2.o(.ARM.Collect$$libinit$$00000021)
    .ARM.Collect$$libinit$$00000028          0x0000020a   Section        0  libinit2.o(.ARM.Collect$$libinit$$00000028)
    .ARM.Collect$$libinit$$0000002A          0x0000020a   Section        0  libinit2.o(.ARM.Collect$$libinit$$0000002A)
    .ARM.Collect$$libinit$$0000002C          0x0000020a   Section        0  libinit2.o(.ARM.Collect$$libinit$$0000002C)
    .ARM.Collect$$libinit$$0000002E          0x0000020a   Section        0  libinit2.o(.ARM.Collect$$libinit$$0000002E)
    .ARM.Collect$$libinit$$0000002F          0x0000020a   Section       12  libinit2.o(.ARM.Collect$$libinit$$0000002F)
    .ARM.Collect$$libshutdown$$00000000      0x00000220   Section        4  libshutdown.o(.ARM.Collect$$libshutdown$$00000000)
    .ARM.Collect$$libshutdown$$00000003      0x00000224   Section        0  libshutdown2.o(.ARM.Collect$$libshutdown$$00000003)
    .ARM.Collect$$libshutdown$$00000006      0x00000224   Section        0  libshutdown2.o(.ARM.Collect$$libshutdown$$00000006)
    .ARM.Collect$$libshutdown$$00000009      0x00000224   Section        0  libshutdown2.o(.ARM.Collect$$libshutdown$$00000009)
    .ARM.Collect$$libshutdown$$0000000B      0x00000224   Section        0  libshutdown2.o(.ARM.Collect$$libshutdown$$0000000B)
    .ARM.Collect$$libshutdown$$0000000E      0x00000224   Section        0  libshutdown2.o(.ARM.Collect$$libshutdown$$0000000E)
    .ARM.Collect$$libshutdown$$0000000F      0x00000224   Section        6  libshutdown2.o(.ARM.Collect$$libshutdown$$0000000F)
    .ARM.Collect$$rtentry$$00000000          0x0000022c   Section        0  rtentry.o(.ARM.Collect$$rtentry$$00000000)
    .ARM.Collect$$rtentry$$00000002          0x0000022c   Section        0  rtentry2.o(.ARM.Collect$$rtentry$$00000002)
    .ARM.Collect$$rtentry$$00000004          0x0000022c   Section        8  rtentry4.o(.ARM.Collect$$rtentry$$00000004)
    .ARM.Collect$$rtentry$$00000009          0x00000234   Section        0  rtentry2.o(.ARM.Collect$$rtentry$$00000009)
    .ARM.Collect$$rtentry$$0000000A          0x00000234   Section        4  rtentry2.o(.ARM.Collect$$rtentry$$0000000A)
    .ARM.Collect$$rtentry$$0000000C          0x00000238   Section        0  rtentry2.o(.ARM.Collect$$rtentry$$0000000C)
    .ARM.Collect$$rtentry$$0000000D          0x00000238   Section       40  rtentry2.o(.ARM.Collect$$rtentry$$0000000D)
    .ARM.Collect$$rtexit$$00000000           0x00000264   Section        4  rtexit.o(.ARM.Collect$$rtexit$$00000000)
    .ARM.Collect$$rtexit$$00000002           0x00000268   Section        0  rtexit2.o(.ARM.Collect$$rtexit$$00000002)
    .ARM.Collect$$rtexit$$00000003           0x00000268   Section        4  rtexit2.o(.ARM.Collect$$rtexit$$00000003)
    .ARM.Collect$$rtexit$$00000004           0x0000026c   Section        8  rtexit2.o(.ARM.Collect$$rtexit$$00000004)
    .emb_text                                0x00000274   Section        0  maybetermalloc1.o(.emb_text)
    .text                                    0x00000274   Section        0  main.o(.text)
    .text                                    0x000004c0   Section        0  menu.o(.text)
    .text                                    0x00000780   Section        0  sp_info.o(.text)
    .text                                    0x00000a6c   Section        0  board.o(.text)
    .text                                    0x00000cf0   Section        0  comm.o(.text)
    COM0_TimeoutHandle                       0x00000cf0   ARM Code      80  comm.o(.text)
    COM1_TimeoutHandle                       0x00000d40   ARM Code      80  comm.o(.text)
    IRQ_UART0                                0x00000d90   ARM Code     336  comm.o(.text)
    IRQ_UART1                                0x00000ee0   ARM Code     348  comm.o(.text)
    UART0_Init                               0x0000103c   ARM Code     108  comm.o(.text)
    UART1_Init                               0x000010a8   ARM Code     140  comm.o(.text)
    UART_Init                                0x00001134   ARM Code     376  comm.o(.text)
    .text                                    0x00001504   Section        0  hd7279a.o(.text)
    Delay8us_7279                            0x00001504   ARM Code      28  hd7279a.o(.text)
    Delay50us_7279                           0x00001520   ARM Code      28  hd7279a.o(.text)
    IRQ_Eint3                                0x0000153c   ARM Code     324  hd7279a.o(.text)
    Data_Send                                0x00001c10   ARM Code     208  hd7279a.o(.text)
    .text                                    0x0000210c   Section        0  lcd.o(.text)
    LCD_DelayN20ns                           0x00002130   ARM Code      24  lcd.o(.text)
    WriteDataOrCmd                           0x00002148   ARM Code     652  lcd.o(.text)
    FunctionSet                              0x000023d4   ARM Code      60  lcd.o(.text)
    DisplayOn                                0x00002410   ARM Code      24  lcd.o(.text)
    DisplayOff                               0x00002428   ARM Code      24  lcd.o(.text)
    SetPage                                  0x00002440   ARM Code      28  lcd.o(.text)
    SetColumn                                0x0000245c   ARM Code      48  lcd.o(.text)
    WriteRAM_N_Column                        0x0000248c   ARM Code     108  lcd.o(.text)
    Lcd_DisplayASC                           0x000024f8   ARM Code     144  lcd.o(.text)
    Lcd_DisplayFont                          0x00002588   ARM Code     156  lcd.o(.text)
    .text                                    0x00002ba4   Section        0  mifare.o(.text)
    memxcpy                                  0x00002ba4   ARM Code      48  mifare.o(.text)
    .text                                    0x00005820   Section        0  rtc.o(.text)
    .text                                    0x00005f80   Section        0  m25pe16.o(.text)
    SF_Delay                                 0x00005fd4   ARM Code      28  m25pe16.o(.text)
    FL_Init                                  0x00005ff0   ARM Code     160  m25pe16.o(.text)
    Serialize                                0x000060ec   ARM Code     184  m25pe16.o(.text)
    .text                                    0x00006cc8   Section        0  printer.o(.text)
    DelayEtu                                 0x00006cc8   ARM Code      24  printer.o(.text)
    PT_SendChar                              0x00006ce0   ARM Code     112  printer.o(.text)
    .text                                    0x00006df4   Section        0  timer.o(.text)
    IRQ_Timer0                               0x00006df4   ARM Code     488  timer.o(.text)
    IRQ_Timer1                               0x00006fdc   ARM Code     532  timer.o(.text)
    .text                                    0x000075ac   Section        0  iic.o(.text)
    I2C_DelayNs                              0x000075ac   ARM Code      24  iic.o(.text)
    I2C_Start                                0x000075c4   ARM Code      92  iic.o(.text)
    I2C_Stop                                 0x00007620   ARM Code      72  iic.o(.text)
    I2C_ACK                                  0x00007668   ARM Code      72  iic.o(.text)
    I2C_NOACK                                0x000076b0   ARM Code      72  iic.o(.text)
    I2C_CheckACK                             0x000076f8   ARM Code     148  iic.o(.text)
    I2C_WriteBus                             0x0000778c   ARM Code     144  iic.o(.text)
    I2C_ReadBus                              0x0000781c   ARM Code     188  iic.o(.text)
    .text                                    0x00007a54   Section        0  pca9554.o(.text)
    .text                                    0x00007bc4   Section        0  target.o(.text)
    .text                                    0x00007d64   Section        4  use_no_semi.o(.text)
    .text                                    0x00007d70   Section        0  h1_alloc.o(.text)
    .text                                    0x00007dec   Section        0  h1_free.o(.text)
    .text                                    0x00007e48   Section        0  noretval__2sprintf.o(.text)
    .text                                    0x00007e70   Section        0  _printf_pad.o(.text)
    .text                                    0x00007ecc   Section        0  _printf_dec.o(.text)
    .text                                    0x00007f44   Section        0  _printf_hex_int.o(.text)
    .text                                    0x00007fa0   Section        0  __printf_flags_wp.o(.text)
    .text                                    0x000080f8   Section        0  memcmp.o(.text)
    .text                                    0x00008178   Section        0  strcpy.o(.text)
    .text                                    0x000081d0   Section        0  strlen.o(.text)
    .text                                    0x00008214   Section      212  rt_memcpy.o(.text)
    .text                                    0x000082e8   Section      100  rt_memcpy_w.o(.text)
    .text                                    0x0000834c   Section       16  aeabi_memset.o(.text)
    .text                                    0x0000835c   Section       84  rt_memclr_w.o(.text)
    .text                                    0x000083b0   Section      384  aeabi_sdiv.o(.text)
    __arm_div8                               0x000083dc   ARM Code       0  aeabi_sdiv.o(.text)
    __arm_div5                               0x00008400   ARM Code       0  aeabi_sdiv.o(.text)
    __arm_div2                               0x00008424   ARM Code       0  aeabi_sdiv.o(.text)
    __arm_div_large                          0x00008460   ARM Code       0  aeabi_sdiv.o(.text)
    .text                                    0x00008534   Section       16  rt_heap_descriptor_intlibspace.o(.text)
    .text                                    0x00008544   Section        0  hguard.o(.text)
    .text                                    0x00008548   Section        0  init_alloc.o(.text)
    .text                                    0x000085dc   Section        0  h1_init.o(.text)
    .text                                    0x000085ea   Section        0  _printf_intcommon.o(.text)
    .text                                    0x000086a0   Section        0  _printf_char_common.o(.text)
    _printf_input_char                       0x000086a1   Thumb Code    10  _printf_char_common.o(.text)
    .text                                    0x000086d0   Section        0  _sputc.o(.text)
    .text                                    0x000086dc   Section       64  rt_memclr.o(.text)
    .text                                    0x00008720   Section       44  rtudiv10.o(.text)
    .text                                    0x0000874c   Section       12  libspace.o(.text)
    .text                                    0x00008758   Section        0  h1_extend.o(.text)
    .text                                    0x00008790   Section        0  defsig_rtmem_outer.o(.text)
    .text                                    0x000087a0   Section        0  heapauxa.o(.text)
    .text                                    0x000087ec   Section       96  sys_stackheap_outer.o(.text)
    .text                                    0x0000884c   Section        0  exit.o(.text)
    .text                                    0x00008858   Section        0  defsig_exit.o(.text)
    .text                                    0x00008868   Section        0  defsig_rtmem_inner.o(.text)
    .text                                    0x000088b8   Section        0  defsig_general.o(.text)
    .text                                    0x000088f0   Section       16  rt_fp_status_addr_intlibspace.o(.text)
    .text_udiv                               0x00008900   Section       36  aeabi_sdiv.o(.text_udiv)
    i.__ARM_common_call_via_r1               0x00008934   Section        0  __printf.o(i.__ARM_common_call_via_r1)
    i.__ARM_common_call_via_r2               0x00008936   Section        0  __printf.o(i.__ARM_common_call_via_r2)
    x$fpl$fpinit                             0x0000893c   Section       24  fpinit.o(x$fpl$fpinit)
    .constdata                               0x00008954   Section       40  _printf_hex_int.o(.constdata)
    uc_hextab                                0x00008954   Data          20  _printf_hex_int.o(.constdata)
    lc_hextab                                0x00008968   Data          20  _printf_hex_int.o(.constdata)
    .constdata                               0x0000897c   Section       17  __printf_flags_wp.o(.constdata)
    maptable                                 0x0000897c   Data          17  __printf_flags_wp.o(.constdata)
    .data                                    0x40000000   Section       10  main.o(.data)
    .data                                    0x4000000a   Section      512  sp_info.o(.data)
    crc_table                                0x4000000a   Data         512  sp_info.o(.data)
    .data                                    0x4000020c   Section       32  board.o(.data)
    .data                                    0x4000022c   Section        3  hd7279a.o(.data)
    gcKeyBuf                                 0x4000022c   Data           1  hd7279a.o(.data)
    gcConsumeModeLed                         0x4000022e   Data           1  hd7279a.o(.data)
    .data                                    0x4000022f   Section        6  lcd.o(.data)
    cPos                                     0x4000022f   Data           4  lcd.o(.data)
    s_cLCDType                               0x40000233   Data           1  lcd.o(.data)
    s_cContrast                              0x40000234   Data           1  lcd.o(.data)
    .data                                    0x40000238   Section       46  mifare.o(.data)
    gnFSD_Bit                                0x4000023a   Data          18  mifare.o(.data)
    gnOffset                                 0x4000024c   Data           1  mifare.o(.data)
    cPCD_CurBlock                            0x4000024d   Data           1  mifare.o(.data)
    cTimeOutCnt                              0x4000024e   Data           1  mifare.o(.data)
    gb_CPuCard_Reset                         0x40000261   Data           1  mifare.o(.data)
    gcFWI                                    0x40000262   Data           1  mifare.o(.data)
    gnFSC                                    0x40000264   Data           2  mifare.o(.data)
    .data                                    0x40000266   Section       10  rtc.o(.data)
    u8IfUseI2CTime                           0x40000266   Data           1  rtc.o(.data)
    gsAlarmTime                              0x40000268   Data           8  rtc.o(.data)
    .data                                    0x40000270   Section        4  m25pe16.o(.data)
    udCounter                                0x40000270   Data           4  m25pe16.o(.data)
    .data                                    0x40000274   Section       12  timer.o(.data)
    pOnTimer                                 0x40000274   Data           4  timer.o(.data)
    IsRepeat0                                0x40000278   Data           4  timer.o(.data)
    IsRepeat1                                0x4000027c   Data           4  timer.o(.data)
    .data                                    0x40000280   Section        1  pca9554.o(.data)
    gsPcaSate                                0x40000280   Data           1  pca9554.o(.data)
    .data                                    0x40000284   Section        4  heapauxa.o(.data)
    __rt_heap_escrow_base                    0x40000284   Data           4  heapauxa.o(.data)
    .bss                                     0x40000288   Section     1524  main.o(.bss)
    .bss                                     0x4000087c   Section     2096  comm.o(.bss)
    .bss                                     0x400010ac   Section       32  hd7279a.o(.bss)
    .bss                                     0x400010cc   Section      256  mifare.o(.bss)
    gcBuffer                                 0x400010cc   Data         256  mifare.o(.bss)
    .bss                                     0x400011cc   Section       96  timer.o(.bss)
    cTime0                                   0x400011cc   Data          16  timer.o(.bss)
    cTime1                                   0x400011dc   Data          16  timer.o(.bss)
    pFunc                                    0x400011ec   Data          16  timer.o(.bss)
    sTimerCtr                                0x400011fc   Data          48  timer.o(.bss)
    .bss                                     0x4000122c   Section       96  libspace.o(.bss)
    MyStacks                                 0x4000128c   Section     1024  Startup.o(MyStacks)
    IrqStackSpace                            0x4000128c   Data        1024  Startup.o(MyStacks)
    SvcStackSpace                            0x4000128c   Data           0  Startup.o(MyStacks)
    Heap                                     0x4000168c   Section     1024  Startup.o(Heap)
    AbtStackSpace                            0x4000168c   Data           0  Startup.o(MyStacks)
    FiqStackSpace                            0x4000168c   Data           0  Startup.o(MyStacks)
    UndtStackSpace                           0x4000168c   Data           0  Startup.o(MyStacks)
    Stacks                                   0x40004000   Section        0  Startup.o(Stacks)

    Global Symbols

    Symbol Name                              Value     Ov Type        Size  Object(Section)

    BuildAttributes$$THM_ISAv1$ARM_ISAv4$S$PE$A:L22$X:L11$S22$IEEE1$IW$~IW$USESV6$~STKCKD$USESV7$~SHL$OTIME$ROPI$EBA8$UX$STANDARDLIB$REQ8$PRES8$EABIv2 0x00000000   Number         0  anon$$obj.o ABSOLUTE
    Reset                                    0x00000000   ARM Code       0  Startup.o(vectors)
    __ARM_use_no_argv                        0x00000000   Number         0  main.o ABSOLUTE
    _printf_flags                            0x00000000   Number         0  printf_stubs.o ABSOLUTE
    _printf_return_value                     0x00000000   Number         0  printf_stubs.o ABSOLUTE
    _printf_sizespec                         0x00000000   Number         0  printf_stubs.o ABSOLUTE
    _printf_widthprec                        0x00000000   Number         0  printf_stubs.o ABSOLUTE
    __ARM_exceptions_init                     - Undefined Weak Reference
    __alloca_initialize                       - Undefined Weak Reference
    __cpp_initialize__aeabi_                  - Undefined Weak Reference
    __cxa_finalize                            - Undefined Weak Reference
    __rt_locale                               - Undefined Weak Reference
    __sigvec_lookup                           - Undefined Weak Reference
    __user_heap_extent                        - Undefined Weak Reference
    _atexit_init                              - Undefined Weak Reference
    _call_atexit_fns                          - Undefined Weak Reference
    _clock_init                               - Undefined Weak Reference
    _fp_trap_init                             - Undefined Weak Reference
    _fp_trap_shutdown                         - Undefined Weak Reference
    _get_lc_collate                           - Undefined Weak Reference
    _get_lc_ctype                             - Undefined Weak Reference
    _get_lc_monetary                          - Undefined Weak Reference
    _get_lc_numeric                           - Undefined Weak Reference
    _get_lc_time                              - Undefined Weak Reference
    _getenv_init                              - Undefined Weak Reference
    _handle_redirection                       - Undefined Weak Reference
    _initio                                   - Undefined Weak Reference
    _mutex_acquire                            - Undefined Weak Reference
    _mutex_free                               - Undefined Weak Reference
    _mutex_release                            - Undefined Weak Reference
    _printf_truncate_signed                   - Undefined Weak Reference
    _printf_truncate_unsigned                 - Undefined Weak Reference
    _rand_init                                - Undefined Weak Reference
    _signal_finish                            - Undefined Weak Reference
    _signal_init                              - Undefined Weak Reference
    _terminateio                              - Undefined Weak Reference
    ResetInit                                0x000000f4   ARM Code       0  Startup.o(vectors)
    __user_initial_stackheap                 0x00000100   ARM Code       0  Startup.o(vectors)
    __main                                   0x00000124   ARM Code       8  __main.o(!!!main)
    __scatterload                            0x0000012c   ARM Code       0  __scatter.o(!!!scatter)
    __scatterload_rt2                        0x0000012c   ARM Code      52  __scatter.o(!!!scatter)
    __scatterload_null                       0x00000140   ARM Code       0  __scatter.o(!!!scatter)
    __decompress                             0x00000168   ARM Code      68  __dczerorl.o(!!dczerorl)
    __decompress0                            0x00000168   ARM Code       0  __dczerorl.o(!!dczerorl)
    __scatterload_zeroinit                   0x000001ac   ARM Code      44  __scatter_zi.o(!!handler_zi)
    Inline Thumb to ARM Veneer to _printf_percent 0x000001d9   Thumb Code     4  _printf_percent.o(.ARM.Collect$$_printf_percent$$00000000)
    _printf_d                                0x000001dc   ARM Code       0  _printf_d.o(.ARM.Collect$$_printf_percent$$00000009)
    _printf_percent                          0x000001dc   ARM Code       0  _printf_percent.o(.ARM.Collect$$_printf_percent$$00000000)
    _printf_x                                0x000001e4   ARM Code       0  _printf_x.o(.ARM.Collect$$_printf_percent$$0000000C)
    _printf_percent_end                      0x000001ec   ARM Code       0  _printf_percent_end.o(.ARM.Collect$$_printf_percent$$00000017)
    Inline ARM to Thumb Veneer to __rt_lib_init 0x000001f4   ARM Code       8  libinit.o(.ARM.Collect$$libinit$$00000000)
    __rt_lib_init                            0x000001fd   Thumb Code     0  libinit.o(.ARM.Collect$$libinit$$00000000)
    __rt_lib_init_heap_2                     0x00000203   Thumb Code     0  libinit2.o(.ARM.Collect$$libinit$$00000001)
    __rt_lib_init_alloca_1                   0x0000020b   Thumb Code     0  libinit2.o(.ARM.Collect$$libinit$$0000002A)
    __rt_lib_init_argv_1                     0x0000020b   Thumb Code     0  libinit2.o(.ARM.Collect$$libinit$$00000028)
    __rt_lib_init_atexit_1                   0x0000020b   Thumb Code     0  libinit2.o(.ARM.Collect$$libinit$$00000017)
    __rt_lib_init_clock_1                    0x0000020b   Thumb Code     0  libinit2.o(.ARM.Collect$$libinit$$0000001D)
    __rt_lib_init_cpp_1                      0x0000020b   Thumb Code     0  libinit2.o(.ARM.Collect$$libinit$$0000002E)
    __rt_lib_init_exceptions_1               0x0000020b   Thumb Code     0  libinit2.o(.ARM.Collect$$libinit$$0000002C)
    __rt_lib_init_fp_trap_1                  0x0000020b   Thumb Code     0  libinit2.o(.ARM.Collect$$libinit$$0000001B)
    __rt_lib_init_getenv_1                   0x0000020b   Thumb Code     0  libinit2.o(.ARM.Collect$$libinit$$0000001F)
    __rt_lib_init_heap_1                     0x0000020b   Thumb Code     0  libinit2.o(.ARM.Collect$$libinit$$00000006)
    __rt_lib_init_lc_collate_1               0x0000020b   Thumb Code     0  libinit2.o(.ARM.Collect$$libinit$$0000000D)
    __rt_lib_init_lc_ctype_1                 0x0000020b   Thumb Code     0  libinit2.o(.ARM.Collect$$libinit$$0000000F)
    __rt_lib_init_lc_monetary_1              0x0000020b   Thumb Code     0  libinit2.o(.ARM.Collect$$libinit$$00000011)
    __rt_lib_init_lc_numeric_1               0x0000020b   Thumb Code     0  libinit2.o(.ARM.Collect$$libinit$$00000013)
    __rt_lib_init_lc_time_1                  0x0000020b   Thumb Code     0  libinit2.o(.ARM.Collect$$libinit$$00000015)
    __rt_lib_init_rand_1                     0x0000020b   Thumb Code     0  libinit2.o(.ARM.Collect$$libinit$$0000000A)
    __rt_lib_init_return                     0x0000020b   Thumb Code     0  libinit2.o(.ARM.Collect$$libinit$$0000002F)
    __rt_lib_init_signal_1                   0x0000020b   Thumb Code     0  libinit2.o(.ARM.Collect$$libinit$$00000019)
    __rt_lib_init_stdio_1                    0x0000020b   Thumb Code     0  libinit2.o(.ARM.Collect$$libinit$$00000021)
    __rt_lib_init_user_alloc_1               0x0000020b   Thumb Code     0  libinit2.o(.ARM.Collect$$libinit$$00000008)
    Inline ARM to Thumb Veneer to __rt_lib_shutdown 0x00000218   ARM Code       8  libshutdown.o(.ARM.Collect$$libshutdown$$00000000)
    __rt_lib_shutdown                        0x00000221   Thumb Code     0  libshutdown.o(.ARM.Collect$$libshutdown$$00000000)
    __rt_lib_shutdown_fp_trap_1              0x00000225   Thumb Code     0  libshutdown2.o(.ARM.Collect$$libshutdown$$00000006)
    __rt_lib_shutdown_heap_1                 0x00000225   Thumb Code     0  libshutdown2.o(.ARM.Collect$$libshutdown$$0000000E)
    __rt_lib_shutdown_return                 0x00000225   Thumb Code     0  libshutdown2.o(.ARM.Collect$$libshutdown$$0000000F)
    __rt_lib_shutdown_signal_1               0x00000225   Thumb Code     0  libshutdown2.o(.ARM.Collect$$libshutdown$$00000009)
    __rt_lib_shutdown_stdio_1                0x00000225   Thumb Code     0  libshutdown2.o(.ARM.Collect$$libshutdown$$00000003)
    __rt_lib_shutdown_user_alloc_1           0x00000225   Thumb Code     0  libshutdown2.o(.ARM.Collect$$libshutdown$$0000000B)
    __rt_entry                               0x0000022c   ARM Code       0  rtentry.o(.ARM.Collect$$rtentry$$00000000)
    __rt_entry_presh_1                       0x0000022c   ARM Code       0  rtentry2.o(.ARM.Collect$$rtentry$$00000002)
    __rt_entry_sh                            0x0000022c   ARM Code       0  rtentry4.o(.ARM.Collect$$rtentry$$00000004)
    __rt_entry_li                            0x00000234   ARM Code       0  rtentry2.o(.ARM.Collect$$rtentry$$0000000A)
    __rt_entry_postsh_1                      0x00000234   ARM Code       0  rtentry2.o(.ARM.Collect$$rtentry$$00000009)
    __rt_entry_main                          0x00000238   ARM Code       0  rtentry2.o(.ARM.Collect$$rtentry$$0000000D)
    __rt_entry_postli_1                      0x00000238   ARM Code       0  rtentry2.o(.ARM.Collect$$rtentry$$0000000C)
    Inline Thumb to ARM Veneer to __rt_exit  0x00000261   Thumb Code     4  rtexit.o(.ARM.Collect$$rtexit$$00000000)
    __rt_exit                                0x00000264   ARM Code       0  rtexit.o(.ARM.Collect$$rtexit$$00000000)
    __rt_exit_ls                             0x00000268   ARM Code       0  rtexit2.o(.ARM.Collect$$rtexit$$00000003)
    __rt_exit_prels_1                        0x00000268   ARM Code       0  rtexit2.o(.ARM.Collect$$rtexit$$00000002)
    __rt_exit_exit                           0x0000026c   ARM Code       0  rtexit2.o(.ARM.Collect$$rtexit$$00000004)
    ByteToDecStr                             0x00000274   ARM Code      92  main.o(.text)
    _maybe_terminate_alloc                   0x00000275   Thumb Code     0  maybetermalloc1.o(.emb_text)
    ReceiveData                              0x000002d0   ARM Code      52  main.o(.text)
    InitCom                                  0x00000304   ARM Code     108  main.o(.text)
    get_test_comm_data                       0x00000370   ARM Code     116  main.o(.text)
    main                                     0x000003e4   ARM Code     192  main.o(.text)
    sp_disp_test                             0x000004c0   ARM Code     124  menu.o(.text)
    sp_disp_press_key                        0x0000053c   ARM Code      80  menu.o(.text)
    sp_disp_menu_main                        0x0000058c   ARM Code     116  menu.o(.text)
    sp_disp_menu_set                         0x00000600   ARM Code      44  menu.o(.text)
    sp_disp_menu_consume                     0x0000062c   ARM Code       4  menu.o(.text)
    sp_do_sckey                              0x00000630   ARM Code     336  menu.o(.text)
    pb_protocol_crc                          0x00000780   ARM Code      88  sp_info.o(.text)
    sp_init_info                             0x000007d8   ARM Code     148  sp_info.o(.text)
    load_sys_info                            0x0000086c   ARM Code     220  sp_info.o(.text)
    sp_get_transno_lastaddr                  0x00000948   ARM Code     292  sp_info.o(.text)
    BattCheck                                0x00000a6c   ARM Code      56  board.o(.text)
    DelayNS                                  0x00000aa4   ARM Code      44  board.o(.text)
    Beep                                     0x00000ad0   ARM Code      80  board.o(.text)
    InitBoard                                0x00000b20   ARM Code     268  board.o(.text)
    BeeperCtr                                0x00000c2c   ARM Code     124  board.o(.text)
    StartComm                                0x000012ac   ARM Code     184  comm.o(.text)
    COM_SendBuf                              0x00001364   ARM Code     352  comm.o(.text)
    SCKEYInit                                0x00001680   ARM Code     204  hd7279a.o(.text)
    GetSCKEY                                 0x0000174c   ARM Code     432  hd7279a.o(.text)
    GetS2KEY                                 0x000018fc   ARM Code     440  hd7279a.o(.text)
    LedCLS                                   0x00001ab4   ARM Code     268  hd7279a.o(.text)
    LedInit                                  0x00001bc0   ARM Code      68  hd7279a.o(.text)
    SelectModeLed                            0x00001c04   ARM Code      12  hd7279a.o(.text)
    ChangeCode                               0x00001ce0   ARM Code     336  hd7279a.o(.text)
    LedPrint                                 0x00001e30   ARM Code     688  hd7279a.o(.text)
    SetLcdType                               0x0000210c   ARM Code      12  lcd.o(.text)
    GetLcdType                               0x00002118   ARM Code      12  lcd.o(.text)
    SetLcdContrast                           0x00002124   ARM Code      12  lcd.o(.text)
    DispayMessage                            0x00002624   ARM Code     440  lcd.o(.text)
    LcdCLS                                   0x000027dc   ARM Code     204  lcd.o(.text)
    LcdPrint                                 0x000028a8   ARM Code     224  lcd.o(.text)
    LcdInit                                  0x00002988   ARM Code     504  lcd.o(.text)
    SPI_SendByte                             0x00002bd4   ARM Code     124  mifare.o(.text)
    RF_WriteReg                              0x00002c50   ARM Code      72  mifare.o(.text)
    SPI_ReadByte                             0x00002c98   ARM Code     108  mifare.o(.text)
    RF_ReadReg                               0x00002d04   ARM Code      76  mifare.o(.text)
    FM1715_Bus_Sel                           0x00002d50   ARM Code      88  mifare.o(.text)
    Init_FM1715                              0x00002da8   ARM Code     216  mifare.o(.text)
    InitICReader                             0x00002e80   ARM Code      52  mifare.o(.text)
    Read_FIFO                                0x00002eb4   ARM Code     176  mifare.o(.text)
    RF_WriteFIFO                             0x00002f64   ARM Code      92  mifare.o(.text)
    Clear_FIFO                               0x00002fc0   ARM Code      92  mifare.o(.text)
    Reset_Reader_TimeOut                     0x0000301c   ARM Code      48  mifare.o(.text)
    Command_Send                             0x0000304c   ARM Code     352  mifare.o(.text)
    Judge_Req                                0x000031ac   ARM Code      12  mifare.o(.text)
    MIF_Halt                                 0x000031b8   ARM Code     176  mifare.o(.text)
    Request                                  0x00003268   ARM Code     192  mifare.o(.text)
    Set_BitFraming                           0x00003328   ARM Code     520  mifare.o(.text)
    Check_UID                                0x00003530   ARM Code      64  mifare.o(.text)
    Save_UID                                 0x00003570   ARM Code     364  mifare.o(.text)
    AntiColl                                 0x000036dc   ARM Code     420  mifare.o(.text)
    Select_Card                              0x00003880   ARM Code     272  mifare.o(.text)
    ReadICCardUID                            0x00003990   ARM Code     140  mifare.o(.text)
    Authentication                           0x00003a1c   ARM Code     444  mifare.o(.text)
    MIF_ReadBlock                            0x00003bd8   ARM Code     252  mifare.o(.text)
    MIF_WriteBlock                           0x00003cd4   ARM Code     384  mifare.o(.text)
    M500PiccAuthState                        0x00003e54   ARM Code     200  mifare.o(.text)
    M500PiccAuthKey                          0x00003f1c   ARM Code     144  mifare.o(.text)
    M500HostCodeKey                          0x00003fac   ARM Code      96  mifare.o(.text)
    M500PiccAuthOK                           0x0000400c   ARM Code     108  mifare.o(.text)
    HL_Active                                0x00004078   ARM Code     180  mifare.o(.text)
    MIF_ReadCards                            0x0000412c   ARM Code     300  mifare.o(.text)
    MIF_ReadCard                             0x00004258   ARM Code     136  mifare.o(.text)
    MIF_ReadCard2                            0x000042e0   ARM Code     160  mifare.o(.text)
    MIF_ReadCard3                            0x00004380   ARM Code     184  mifare.o(.text)
    MIF_WriteCard                            0x00004438   ARM Code     136  mifare.o(.text)
    MIF_WriteCards                           0x000044c0   ARM Code     288  mifare.o(.text)
    MIF_InitPurse                            0x000045e0   ARM Code     196  mifare.o(.text)
    MIF_Transfer                             0x000046a4   ARM Code     272  mifare.o(.text)
    MIF_Value                                0x000047b4   ARM Code     344  mifare.o(.text)
    MIF_Purse                                0x0000490c   ARM Code     168  mifare.o(.text)
    CPU_RATS                                 0x000049b4   ARM Code     800  mifare.o(.text)
    CpuCard_Apdu                             0x00004cd4   ARM Code    2652  mifare.o(.text)
    ResetCard_A                              0x00005730   ARM Code     140  mifare.o(.text)
    Deselect_A                               0x000057bc   ARM Code     100  mifare.o(.text)
    SetRTCType                               0x00005820   ARM Code      12  rtc.o(.text)
    InitWatchDog                             0x0000582c   ARM Code      76  rtc.o(.text)
    IntiAlarmTimer                           0x00005878   ARM Code     108  rtc.o(.text)
    SetAlarmTime                             0x000058e4   ARM Code     180  rtc.o(.text)
    CheckAlarmTimeAndReset                   0x00005998   ARM Code      76  rtc.o(.text)
    RTCInit                                  0x000059e4   ARM Code      76  rtc.o(.text)
    GetTime                                  0x00005a30   ARM Code     576  rtc.o(.text)
    SetTime                                  0x00005c70   ARM Code     608  rtc.o(.text)
    GetTick                                  0x00005ed0   ARM Code      64  rtc.o(.text)
    GetPause                                 0x00005f10   ARM Code      48  rtc.o(.text)
    GetTickCount                             0x00005f40   ARM Code      32  rtc.o(.text)
    FlashTimeOut                             0x00005f80   ARM Code      84  m25pe16.o(.text)
    SF_Init                                  0x00006090   ARM Code      16  m25pe16.o(.text)
    ConfigureSpiMaster                       0x000060a0   ARM Code      76  m25pe16.o(.text)
    FlashWriteEnable                         0x000061a4   ARM Code      56  m25pe16.o(.text)
    FlashWriteDisable                        0x000061dc   ARM Code      56  m25pe16.o(.text)
    FlashReadDeviceIdentification            0x00006214   ARM Code     156  m25pe16.o(.text)
    FlashReadManufacturerIdentification      0x000062b0   ARM Code     112  m25pe16.o(.text)
    FlashReadStatusRegister                  0x00006320   ARM Code      92  m25pe16.o(.text)
    IsFlashBusy                              0x0000637c   ARM Code      44  m25pe16.o(.text)
    FlashRead                                0x000063a8   ARM Code     132  m25pe16.o(.text)
    FlashFastRead                            0x0000642c   ARM Code     136  m25pe16.o(.text)
    SF_ReadContinuous                        0x000064b4   ARM Code     136  m25pe16.o(.text)
    FlashPageWrite                           0x0000653c   ARM Code     220  m25pe16.o(.text)
    FlashPageProgram                         0x00006618   ARM Code     220  m25pe16.o(.text)
    FlashPageErase                           0x000066f4   ARM Code     176  m25pe16.o(.text)
    FlashSectorErase                         0x000067a4   ARM Code     172  m25pe16.o(.text)
    FlashBulkErase                           0x00006850   ARM Code     136  m25pe16.o(.text)
    FlashDeepPowerDown                       0x000068d8   ARM Code      76  m25pe16.o(.text)
    FlashReleaseFromDeepPowerDown            0x00006924   ARM Code      56  m25pe16.o(.text)
    FlashWrite                               0x0000695c   ARM Code     180  m25pe16.o(.text)
    FlashProgram                             0x00006a10   ARM Code     180  m25pe16.o(.text)
    FlashReadLockRegister                    0x00006ac4   ARM Code     128  m25pe16.o(.text)
    FlashWriteLockRegister                   0x00006b44   ARM Code     140  m25pe16.o(.text)
    SF_Read                                  0x00006bd0   ARM Code      68  m25pe16.o(.text)
    SF_Write                                 0x00006c14   ARM Code     112  m25pe16.o(.text)
    SF_ErasePage                             0x00006c84   ARM Code      44  m25pe16.o(.text)
    PrintString                              0x00006d50   ARM Code      76  printer.o(.text)
    Init_Printer                             0x00006d9c   ARM Code      80  printer.o(.text)
    __InitTimer                              0x000071f0   ARM Code     140  timer.o(.text)
    InitTimer                                0x0000727c   ARM Code     100  timer.o(.text)
    SetTimer                                 0x000072e0   ARM Code     160  timer.o(.text)
    KillTimer                                0x00007380   ARM Code     136  timer.o(.text)
    __SetTimer                               0x00007408   ARM Code     116  timer.o(.text)
    __KillTimer                              0x0000747c   ARM Code      88  timer.o(.text)
    __SetSoftTimer                           0x000074d4   ARM Code     112  timer.o(.text)
    __KillSoftTimer                          0x00007544   ARM Code      52  timer.o(.text)
    I2C_Init                                 0x000078d8   ARM Code      56  iic.o(.text)
    I2C_ReadByte                             0x00007910   ARM Code     184  iic.o(.text)
    I2C_WriteByte                            0x000079c8   ARM Code     136  iic.o(.text)
    IOControlMode                            0x00007a54   ARM Code      88  pca9554.o(.text)
    Open_Or_CloseBeen                        0x00007aac   ARM Code     100  pca9554.o(.text)
    Open_Or_Close_Lock                       0x00007b10   ARM Code     176  pca9554.o(.text)
    IRQ_Exception                            0x00007bc4   ARM Code       8  target.o(.text)
    FIQ_Exception                            0x00007bcc   ARM Code       8  target.o(.text)
    TargetInit                               0x00007bd4   ARM Code       4  target.o(.text)
    TargetResetInit                          0x00007bd8   ARM Code     144  target.o(.text)
    __rt_div0                                0x00007c68   ARM Code      16  target.o(.text)
    fputc                                    0x00007c78   ARM Code      20  target.o(.text)
    fgetc                                    0x00007c8c   ARM Code      16  target.o(.text)
    _sys_close                               0x00007c9c   ARM Code      16  target.o(.text)
    _sys_write                               0x00007cac   ARM Code      28  target.o(.text)
    _sys_read                                0x00007cc8   ARM Code      28  target.o(.text)
    _ttywrch                                 0x00007ce4   ARM Code       8  target.o(.text)
    _sys_istty                               0x00007cec   ARM Code      16  target.o(.text)
    _sys_seek                                0x00007cfc   ARM Code      16  target.o(.text)
    _sys_ensure                              0x00007d0c   ARM Code      16  target.o(.text)
    _sys_flen                                0x00007d1c   ARM Code      16  target.o(.text)
    _sys_tmpnam                              0x00007d2c   ARM Code      24  target.o(.text)
    _sys_exit                                0x00007d44   ARM Code       8  target.o(.text)
    _sys_command_string                      0x00007d4c   ARM Code      20  target.o(.text)
    __semihosting$guard                      0x00007d64   ARM Code       0  use_no_semi.o(.text)
    __use_no_semihosting_swi                 0x00007d64   ARM Code       4  use_no_semi.o(.text)
    Inline ARM to Thumb Veneer to malloc     0x00007d68   ARM Code       8  h1_alloc.o(.text)
    malloc                                   0x00007d71   Thumb Code   116  h1_alloc.o(.text)
    Inline ARM to Thumb Veneer to free       0x00007de4   ARM Code       8  h1_free.o(.text)
    free                                     0x00007ded   Thumb Code    84  h1_free.o(.text)
    Inline ARM to Thumb Veneer to __2sprintf 0x00007e40   ARM Code       8  noretval__2sprintf.o(.text)
    __2sprintf                               0x00007e49   Thumb Code    36  noretval__2sprintf.o(.text)
    _printf_pre_padding                      0x00007e71   Thumb Code    48  _printf_pad.o(.text)
    _printf_post_padding                     0x00007ea1   Thumb Code    36  _printf_pad.o(.text)
    Inline ARM to Thumb Veneer to _printf_int_dec 0x00007ec4   ARM Code       8  _printf_dec.o(.text)
    _printf_int_dec                          0x00007ecd   Thumb Code    94  _printf_dec.o(.text)
    Inline ARM to Thumb Veneer to _printf_int_hex 0x00007f3c   ARM Code       8  _printf_hex_int.o(.text)
    _printf_int_hex                          0x00007f45   Thumb Code    88  _printf_hex_int.o(.text)
    _printf_longlong_hex                     0x00007f45   Thumb Code     0  _printf_hex_int.o(.text)
    __printf                                 0x00007fa1   Thumb Code   332  __printf_flags_wp.o(.text)
    Inline ARM to Thumb Veneer to memcmp     0x000080f0   ARM Code       8  memcmp.o(.text)
    memcmp                                   0x000080f9   Thumb Code   118  memcmp.o(.text)
    Inline ARM to Thumb Veneer to strcpy     0x00008170   ARM Code       8  strcpy.o(.text)
    strcpy                                   0x00008179   Thumb Code    74  strcpy.o(.text)
    Inline ARM to Thumb Veneer to strlen     0x000081c8   ARM Code       8  strlen.o(.text)
    strlen                                   0x000081d1   Thumb Code    64  strlen.o(.text)
    __aeabi_memcpy                           0x00008214   ARM Code       0  rt_memcpy.o(.text)
    __rt_memcpy                              0x00008214   ARM Code     212  rt_memcpy.o(.text)
    _memcpy_lastbytes                        0x000082c8   ARM Code       0  rt_memcpy.o(.text)
    __aeabi_memcpy4                          0x000082e8   ARM Code       0  rt_memcpy_w.o(.text)
    __aeabi_memcpy8                          0x000082e8   ARM Code       0  rt_memcpy_w.o(.text)
    __rt_memcpy_w                            0x000082e8   ARM Code     100  rt_memcpy_w.o(.text)
    _memcpy_lastbytes_aligned                0x00008334   ARM Code       0  rt_memcpy_w.o(.text)
    __aeabi_memset                           0x0000834c   ARM Code      16  aeabi_memset.o(.text)
    __aeabi_memclr4                          0x0000835c   ARM Code       0  rt_memclr_w.o(.text)
    __aeabi_memclr8                          0x0000835c   ARM Code       0  rt_memclr_w.o(.text)
    __rt_memclr_w                            0x0000835c   ARM Code      84  rt_memclr_w.o(.text)
    _memset_w                                0x00008360   ARM Code       0  rt_memclr_w.o(.text)
    __aeabi_idiv                             0x000083b0   ARM Code       0  aeabi_sdiv.o(.text)
    __aeabi_idivmod                          0x000083b0   ARM Code     384  aeabi_sdiv.o(.text)
    Inline Thumb to ARM Veneer to __rt_heap_descriptor 0x00008531   Thumb Code     4  rt_heap_descriptor_intlibspace.o(.text)
    __rt_heap_descriptor                     0x00008534   ARM Code      16  rt_heap_descriptor_intlibspace.o(.text)
    __use_no_heap                            0x00008545   Thumb Code     2  hguard.o(.text)
    __heap$guard                             0x00008547   Thumb Code     2  hguard.o(.text)
    _terminate_user_alloc                    0x00008549   Thumb Code     2  init_alloc.o(.text)
    _init_user_alloc                         0x0000854b   Thumb Code     2  init_alloc.o(.text)
    __Heap_Full                              0x0000854d   Thumb Code    36  init_alloc.o(.text)
    __Heap_Broken                            0x00008571   Thumb Code    14  init_alloc.o(.text)
    _init_alloc                              0x0000857f   Thumb Code    94  init_alloc.o(.text)
    __Heap_Initialize                        0x000085dd   Thumb Code    10  h1_init.o(.text)
    __Heap_DescSize                          0x000085e7   Thumb Code     4  h1_init.o(.text)
    _printf_int_common                       0x000085eb   Thumb Code   182  _printf_intcommon.o(.text)
    _printf_char_common                      0x000086ab   Thumb Code    34  _printf_char_common.o(.text)
    _sputc                                   0x000086d1   Thumb Code    10  _sputc.o(.text)
    __aeabi_memclr                           0x000086dc   ARM Code       0  rt_memclr.o(.text)
    __rt_memclr                              0x000086dc   ARM Code      64  rt_memclr.o(.text)
    _memset                                  0x000086e0   ARM Code       0  rt_memclr.o(.text)
    Inline Thumb to ARM Veneer to __rt_udiv10 0x0000871d   Thumb Code     4  rtudiv10.o(.text)
    __rt_udiv10                              0x00008720   ARM Code      44  rtudiv10.o(.text)
    __user_libspace                          0x0000874c   ARM Code      12  libspace.o(.text)
    __user_perproc_libspace                  0x0000874c   ARM Code       0  libspace.o(.text)
    __user_perthread_libspace                0x0000874c   ARM Code       0  libspace.o(.text)
    __Heap_ProvideMemory                     0x00008759   Thumb Code    56  h1_extend.o(.text)
    __rt_SIGRTMEM                            0x00008791   Thumb Code    16  defsig_rtmem_outer.o(.text)
    __rt_heap_escrow                         0x000087a1   Thumb Code    22  heapauxa.o(.text)
    __rt_heap_expand                         0x000087b7   Thumb Code    50  heapauxa.o(.text)
    __user_setup_stackheap                   0x000087ec   ARM Code      96  sys_stackheap_outer.o(.text)
    exit                                     0x0000884d   Thumb Code    12  exit.o(.text)
    __sig_exit                               0x00008859   Thumb Code    16  defsig_exit.o(.text)
    __rt_SIGRTMEM_inner                      0x00008869   Thumb Code    24  defsig_rtmem_inner.o(.text)
    __default_signal_display                 0x000088b9   Thumb Code    56  defsig_general.o(.text)
    __rt_fp_status_addr                      0x000088f0   ARM Code      16  rt_fp_status_addr_intlibspace.o(.text)
    __aeabi_uidiv                            0x00008900   ARM Code       0  aeabi_sdiv.o(.text_udiv)
    __aeabi_uidivmod                         0x00008900   ARM Code      36  aeabi_sdiv.o(.text_udiv)
    Short Thumb to ARM Veneer to _sys_exit   0x00008925   Thumb Code     8  anon$$obj.o(Veneer$$Code)
    Short Thumb to ARM Veneer to _ttywrch    0x0000892d   Thumb Code     8  anon$$obj.o(Veneer$$Code)
    __ARM_common_call_via_r1                 0x00008935   Thumb Code     2  __printf.o(i.__ARM_common_call_via_r1)
    __ARM_common_call_via_r2                 0x00008937   Thumb Code     2  __printf.o(i.__ARM_common_call_via_r2)
    Inline Thumb to ARM Veneer to _fp_init   0x00008939   Thumb Code     4  fpinit.o(x$fpl$fpinit)
    _fp_init                                 0x0000893c   ARM Code      24  fpinit.o(x$fpl$fpinit)
    __fplib_config_pureend_doubles           0x0000894c   ARM Code       0  fpinit.o(x$fpl$fpinit)
    Region$$Table$$Base                      0x00008990   Number         0  anon$$obj.o(Region$$Table)
    Region$$Table$$Limit                     0x000089b0   Number         0  anon$$obj.o(Region$$Table)
    nCode                                    0x40000000   Data           2  main.o(.data)
    gSysTime                                 0x40000002   Data           8  main.o(.data)
    cBeep                                    0x4000020c   Data           1  board.o(.data)
    bBeep                                    0x4000020d   Data           1  board.o(.data)
    GetKey                                   0x40000210   Data           4  board.o(.data)
    KeyInit                                  0x40000214   Data           4  board.o(.data)
    Print                                    0x40000218   Data           4  board.o(.data)
    DispInit                                 0x4000021c   Data           4  board.o(.data)
    CLS                                      0x40000220   Data           4  board.o(.data)
    Init_Reader                              0x40000224   Data           4  board.o(.data)
    ReadCardUID                              0x40000228   Data           4  board.o(.data)
    IsBeep                                   0x4000022d   Data           1  hd7279a.o(.data)
    gcFIFOLen                                0x40000238   Data           1  mifare.o(.data)
    gcUID                                    0x4000024f   Data           5  mifare.o(.data)
    gcTagType                                0x40000254   Data           2  mifare.o(.data)
    glPrevIDBak                              0x40000258   Data           4  mifare.o(.data)
    gcSecnr                                  0x4000025c   Data           1  mifare.o(.data)
    gcCardSeriel                             0x4000025d   Data           4  mifare.o(.data)
    gcComBuf                                 0x40000288   Data        1024  main.o(.bss)
    sp_main_ctx                              0x40000688   Data         500  main.o(.bss)
    sCOMInfo                                 0x4000087c   Data        2096  comm.o(.bss)
    DisplayMSG                               0x400010ac   Data          32  hd7279a.o(.bss)
    __libspace_start                         0x4000122c   Data          96  libspace.o(.bss)
    __temporary_stack_top$libspace           0x4000128c   Data           0  libspace.o(.bss)
    bottom_of_heap                           0x4000168c   Data        1024  Startup.o(Heap)
    StackUsr                                 0x40004000   Data           0  Startup.o(Stacks)



==============================================================================

Memory Map of the image

  Image Entry point : 0x00000000

  Load Region ROM_LOAD (Base: 0x00000000, Size: 0x00008c38, Max: 0xffffffff, ABSOLUTE, COMPRESSED[0x00008bc8])

    Execution Region ROM_EXEC (Base: 0x00000000, Size: 0x000089b0, Max: 0xffffffff, ABSOLUTE)

    Base Addr    Size         Type   Attr      Idx    E Section Name        Object

    0x00000000   0x00000124   Code   RO          181  * vectors             HD6P_Lib.lib(Startup.o)(HD6P_Lib.lib)
    0x00000124   0x00000008   Code   RO          343  * !!!main             c_t.l(__main.o)(c_t.l)
    0x0000012c   0x0000003c   Code   RO          566    !!!scatter          c_t.l(__scatter.o)(c_t.l)
    0x00000168   0x00000044   Code   RO          564    !!dczerorl          c_t.l(__dczerorl.o)(c_t.l)
    0x000001ac   0x0000002c   Code   RO          568    !!handler_zi        c_t.l(__scatter_zi.o)(c_t.l)
    0x000001d8   0x00000004   Ven    RO          312    .ARM.Collect$$_printf_percent$$00000000  c_t.l(_printf_percent.o)(c_t.l)
    0x000001dc   0x00000000   Code   RO          312    .ARM.Collect$$_printf_percent$$00000000  c_t.l(_printf_percent.o)(c_t.l)
    0x000001dc   0x00000008   Code   RO          311    .ARM.Collect$$_printf_percent$$00000009  c_t.l(_printf_d.o)(c_t.l)
    0x000001e4   0x00000008   Code   RO          310    .ARM.Collect$$_printf_percent$$0000000C  c_t.l(_printf_x.o)(c_t.l)
    0x000001ec   0x00000008   Code   RO          384    .ARM.Collect$$_printf_percent$$00000017  c_t.l(_printf_percent_end.o)(c_t.l)
    0x000001f4   0x00000008   Ven    RO          500    .ARM.Collect$$libinit$$00000000  c_t.l(libinit.o)(c_t.l)
    0x000001fc   0x00000006   Code   RO          500    .ARM.Collect$$libinit$$00000000  c_t.l(libinit.o)(c_t.l)
    0x00000202   0x00000008   Code   RO          391    .ARM.Collect$$libinit$$00000001  c_t.l(libinit2.o)(c_t.l)
    0x0000020a   0x00000000   Code   RO          393    .ARM.Collect$$libinit$$00000006  c_t.l(libinit2.o)(c_t.l)
    0x0000020a   0x00000000   Code   RO          395    .ARM.Collect$$libinit$$00000008  c_t.l(libinit2.o)(c_t.l)
    0x0000020a   0x00000000   Code   RO          397    .ARM.Collect$$libinit$$0000000A  c_t.l(libinit2.o)(c_t.l)
    0x0000020a   0x00000000   Code   RO          400    .ARM.Collect$$libinit$$0000000D  c_t.l(libinit2.o)(c_t.l)
    0x0000020a   0x00000000   Code   RO          402    .ARM.Collect$$libinit$$0000000F  c_t.l(libinit2.o)(c_t.l)
    0x0000020a   0x00000000   Code   RO          404    .ARM.Collect$$libinit$$00000011  c_t.l(libinit2.o)(c_t.l)
    0x0000020a   0x00000000   Code   RO          406    .ARM.Collect$$libinit$$00000013  c_t.l(libinit2.o)(c_t.l)
    0x0000020a   0x00000000   Code   RO          408    .ARM.Collect$$libinit$$00000015  c_t.l(libinit2.o)(c_t.l)
    0x0000020a   0x00000000   Code   RO          410    .ARM.Collect$$libinit$$00000017  c_t.l(libinit2.o)(c_t.l)
    0x0000020a   0x00000000   Code   RO          412    .ARM.Collect$$libinit$$00000019  c_t.l(libinit2.o)(c_t.l)
    0x0000020a   0x00000000   Code   RO          414    .ARM.Collect$$libinit$$0000001B  c_t.l(libinit2.o)(c_t.l)
    0x0000020a   0x00000000   Code   RO          416    .ARM.Collect$$libinit$$0000001D  c_t.l(libinit2.o)(c_t.l)
    0x0000020a   0x00000000   Code   RO          418    .ARM.Collect$$libinit$$0000001F  c_t.l(libinit2.o)(c_t.l)
    0x0000020a   0x00000000   Code   RO          420    .ARM.Collect$$libinit$$00000021  c_t.l(libinit2.o)(c_t.l)
    0x0000020a   0x00000000   Code   RO          424    .ARM.Collect$$libinit$$00000028  c_t.l(libinit2.o)(c_t.l)
    0x0000020a   0x00000000   Code   RO          426    .ARM.Collect$$libinit$$0000002A  c_t.l(libinit2.o)(c_t.l)
    0x0000020a   0x00000000   Code   RO          428    .ARM.Collect$$libinit$$0000002C  c_t.l(libinit2.o)(c_t.l)
    0x0000020a   0x00000000   Code   RO          430    .ARM.Collect$$libinit$$0000002E  c_t.l(libinit2.o)(c_t.l)
    0x0000020a   0x0000000c   Code   RO          431    .ARM.Collect$$libinit$$0000002F  c_t.l(libinit2.o)(c_t.l)
    0x00000216   0x00000002   PAD
    0x00000218   0x00000008   Ven    RO          561    .ARM.Collect$$libshutdown$$00000000  c_t.l(libshutdown.o)(c_t.l)
    0x00000220   0x00000004   Code   RO          561    .ARM.Collect$$libshutdown$$00000000  c_t.l(libshutdown.o)(c_t.l)
    0x00000224   0x00000000   Code   RO          513    .ARM.Collect$$libshutdown$$00000003  c_t.l(libshutdown2.o)(c_t.l)
    0x00000224   0x00000000   Code   RO          516    .ARM.Collect$$libshutdown$$00000006  c_t.l(libshutdown2.o)(c_t.l)
    0x00000224   0x00000000   Code   RO          519    .ARM.Collect$$libshutdown$$00000009  c_t.l(libshutdown2.o)(c_t.l)
    0x00000224   0x00000000   Code   RO          521    .ARM.Collect$$libshutdown$$0000000B  c_t.l(libshutdown2.o)(c_t.l)
    0x00000224   0x00000000   Code   RO          524    .ARM.Collect$$libshutdown$$0000000E  c_t.l(libshutdown2.o)(c_t.l)
    0x00000224   0x00000006   Code   RO          525    .ARM.Collect$$libshutdown$$0000000F  c_t.l(libshutdown2.o)(c_t.l)
    0x0000022a   0x00000002   PAD
    0x0000022c   0x00000000   Code   RO          347    .ARM.Collect$$rtentry$$00000000  c_t.l(rtentry.o)(c_t.l)
    0x0000022c   0x00000000   Code   RO          436    .ARM.Collect$$rtentry$$00000002  c_t.l(rtentry2.o)(c_t.l)
    0x0000022c   0x00000008   Code   RO          451    .ARM.Collect$$rtentry$$00000004  c_t.l(rtentry4.o)(c_t.l)
    0x00000234   0x00000000   Code   RO          438    .ARM.Collect$$rtentry$$00000009  c_t.l(rtentry2.o)(c_t.l)
    0x00000234   0x00000004   Code   RO          439    .ARM.Collect$$rtentry$$0000000A  c_t.l(rtentry2.o)(c_t.l)
    0x00000238   0x00000000   Code   RO          441    .ARM.Collect$$rtentry$$0000000C  c_t.l(rtentry2.o)(c_t.l)
    0x00000238   0x00000028   Code   RO          442    .ARM.Collect$$rtentry$$0000000D  c_t.l(rtentry2.o)(c_t.l)
    0x00000260   0x00000004   Ven    RO          501    .ARM.Collect$$rtexit$$00000000  c_t.l(rtexit.o)(c_t.l)
    0x00000264   0x00000004   Code   RO          501    .ARM.Collect$$rtexit$$00000000  c_t.l(rtexit.o)(c_t.l)
    0x00000268   0x00000000   Code   RO          529    .ARM.Collect$$rtexit$$00000002  c_t.l(rtexit2.o)(c_t.l)
    0x00000268   0x00000004   Code   RO          530    .ARM.Collect$$rtexit$$00000003  c_t.l(rtexit2.o)(c_t.l)
    0x0000026c   0x00000008   Code   RO          531    .ARM.Collect$$rtexit$$00000004  c_t.l(rtexit2.o)(c_t.l)
    0x00000274   0x00000000   Code   RO          455    .emb_text           c_t.l(maybetermalloc1.o)(c_t.l)
    0x00000274   0x0000024c   Code   RO            1    .text               main.o
    0x000004c0   0x000002c0   Code   RO          121    .text               menu.o
    0x00000780   0x000002ec   Code   RO          133    .text               sp_info.o
    0x00000a6c   0x00000284   Code   RO          147    .text               HD6P_Lib.lib(board.o)(HD6P_Lib.lib)
    0x00000cf0   0x00000814   Code   RO          150    .text               HD6P_Lib.lib(comm.o)(HD6P_Lib.lib)
    0x00001504   0x00000c08   Code   RO          153    .text               HD6P_Lib.lib(hd7279a.o)(HD6P_Lib.lib)
    0x0000210c   0x00000a98   Code   RO          157    .text               HD6P_Lib.lib(lcd.o)(HD6P_Lib.lib)
    0x00002ba4   0x00002c7c   Code   RO          160    .text               HD6P_Lib.lib(mifare.o)(HD6P_Lib.lib)
    0x00005820   0x00000760   Code   RO          164    .text               HD6P_Lib.lib(rtc.o)(HD6P_Lib.lib)
    0x00005f80   0x00000d48   Code   RO          167    .text               HD6P_Lib.lib(m25pe16.o)(HD6P_Lib.lib)
    0x00006cc8   0x0000012c   Code   RO          170    .text               HD6P_Lib.lib(printer.o)(HD6P_Lib.lib)
    0x00006df4   0x000007b8   Code   RO          172    .text               HD6P_Lib.lib(timer.o)(HD6P_Lib.lib)
    0x000075ac   0x000004a8   Code   RO          176    .text               HD6P_Lib.lib(iic.o)(HD6P_Lib.lib)
    0x00007a54   0x00000170   Code   RO          178    .text               HD6P_Lib.lib(pca9554.o)(HD6P_Lib.lib)
    0x00007bc4   0x000001a0   Code   RO          185    .text               HD6P_Lib.lib(target.o)(HD6P_Lib.lib)
    0x00007d64   0x00000004   Code   RO          189    .text               c_t.l(use_no_semi.o)(c_t.l)
    0x00007d68   0x00000008   Ven    RO          195    .text               c_t.l(h1_alloc.o)(c_t.l)
    0x00007d70   0x00000074   Code   RO          195    .text               c_t.l(h1_alloc.o)(c_t.l)
    0x00007de4   0x00000008   Ven    RO          197    .text               c_t.l(h1_free.o)(c_t.l)
    0x00007dec   0x00000054   Code   RO          197    .text               c_t.l(h1_free.o)(c_t.l)
    0x00007e40   0x00000008   Ven    RO          259    .text               c_t.l(noretval__2sprintf.o)(c_t.l)
    0x00007e48   0x00000028   Code   RO          259    .text               c_t.l(noretval__2sprintf.o)(c_t.l)
    0x00007e70   0x00000054   Code   RO          267    .text               c_t.l(_printf_pad.o)(c_t.l)
    0x00007ec4   0x00000008   Ven    RO          269    .text               c_t.l(_printf_dec.o)(c_t.l)
    0x00007ecc   0x00000070   Code   RO          269    .text               c_t.l(_printf_dec.o)(c_t.l)
    0x00007f3c   0x00000008   Ven    RO          274    .text               c_t.l(_printf_hex_int.o)(c_t.l)
    0x00007f44   0x0000005c   Code   RO          274    .text               c_t.l(_printf_hex_int.o)(c_t.l)
    0x00007fa0   0x00000150   Code   RO          302    .text               c_t.l(__printf_flags_wp.o)(c_t.l)
    0x000080f0   0x00000008   Ven    RO          313    .text               c_t.l(memcmp.o)(c_t.l)
    0x000080f8   0x00000076   Code   RO          313    .text               c_t.l(memcmp.o)(c_t.l)
    0x0000816e   0x00000002   PAD
    0x00008170   0x00000008   Ven    RO          315    .text               c_t.l(strcpy.o)(c_t.l)
    0x00008178   0x00000050   Code   RO          315    .text               c_t.l(strcpy.o)(c_t.l)
    0x000081c8   0x00000008   Ven    RO          317    .text               c_t.l(strlen.o)(c_t.l)
    0x000081d0   0x00000044   Code   RO          317    .text               c_t.l(strlen.o)(c_t.l)
    0x00008214   0x000000d4   Code   RO          319    .text               c_t.l(rt_memcpy.o)(c_t.l)
    0x000082e8   0x00000064   Code   RO          321    .text               c_t.l(rt_memcpy_w.o)(c_t.l)
    0x0000834c   0x00000010   Code   RO          323    .text               c_t.l(aeabi_memset.o)(c_t.l)
    0x0000835c   0x00000054   Code   RO          325    .text               c_t.l(rt_memclr_w.o)(c_t.l)
    0x000083b0   0x00000180   Code   RO          327    .text               c_t.l(aeabi_sdiv.o)(c_t.l)
    0x00008530   0x00000004   Ven    RO          356    .text               c_t.l(rt_heap_descriptor_intlibspace.o)(c_t.l)
    0x00008534   0x00000010   Code   RO          356    .text               c_t.l(rt_heap_descriptor_intlibspace.o)(c_t.l)
    0x00008544   0x00000004   Code   RO          358    .text               c_t.l(hguard.o)(c_t.l)
    0x00008548   0x00000094   Code   RO          360    .text               c_t.l(init_alloc.o)(c_t.l)
    0x000085dc   0x0000000e   Code   RO          364    .text               c_t.l(h1_init.o)(c_t.l)
    0x000085ea   0x000000b6   Code   RO          378    .text               c_t.l(_printf_intcommon.o)(c_t.l)
    0x000086a0   0x00000030   Code   RO          380    .text               c_t.l(_printf_char_common.o)(c_t.l)
    0x000086d0   0x0000000a   Code   RO          382    .text               c_t.l(_sputc.o)(c_t.l)
    0x000086da   0x00000002   PAD
    0x000086dc   0x00000040   Code   RO          385    .text               c_t.l(rt_memclr.o)(c_t.l)
    0x0000871c   0x00000004   Ven    RO          387    .text               c_t.l(rtudiv10.o)(c_t.l)
    0x00008720   0x0000002c   Code   RO          387    .text               c_t.l(rtudiv10.o)(c_t.l)
    0x0000874c   0x0000000c   Code   RO          432    .text               c_t.l(libspace.o)(c_t.l)
    0x00008758   0x00000038   Code   RO          459    .text               c_t.l(h1_extend.o)(c_t.l)
    0x00008790   0x00000010   Code   RO          467    .text               c_t.l(defsig_rtmem_outer.o)(c_t.l)
    0x000087a0   0x0000004c   Code   RO          471    .text               c_t.l(heapauxa.o)(c_t.l)
    0x000087ec   0x00000060   Code   RO          478    .text               c_t.l(sys_stackheap_outer.o)(c_t.l)
    0x0000884c   0x0000000c   Code   RO          484    .text               c_t.l(exit.o)(c_t.l)
    0x00008858   0x00000010   Code   RO          486    .text               c_t.l(defsig_exit.o)(c_t.l)
    0x00008868   0x00000050   Code   RO          488    .text               c_t.l(defsig_rtmem_inner.o)(c_t.l)
    0x000088b8   0x00000038   Code   RO          509    .text               c_t.l(defsig_general.o)(c_t.l)
    0x000088f0   0x00000010   Code   RO          539    .text               c_t.l(rt_fp_status_addr_intlibspace.o)(c_t.l)
    0x00008900   0x00000024   Code   RO          328    .text_udiv          c_t.l(aeabi_sdiv.o)(c_t.l)
    0x00008924   0x00000008   Ven    RO          585    Veneer$$Code        anon$$obj.o
    0x0000892c   0x00000008   Ven    RO          586    Veneer$$Code        anon$$obj.o
    0x00008934   0x00000002   Code   RO          265    i.__ARM_common_call_via_r1  c_t.l(__printf.o)(c_t.l)
    0x00008936   0x00000002   Code   RO          263    i.__ARM_common_call_via_r2  c_t.l(__printf.o)(c_t.l)
    0x00008938   0x00000004   Ven    RO          526    x$fpl$fpinit        fz_ts.l(fpinit.o)(fz_ts.l)
    0x0000893c   0x00000018   Code   RO          526    x$fpl$fpinit        fz_ts.l(fpinit.o)(fz_ts.l)
    0x00008954   0x00000028   Data   RO          275    .constdata          c_t.l(_printf_hex_int.o)(c_t.l)
    0x0000897c   0x00000011   Data   RO          303    .constdata          c_t.l(__printf_flags_wp.o)(c_t.l)
    0x0000898d   0x00000003   PAD
    0x00008990   0x00000020   Data   RO          562    Region$$Table       anon$$obj.o


    Execution Region IRAM (Base: 0x40000000, Size: 0x0000168c, Max: 0xffffffff, ABSOLUTE, COMPRESSED[0x00000218])

    Base Addr    Size         Type   Attr      Idx    E Section Name        Object

    0x40000000   0x0000000a   Data   RW            3    .data               main.o
    0x4000000a   0x00000200   Data   RW          134    .data               sp_info.o
    0x4000020a   0x00000002   PAD
    0x4000020c   0x00000020   Data   RW          148    .data               HD6P_Lib.lib(board.o)(HD6P_Lib.lib)
    0x4000022c   0x00000003   Data   RW          155    .data               HD6P_Lib.lib(hd7279a.o)(HD6P_Lib.lib)
    0x4000022f   0x00000006   Data   RW          158    .data               HD6P_Lib.lib(lcd.o)(HD6P_Lib.lib)
    0x40000235   0x00000003   PAD
    0x40000238   0x0000002e   Data   RW          162    .data               HD6P_Lib.lib(mifare.o)(HD6P_Lib.lib)
    0x40000266   0x0000000a   Data   RW          165    .data               HD6P_Lib.lib(rtc.o)(HD6P_Lib.lib)
    0x40000270   0x00000004   Data   RW          168    .data               HD6P_Lib.lib(m25pe16.o)(HD6P_Lib.lib)
    0x40000274   0x0000000c   Data   RW          174    .data               HD6P_Lib.lib(timer.o)(HD6P_Lib.lib)
    0x40000280   0x00000001   Data   RW          179    .data               HD6P_Lib.lib(pca9554.o)(HD6P_Lib.lib)
    0x40000281   0x00000003   PAD
    0x40000284   0x00000004   Data   RW          472    .data               c_t.l(heapauxa.o)(c_t.l)
    0x40000288   0x000005f4   Zero   RW            2    .bss                main.o
    0x4000087c   0x00000830   Zero   RW          151    .bss                HD6P_Lib.lib(comm.o)(HD6P_Lib.lib)
    0x400010ac   0x00000020   Zero   RW          154    .bss                HD6P_Lib.lib(hd7279a.o)(HD6P_Lib.lib)
    0x400010cc   0x00000100   Zero   RW          161    .bss                HD6P_Lib.lib(mifare.o)(HD6P_Lib.lib)
    0x400011cc   0x00000060   Zero   RW          173    .bss                HD6P_Lib.lib(timer.o)(HD6P_Lib.lib)
    0x4000122c   0x00000060   Zero   RW          433    .bss                c_t.l(libspace.o)(c_t.l)
    0x4000128c   0x00000400   Zero   RW          182    MyStacks            HD6P_Lib.lib(Startup.o)(HD6P_Lib.lib)


    Execution Region HEAP (Base: 0x4000168c, Size: 0x00000400, Max: 0xffffffff, ABSOLUTE, UNINIT)

    Base Addr    Size         Type   Attr      Idx    E Section Name        Object

    0x4000168c   0x00000400   Zero   RW          183    Heap                HD6P_Lib.lib(Startup.o)(HD6P_Lib.lib)


    Execution Region STACKS (Base: 0x40004000, Size: 0x00000000, Max: 0xffffffff, ABSOLUTE, UNINIT)

    Base Addr    Size         Type   Attr      Idx    E Section Name        Object

    0x40004000   0x00000000   Zero   RW          184    Stacks              HD6P_Lib.lib(Startup.o)(HD6P_Lib.lib)


==============================================================================

Image component sizes


      Code (inc. data)   RO Data    RW Data    ZI Data      Debug   Object Name

         0          0          0          0          0          0   flash_store.o
       588         28          0         10       1524          0   main.o
       704         36          0          0          0          0   menu.o
       748        132          0        512          0          0   sp_info.o

    ----------------------------------------------------------------------
      2056        196         32        524       1524          0   Object Totals
        16          0         32          0          0          0   (incl. Generated)
         0          0          0          2          0          2   (incl. Padding)

    ----------------------------------------------------------------------

      Code (inc. data)   RO Data    RW Data    ZI Data      Debug   Library Member Name

       292         84          0          0       2048          0   Startup.o
       644         72          0         32          0          0   board.o
      2068         64          0          0       2096          0   comm.o
      3080         44          0          3         32          0   hd7279a.o
      1192          4          0          0          0          0   iic.o
      2712         36          0          6          0          0   lcd.o
      3400         24          0          4          0          0   m25pe16.o
     11388         76          0         46        256          0   mifare.o
       368          4          0          1          0          0   pca9554.o
       300          8          0          0          0          0   printer.o
      1888         32          0         10          0          0   rtc.o
       416          4          0          0          0          0   target.o
      1976         52          0         12         96          0   timer.o
        68          2          0          0          0          0   __dczerorl.o
         8          0          0          0          0          0   __main.o
         4          0          0          0          0          0   __printf.o
       336          4         17          0          0          0   __printf_flags_wp.o
        60          8          0          0          0          0   __scatter.o
        44          0          0          0          0          0   __scatter_zi.o
        48          4          0          0          0          0   _printf_char_common.o
         8          0          0          0          0          0   _printf_d.o
       120         18          0          0          0          0   _printf_dec.o
       100          4         40          0          0          0   _printf_hex_int.o
       182          0          0          0          0          0   _printf_intcommon.o
        84          0          0          0          0          0   _printf_pad.o
         4          0          0          0          0          0   _printf_percent.o
         8          0          0          0          0          0   _printf_percent_end.o
         8          0          0          0          0          0   _printf_x.o
        10          0          0          0          0          0   _sputc.o
        16          0          0          0          0          0   aeabi_memset.o
       420          0          0          0          0          0   aeabi_sdiv.o
        16          0          0          0          0          0   defsig_exit.o
        56          0          0          0          0          0   defsig_general.o
        80         56          0          0          0          0   defsig_rtmem_inner.o
        16          0          0          0          0          0   defsig_rtmem_outer.o
        12          0          0          0          0          0   exit.o
       124          0          0          0          0          0   h1_alloc.o
        56          0          0          0          0          0   h1_extend.o
        92          0          0          0          0          0   h1_free.o
        14          0          0          0          0          0   h1_init.o
        76          4          0          4          0          0   heapauxa.o
         4          0          0          0          0          0   hguard.o
       148          0          0          0          0          0   init_alloc.o
        14          0          0          0          0          0   libinit.o
        20          0          0          0          0          0   libinit2.o
        12          0          0          0          0          0   libshutdown.o
         6          0          0          0          0          0   libshutdown2.o
        12          4          0          0         96          0   libspace.o
         0          0          0          0          0          0   maybetermalloc1.o
       126          0          0          0          0          0   memcmp.o
        48          4          0          0          0          0   noretval__2sprintf.o
        16          4          0          0          0          0   rt_fp_status_addr_intlibspace.o
        20          4          0          0          0          0   rt_heap_descriptor_intlibspace.o
        64          0          0          0          0          0   rt_memclr.o
        84          0          0          0          0          0   rt_memclr_w.o
       212          0          0          0          0          0   rt_memcpy.o
       100          0          0          0          0          0   rt_memcpy_w.o
         0          0          0          0          0          0   rtentry.o
        44          4          0          0          0          0   rtentry2.o
         8          0          0          0          0          0   rtentry4.o
         8          0          0          0          0          0   rtexit.o
        12          0          0          0          0          0   rtexit2.o
        48          0          0          0          0          0   rtudiv10.o
        88          6          0          0          0          0   strcpy.o
        76          4          0          0          0          0   strlen.o
        96          0          0          0          0          0   sys_stackheap_outer.o
         4          0          0          0          0          0   use_no_semi.o
        28          0          0          0          0          0   fpinit.o

    ----------------------------------------------------------------------
     33100        634         60        124       4624          0   Library Totals
         8          0          3          6          0          0   (incl. Padding)

    ----------------------------------------------------------------------

      Code (inc. data)   RO Data    RW Data    ZI Data      Debug   Library Name

     29724        504          0        114       4528       7152   HD6P_Lib.lib
      3340        130         57          4         96       3292   c_t.l
        28          0          0          0          0         80   fz_ts.l

    ----------------------------------------------------------------------
     33100        634         60        124       4624          0   Library Totals

    ----------------------------------------------------------------------

==============================================================================


      Code (inc. data)   RO Data    RW Data    ZI Data      Debug   

     35156        830         92        648       6148      21864   Grand Totals
     35156        830         92        536       6148      21864   ELF Image Totals (compressed)
     35156        830         92        536          0          0   ROM Totals

==============================================================================

    Total RO  Size (Code + RO Data)                35248 (  34.42kB)
    Total RW  Size (RW Data + ZI Data)              6796 (   6.64kB)
    Total ROM Size (Code + RO Data + RW Data)      35784 (  34.95kB)

==============================================================================

