ARM Linker, 4.1 [Build 481] [Standard]

==============================================================================

Section Cross References

    main.o(.text) refers to sp_cardoper.o(.text) for sp_init_sam_card
    main.o(.text) refers to memcmp.o(.text) for memcmp
    main.o(.text) refers to rt_memcpy.o(.text) for __aeabi_memcpy
    main.o(.text) refers to sp_flash_impl.o(.text) for sp_write_syspara
    main.o(.text) refers to sp_disp.o(.text) for sp_disp_msg
    main.o(.text) refers to board.o(.text) for InitBoard
    main.o(.text) refers to sp_communicate.o(.text) for sp_InitCom
    main.o(.text) refers to sp_pubfunc.o(.text) for sp_check_context
    main.o(.text) refers to sp_menu.o(.text) for sp_menu_consume
    main.o(.text) refers to main.o(.constdata) for __FUNCTION__
    sp_flash_store.o(.text) refers to m25pe16.o(.text) for SF_Read
    sp_menu.o(.text) refers to sp_disp.o(.text) for sp_disp_msg
    sp_menu.o(.text) refers to sp_pubfunc.o(.text) for sp_get_key
    sp_menu.o(.text) refers to sp_consume.o(.text) for sp_pre_check
    sp_menu.o(.text) refers to rt_memclr_w.o(.text) for __aeabi_memclr4
    sp_menu.o(.text) refers to rt_memcpy_w.o(.text) for __aeabi_memcpy4
    sp_menu.o(.text) refers to sp_communicate.o(.text) for sp_send_struct
    sp_menu.o(.text) refers to sp_flash_impl.o(.text) for sp_disp_flash
    sp_menu.o(.text) refers to aeabi_sdiv.o(.text) for __aeabi_idivmod
    sp_menu.o(.text) refers to lcd.o(.text) for LcdCLS
    sp_menu.o(.text) refers to uread4.o(.text) for __aeabi_uread4
    sp_menu.o(.text) refers to sp_menu.o(.constdata) for .constdata
    sp_menu.o(.constdata) refers to sp_menu.o(.conststring) for .conststring
    sp_menu.o(.constdata) refers to sp_menu.o(.text) for do_menu_keep
    sp_cardoper.o(.text) refers to rt_memcpy.o(.text) for __aeabi_memcpy
    sp_cardoper.o(.text) refers to sp_pubfunc.o(.text) for sp_bcd_hex
    sp_cardoper.o(.text) refers to atoi.o(.text) for atoi
    sp_cardoper.o(.text) refers to uwrite4.o(.text) for __aeabi_uwrite4
    sp_cardoper.o(.text) refers to rfmod.o(.text) for sp_cpu_adpu_command
    sp_cardoper.o(.text) refers to sp_disp.o(.text) for sp_disp_msg
    sp_cardoper.o(.text) refers to rt_memclr_w.o(.text) for __aeabi_memclr4
    sp_cardoper.o(.text) refers to mifare.o(.text) for ReadICCardUID
    sp_cardoper.o(.text) refers to psam.o(.text) for Rst_Psam_Card
    sp_cardoper.o(.text) refers to sp_cardoper.o(.data) for last_cardphyid
    rfmod.o(.text) refers to psam.o(.text) for CosCommand
    rfmod.o(.text) refers to mifare.o(.text) for CpuCard_Apdu
    rfmod.o(.text) refers to sp_disp.o(.text) for sp_disp_msg
    sp_consume.o(.text) refers to _printf_pad.o(.text) for _printf_pre_padding
    sp_consume.o(.text) refers to _printf_percent.o(.ARM.Collect$$_printf_percent$$00000000) for _printf_percent
    sp_consume.o(.text) refers to _printf_x.o(.ARM.Collect$$_printf_percent$$0000000C) for _printf_x
    sp_consume.o(.text) refers to _printf_hex_int_ll_ptr.o(.text) for _printf_longlong_hex
    sp_consume.o(.text) refers to _printf_c.o(.ARM.Collect$$_printf_percent$$00000013) for _printf_c
    sp_consume.o(.text) refers to _printf_s.o(.ARM.Collect$$_printf_percent$$00000014) for _printf_s
    sp_consume.o(.text) refers to _printf_str.o(.text) for _printf_str
    sp_consume.o(.text) refers to _printf_d.o(.ARM.Collect$$_printf_percent$$00000009) for _printf_d
    sp_consume.o(.text) refers to _printf_dec.o(.text) for _printf_int_dec
    sp_consume.o(.text) refers to sp_pubfunc.o(.text) for sp_bitmap_transform
    sp_consume.o(.text) refers to sp_flash_store.o(.text) for sp_SF_Read
    sp_consume.o(.text) refers to memcmp.o(.text) for memcmp
    sp_consume.o(.text) refers to uread4.o(.text) for __aeabi_uread4
    sp_consume.o(.text) refers to uwrite4.o(.text) for __aeabi_uwrite4
    sp_consume.o(.text) refers to rt_memcpy.o(.text) for __aeabi_memcpy
    sp_consume.o(.text) refers to rt_memclr.o(.text) for __aeabi_memclr
    sp_consume.o(.text) refers to sp_flash_impl.o(.text) for sp_get_transno
    sp_consume.o(.text) refers to sp_cardoper.o(.text) for sp_request_card
    sp_consume.o(.text) refers to rfmod.o(.text) for sp_cpucard_poweron
    sp_consume.o(.text) refers to sp_disp.o(.text) for sp_disp_msg
    sp_consume.o(.text) refers to rt_memclr_w.o(.text) for __aeabi_memclr4
    sp_consume.o(.text) refers to rt_memcpy_w.o(.text) for __aeabi_memcpy4
    sp_consume.o(.text) refers to __2sprintf.o(.text) for __2sprintf
    sp_consume.o(.text) refers to strlen.o(.text) for strlen
    sp_consume.o(.text) refers to strcpy.o(.text) for strcpy
    sp_consume.o(.text) refers to strchr.o(.text) for strchr
    sp_pubfunc.o(.text) refers to _printf_percent.o(.ARM.Collect$$_printf_percent$$00000000) for _printf_percent
    sp_pubfunc.o(.text) refers to _printf_d.o(.ARM.Collect$$_printf_percent$$00000009) for _printf_d
[...]
    _printf_flags                            0x00000000   Number         0  printf_stubs.o ABSOLUTE
    _printf_return_value                     0x00000000   Number         0  printf_stubs.o ABSOLUTE
    _printf_sizespec                         0x00000000   Number         0  printf_stubs.o ABSOLUTE
    _printf_widthprec                        0x00000000   Number         0  printf_stubs.o ABSOLUTE
    __ARM_exceptions_init                     - Undefined Weak Reference
    __alloca_initialize                       - Undefined Weak Reference
    __cpp_initialize__aeabi_                  - Undefined Weak Reference
    __cxa_finalize                            - Undefined Weak Reference
    __sigvec_lookup                           - Undefined Weak Reference
    __user_heap_extent                        - Undefined Weak Reference
    _atexit_init                              - Undefined Weak Reference
    _call_atexit_fns                          - Undefined Weak Reference
    _clock_init                               - Undefined Weak Reference
    _fp_trap_init                             - Undefined Weak Reference
    _fp_trap_shutdown                         - Undefined Weak Reference
    _get_lc_collate                           - Undefined Weak Reference
    _get_lc_monetary                          - Undefined Weak Reference
    _get_lc_time                              - Undefined Weak Reference
    _getenv_init                              - Undefined Weak Reference
    _handle_redirection                       - Undefined Weak Reference
    _initio                                   - Undefined Weak Reference
    _mutex_acquire                            - Undefined Weak Reference
    _mutex_free                               - Undefined Weak Reference
    _mutex_release                            - Undefined Weak Reference
    _printf_fp_hex                            - Undefined Weak Reference
    _printf_mbtowc                            - Undefined Weak Reference
    _printf_wc                                - Undefined Weak Reference
    _rand_init                                - Undefined Weak Reference
    _signal_finish                            - Undefined Weak Reference
    _signal_init                              - Undefined Weak Reference
    _terminateio                              - Undefined Weak Reference
    ResetInit                                0x000000f4   ARM Code       0  Startup.o(vectors)
    __user_initial_stackheap                 0x00000100   ARM Code       0  Startup.o(vectors)
    __main                                   0x00000124   ARM Code       8  __main.o(!!!main)
    __scatterload                            0x0000012c   ARM Code       0  __scatter.o(!!!scatter)
    __scatterload_rt2                        0x0000012c   ARM Code      52  __scatter.o(!!!scatter)
    __scatterload_null                       0x00000140   ARM Code       0  __scatter.o(!!!scatter)
    __decompress                             0x00000168   ARM Code      68  __dczerorl.o(!!dczerorl)
    __decompress0                            0x00000168   ARM Code       0  __dczerorl.o(!!dczerorl)
    __scatterload_zeroinit                   0x000001ac   ARM Code      44  __scatter_zi.o(!!handler_zi)
    Inline Thumb to ARM Veneer to _printf_percent 0x000001d9   Thumb Code     4  _printf_percent.o(.ARM.Collect$$_printf_percent$$00000000)
    _printf_n                                0x000001dc   ARM Code       0  _printf_n.o(.ARM.Collect$$_printf_percent$$00000001)
    _printf_percent                          0x000001dc   ARM Code       0  _printf_percent.o(.ARM.Collect$$_printf_percent$$00000000)
    _printf_p                                0x000001e4   ARM Code       0  _printf_p.o(.ARM.Collect$$_printf_percent$$00000002)
    _printf_f                                0x000001ec   ARM Code       0  _printf_f.o(.ARM.Collect$$_printf_percent$$00000003)
    _printf_e                                0x000001f4   ARM Code       0  _printf_e.o(.ARM.Collect$$_printf_percent$$00000004)
    _printf_g                                0x000001fc   ARM Code       0  _printf_g.o(.ARM.Collect$$_printf_percent$$00000005)
    _printf_a                                0x00000204   ARM Code       0  _printf_a.o(.ARM.Collect$$_printf_percent$$00000006)
    _printf_ll                               0x0000020c   ARM Code       0  _printf_ll.o(.ARM.Collect$$_printf_percent$$00000007)
    _printf_i                                0x00000218   ARM Code       0  _printf_i.o(.ARM.Collect$$_printf_percent$$00000008)
    _printf_d                                0x00000220   ARM Code       0  _printf_d.o(.ARM.Collect$$_printf_percent$$00000009)
    _printf_u                                0x00000228   ARM Code       0  _printf_u.o(.ARM.Collect$$_printf_percent$$0000000A)
    _printf_o                                0x00000230   ARM Code       0  _printf_o.o(.ARM.Collect$$_printf_percent$$0000000B)
    _printf_x                                0x00000238   ARM Code       0  _printf_x.o(.ARM.Collect$$_printf_percent$$0000000C)
    _printf_lli                              0x00000240   ARM Code       0  _printf_lli.o(.ARM.Collect$$_printf_percent$$0000000D)
    _printf_lld                              0x00000248   ARM Code       0  _printf_lld.o(.ARM.Collect$$_printf_percent$$0000000E)
    _printf_llu                              0x00000250   ARM Code       0  _printf_llu.o(.ARM.Collect$$_printf_percent$$0000000F)
    _printf_llo                              0x00000258   ARM Code       0  _printf_llo.o(.ARM.Collect$$_printf_percent$$00000010)
    _printf_llx                              0x00000260   ARM Code       0  _printf_llx.o(.ARM.Collect$$_printf_percent$$00000011)
    _printf_l                                0x00000268   ARM Code       0  _printf_l.o(.ARM.Collect$$_printf_percent$$00000012)
    _printf_c                                0x00000274   ARM Code       0  _printf_c.o(.ARM.Collect$$_printf_percent$$00000013)
    _printf_s                                0x0000027c   ARM Code       0  _printf_s.o(.ARM.Collect$$_printf_percent$$00000014)
    _printf_lc                               0x00000284   ARM Code       0  _printf_lc.o(.ARM.Collect$$_printf_percent$$00000015)
    _printf_ls                               0x0000028c   ARM Code       0  _printf_ls.o(.ARM.Collect$$_printf_percent$$00000016)
    _printf_percent_end                      0x00000294   ARM Code       0  _printf_percent_end.o(.ARM.Collect$$_printf_percent$$00000017)
    Inline ARM to Thumb Veneer to __rt_lib_init 0x0000029c   ARM Code       8  libinit.o(.ARM.Collect$$libinit$$00000000)
    __rt_lib_init                            0x000002a5   Thumb Code     0  libinit.o(.ARM.Collect$$libinit$$00000000)
    __rt_lib_init_heap_2                     0x000002ab   Thumb Code     0  libinit2.o(.ARM.Collect$$libinit$$00000001)
    __rt_lib_init_heap_1                     0x000002b3   Thumb Code     0  libinit2.o(.ARM.Collect$$libinit$$00000006)
    __rt_lib_init_lc_common                  0x000002b3   Thumb Code     0  libinit2.o(.ARM.Collect$$libinit$$0000000B)
    __rt_lib_init_rand_1                     0x000002b3   Thumb Code     0  libinit2.o(.ARM.Collect$$libinit$$0000000A)
    __rt_lib_init_user_alloc_1               0x000002b3   Thumb Code     0  libinit2.o(.ARM.Collect$$libinit$$00000008)
    __rt_lib_init_lc_collate_1               0x000002b9   Thumb Code     0  libinit2.o(.ARM.Collect$$libinit$$0000000D)
    __rt_lib_init_lc_ctype_2                 0x000002b9   Thumb Code     0  libinit2.o(.ARM.Collect$$libinit$$0000000E)
    __rt_lib_init_lc_ctype_1                 0x000002c5   Thumb Code     0  libinit2.o(.ARM.Collect$$libinit$$0000000F)
    __rt_lib_init_lc_monetary_1              0x000002c5   Thumb Code     0  libinit2.o(.ARM.Collect$$libinit$$00000011)
    __rt_lib_init_lc_numeric_2               0x000002c5   Thumb Code     0  libinit2.o(.ARM.Collect$$libinit$$00000012)
    __rt_lib_init_alloca_1                   0x000002cf   Thumb Code     0  libinit2.o(.ARM.Collect$$libinit$$0000002A)
    __rt_lib_init_argv_1                     0x000002cf   Thumb Code     0  libinit2.o(.ARM.Collect$$libinit$$00000028)
    __rt_lib_init_atexit_1                   0x000002cf   Thumb Code     0  libinit2.o(.ARM.Collect$$libinit$$00000017)
    __rt_lib_init_clock_1                    0x000002cf   Thumb Code     0  libinit2.o(.ARM.Collect$$libinit$$0000001D)
    __rt_lib_init_cpp_1                      0x000002cf   Thumb Code     0  libinit2.o(.ARM.Collect$$libinit$$0000002E)
    __rt_lib_init_exceptions_1               0x000002cf   Thumb Code     0  libinit2.o(.ARM.Collect$$libinit$$0000002C)
    __rt_lib_init_fp_trap_1                  0x000002cf   Thumb Code     0  libinit2.o(.ARM.Collect$$libinit$$0000001B)
    __rt_lib_init_getenv_1                   0x000002cf   Thumb Code     0  libinit2.o(.ARM.Collect$$libinit$$0000001F)
    __rt_lib_init_lc_numeric_1               0x000002cf   Thumb Code     0  libinit2.o(.ARM.Collect$$libinit$$00000013)
    __rt_lib_init_lc_time_1                  0x000002cf   Thumb Code     0  libinit2.o(.ARM.Collect$$libinit$$00000015)
    __rt_lib_init_return                     0x000002cf   Thumb Code     0  libinit2.o(.ARM.Collect$$libinit$$0000002F)
    __rt_lib_init_signal_1                   0x000002cf   Thumb Code     0  libinit2.o(.ARM.Collect$$libinit$$00000019)
    __rt_lib_init_stdio_1                    0x000002cf   Thumb Code     0  libinit2.o(.ARM.Collect$$libinit$$00000021)
    Inline ARM to Thumb Veneer to __rt_lib_shutdown 0x000002dc   ARM Code       8  libshutdown.o(.ARM.Collect$$libshutdown$$00000000)
    __rt_lib_shutdown                        0x000002e5   Thumb Code     0  libshutdown.o(.ARM.Collect$$libshutdown$$00000000)
    __rt_lib_shutdown_fp_trap_1              0x000002e9   Thumb Code     0  libshutdown2.o(.ARM.Collect$$libshutdown$$00000006)
    __rt_lib_shutdown_heap_1                 0x000002e9   Thumb Code     0  libshutdown2.o(.ARM.Collect$$libshutdown$$0000000E)
    __rt_lib_shutdown_return                 0x000002e9   Thumb Code     0  libshutdown2.o(.ARM.Collect$$libshutdown$$0000000F)
    __rt_lib_shutdown_signal_1               0x000002e9   Thumb Code     0  libshutdown2.o(.ARM.Collect$$libshutdown$$00000009)
    __rt_lib_shutdown_stdio_1                0x000002e9   Thumb Code     0  libshutdown2.o(.ARM.Collect$$libshutdown$$00000003)
    __rt_lib_shutdown_user_alloc_1           0x000002e9   Thumb Code     0  libshutdown2.o(.ARM.Collect$$libshutdown$$0000000B)
    __rt_entry                               0x000002f0   ARM Code       0  rtentry.o(.ARM.Collect$$rtentry$$00000000)
    __rt_entry_presh_1                       0x000002f0   ARM Code       0  rtentry2.o(.ARM.Collect$$rtentry$$00000002)
    __rt_entry_sh                            0x000002f0   ARM Code       0  rtentry4.o(.ARM.Collect$$rtentry$$00000004)
    __rt_entry_li                            0x000002f8   ARM Code       0  rtentry2.o(.ARM.Collect$$rtentry$$0000000A)
    __rt_entry_postsh_1                      0x000002f8   ARM Code       0  rtentry2.o(.ARM.Collect$$rtentry$$00000009)
    __rt_entry_main                          0x000002fc   ARM Code       0  rtentry2.o(.ARM.Collect$$rtentry$$0000000D)
    __rt_entry_postli_1                      0x000002fc   ARM Code       0  rtentry2.o(.ARM.Collect$$rtentry$$0000000C)
    Inline Thumb to ARM Veneer to __rt_exit  0x00000325   Thumb Code     4  rtexit.o(.ARM.Collect$$rtexit$$00000000)
    __rt_exit                                0x00000328   ARM Code       0  rtexit.o(.ARM.Collect$$rtexit$$00000000)
    __rt_exit_ls                             0x0000032c   ARM Code       0  rtexit2.o(.ARM.Collect$$rtexit$$00000003)
    __rt_exit_prels_1                        0x0000032c   ARM Code       0  rtexit2.o(.ARM.Collect$$rtexit$$00000002)
    __rt_exit_exit                           0x00000330   ARM Code       0  rtexit2.o(.ARM.Collect$$rtexit$$00000004)
    _maybe_terminate_alloc                   0x00000339   Thumb Code     0  maybetermalloc1.o(.emb_text)
    main                                     0x000003d4   ARM Code     256  main.o(.text)
    sp_SF_Read                               0x00000594   ARM Code      84  sp_flash_store.o(.text)
    sp_SF_Write                              0x000005e8   ARM Code      92  sp_flash_store.o(.text)
    sp_SF_ErasePage                          0x00000644   ARM Code      52  sp_flash_store.o(.text)
    sp_menu_consume                          0x00000d8c   ARM Code      64  sp_menu.o(.text)
    sp_parse_file15                          0x000011b4   ARM Code     104  sp_cardoper.o(.text)
    sp_calc_safe_mac                         0x00001aa0   ARM Code     936  sp_cardoper.o(.text)
    sp_request_card                          0x00001f4c   ARM Code     148  sp_cardoper.o(.text)
    sp_read_card                             0x00001fe0   ARM Code     112  sp_cardoper.o(.text)
    sp_payinit                               0x00002050   ARM Code     112  sp_cardoper.o(.text)
    sp_payment                               0x000020c0   ARM Code     112  sp_cardoper.o(.text)
    sp_get_prove                             0x00002130   ARM Code     112  sp_cardoper.o(.text)
    sp_set_card_loss                         0x000021a0   ARM Code     104  sp_cardoper.o(.text)
    sp_halt                                  0x00002208   ARM Code      84  sp_cardoper.o(.text)
    sp_rst_psam_card                         0x0000225c   ARM Code      56  sp_cardoper.o(.text)
    sp_init_sam_card                         0x00002294   ARM Code     444  sp_cardoper.o(.text)
    sp_cpu_adpu_command                      0x000025a0   ARM Code      28  rfmod.o(.text)
    sp_sam_adpu_command                      0x000025bc   ARM Code      28  rfmod.o(.text)
    sp_cpucard_deselect                      0x000025d8   ARM Code      60  rfmod.o(.text)
    sp_cpucard_poweron                       0x00002614   ARM Code      48  rfmod.o(.text)
    sp_check_record_rom                      0x0000294c   ARM Code      12  sp_consume.o(.text)
    sp_check_daysum_amount                   0x00002958   ARM Code     292  sp_consume.o(.text)
    sp_pre_check                             0x00002a7c   ARM Code     116  sp_consume.o(.text)
    sp_consume_loop                          0x00002f2c   ARM Code     712  sp_consume.o(.text)
    sp_protocol_crc                          0x00003204   ARM Code      88  sp_pubfunc.o(.text)
    sp_atof_mul100                           0x0000325c   ARM Code     244  sp_pubfunc.o(.text)
    sp_bcd_hex                               0x00003350   ARM Code      96  sp_pubfunc.o(.text)
    sp_encode_hex                            0x000033b0   ARM Code     156  sp_pubfunc.o(.text)
    sp_decode_hex                            0x0000344c   ARM Code       4  sp_pubfunc.o(.text)
    sp_bigend_to_int                         0x00003450   ARM Code      88  sp_pubfunc.o(.text)
    sp_int_to_bigend                         0x000034a8   ARM Code      80  sp_pubfunc.o(.text)
    sp_bitmap_transform                      0x000034f8   ARM Code      44  sp_pubfunc.o(.text)
    sp_check_bitmap                          0x00003524   ARM Code      92  sp_pubfunc.o(.text)
    sp_set_bitmap                            0x00003580   ARM Code      84  sp_pubfunc.o(.text)
    sp_clear_bitmap                          0x000035d4   ARM Code      88  sp_pubfunc.o(.text)
    sp_uint32_to_buffer                      0x0000362c   ARM Code      64  sp_pubfunc.o(.text)
    sp_buffer_to_uint32                      0x0000366c   ARM Code      92  sp_pubfunc.o(.text)
    sp_uint16_to_buffer                      0x000036c8   ARM Code      68  sp_pubfunc.o(.text)
    sp_buffer_to_uint16                      0x0000370c   ARM Code      88  sp_pubfunc.o(.text)
    sp_atoinet                               0x00003764   ARM Code     184  sp_pubfunc.o(.text)
    sp_inettoa                               0x0000381c   ARM Code      52  sp_pubfunc.o(.text)
    sp_copy_systime                          0x00003850   ARM Code     116  sp_pubfunc.o(.text)
    sp_get_std_datetime                      0x000038c4   ARM Code       4  sp_pubfunc.o(.text)
    sp_is_number_key                         0x000038c8   ARM Code     268  sp_pubfunc.o(.text)
    sp_is_leap_year                          0x000039d4   ARM Code     112  sp_pubfunc.o(.text)
    sp_bcd_to_uint32                         0x00003a44   ARM Code      96  sp_pubfunc.o(.text)
    sp_day_to_year2k                         0x00003aa4   ARM Code     196  sp_pubfunc.o(.text)
    sp_encrypt_cardkey                       0x00003b68   ARM Code      72  sp_pubfunc.o(.text)
    sp_calc_crc8                             0x00003bb0   ARM Code      96  sp_pubfunc.o(.text)
    sp_DelayNS2                              0x00003c10   ARM Code      24  sp_pubfunc.o(.text)
    sp_ByteToDecStr                          0x00003c28   ARM Code      92  sp_pubfunc.o(.text)
    sp_get_time                              0x00003c84   ARM Code      80  sp_pubfunc.o(.text)
    sp_get_min                               0x00003cd4   ARM Code      28  sp_pubfunc.o(.text)
    sp_check_context                         0x00003cf0   ARM Code     168  sp_pubfunc.o(.text)
    sp_get_key                               0x00003d98   ARM Code      16  sp_pubfunc.o(.text)
    sp_get_transno_lastaddr                  0x00003e80   ARM Code     264  sp_flash_impl.o(.text)
    sp_write_transno_unit                    0x00003f88   ARM Code     256  sp_flash_impl.o(.text)
    sp_read_transno_unit                     0x00004088   ARM Code     384  sp_flash_impl.o(.text)
    sp_get_transno                           0x00004208   ARM Code      60  sp_flash_impl.o(.text)
    sp_write_transdtl                        0x00004244   ARM Code     880  sp_flash_impl.o(.text)
    sp_read_transdtl                         0x000045b4   ARM Code     248  sp_flash_impl.o(.text)
    sp_write_syspara                         0x000046ac   ARM Code     352  sp_flash_impl.o(.text)
    sp_read_syspara                          0x0000480c   ARM Code     156  sp_flash_impl.o(.text)
    sp_init_transdtl                         0x00004bf0   ARM Code     104  sp_flash_impl.o(.text)
    sp_init_syspara                          0x00004c58   ARM Code     660  sp_flash_impl.o(.text)
    sp_disp_flash                            0x00004eec   ARM Code     224  sp_flash_impl.o(.text)
    sp_send_msg                              0x00005088   ARM Code      64  sp_communicate.o(.text)
    sp_send_struct                           0x000050c8   ARM Code      64  sp_communicate.o(.text)
    sp_InitCom                               0x00005180   ARM Code      88  sp_communicate.o(.text)
    sp_disp_press_key                        0x00005208   ARM Code      88  sp_disp.o(.text)
    sp_disp_money                            0x00005460   ARM Code     180  sp_disp.o(.text)
    sp_disp_by_type                          0x00005c10   ARM Code     208  sp_disp.o(.text)
    sp_disp_msg                              0x00005ce0   ARM Code     232  sp_disp.o(.text)
    sp_messagebox                            0x00005de8   ARM Code     168  sp_disp.o(.text)
    sp_wait_for_retkey                       0x00005e90   ARM Code     204  sp_disp.o(.text)
    BattCheck                                0x00005f5c   ARM Code      56  board.o(.text)
    DelayNS                                  0x00005f94   ARM Code      44  board.o(.text)
    Beep                                     0x00005fc0   ARM Code      80  board.o(.text)
    InitBoard                                0x00006010   ARM Code     268  board.o(.text)
    BeeperCtr                                0x0000611c   ARM Code     124  board.o(.text)
    StartComm                                0x0000679c   ARM Code     184  comm.o(.text)
    COM_SendBuf                              0x00006854   ARM Code     352  comm.o(.text)
    SCKEYInit                                0x00006b70   ARM Code     204  hd7279a.o(.text)
    GetSCKEY                                 0x00006c3c   ARM Code     432  hd7279a.o(.text)
    GetS2KEY                                 0x00006dec   ARM Code     440  hd7279a.o(.text)
    LedCLS                                   0x00006fa4   ARM Code     268  hd7279a.o(.text)
    LedInit                                  0x000070b0   ARM Code      68  hd7279a.o(.text)
    SelectModeLed                            0x000070f4   ARM Code      12  hd7279a.o(.text)
    ChangeCode                               0x000071d0   ARM Code     336  hd7279a.o(.text)
    LedPrint                                 0x00007320   ARM Code     688  hd7279a.o(.text)
    SetLcdType                               0x000075fc   ARM Code      12  lcd.o(.text)
    GetLcdType                               0x00007608   ARM Code      12  lcd.o(.text)
    SetLcdContrast                           0x00007614   ARM Code      12  lcd.o(.text)
    DispayMessage                            0x00007b14   ARM Code     440  lcd.o(.text)
    LcdCLS                                   0x00007ccc   ARM Code     204  lcd.o(.text)
    LcdPrint                                 0x00007d98   ARM Code     224  lcd.o(.text)
    LcdInit                                  0x00007e78   ARM Code     504  lcd.o(.text)
    SPI_SendByte                             0x000080c4   ARM Code     124  mifare.o(.text)
    RF_WriteReg                              0x00008140   ARM Code      72  mifare.o(.text)
    SPI_ReadByte                             0x00008188   ARM Code     108  mifare.o(.text)
    RF_ReadReg                               0x000081f4   ARM Code      76  mifare.o(.text)
    FM1715_Bus_Sel                           0x00008240   ARM Code      88  mifare.o(.text)
    Init_FM1715                              0x00008298   ARM Code     216  mifare.o(.text)
    InitICReader                             0x00008370   ARM Code      52  mifare.o(.text)
    Read_FIFO                                0x000083a4   ARM Code     176  mifare.o(.text)
    RF_WriteFIFO                             0x00008454   ARM Code      92  mifare.o(.text)
    Clear_FIFO                               0x000084b0   ARM Code      92  mifare.o(.text)
    Reset_Reader_TimeOut                     0x0000850c   ARM Code      48  mifare.o(.text)
    Command_Send                             0x0000853c   ARM Code     352  mifare.o(.text)
    Judge_Req                                0x0000869c   ARM Code      12  mifare.o(.text)
    MIF_Halt                                 0x000086a8   ARM Code     176  mifare.o(.text)
    Request                                  0x00008758   ARM Code     192  mifare.o(.text)
    Set_BitFraming                           0x00008818   ARM Code     520  mifare.o(.text)
    Check_UID                                0x00008a20   ARM Code      64  mifare.o(.text)
    Save_UID                                 0x00008a60   ARM Code     364  mifare.o(.text)
    AntiColl                                 0x00008bcc   ARM Code     420  mifare.o(.text)
    Select_Card                              0x00008d70   ARM Code     272  mifare.o(.text)
    ReadICCardUID                            0x00008e80   ARM Code     140  mifare.o(.text)
    Authentication                           0x00008f0c   ARM Code     444  mifare.o(.text)
    MIF_ReadBlock                            0x000090c8   ARM Code     252  mifare.o(.text)
    MIF_WriteBlock                           0x000091c4   ARM Code     384  mifare.o(.text)
    M500PiccAuthState                        0x00009344   ARM Code     200  mifare.o(.text)
    M500PiccAuthKey                          0x0000940c   ARM Code     144  mifare.o(.text)
    M500HostCodeKey                          0x0000949c   ARM Code      96  mifare.o(.text)
    M500PiccAuthOK                           0x000094fc   ARM Code     108  mifare.o(.text)
    HL_Active                                0x00009568   ARM Code     180  mifare.o(.text)
    MIF_ReadCards                            0x0000961c   ARM Code     300  mifare.o(.text)
    MIF_ReadCard                             0x00009748   ARM Code     136  mifare.o(.text)
    MIF_ReadCard2                            0x000097d0   ARM Code     160  mifare.o(.text)
    MIF_ReadCard3                            0x00009870   ARM Code     184  mifare.o(.text)
    MIF_WriteCard                            0x00009928   ARM Code     136  mifare.o(.text)
    MIF_WriteCards                           0x000099b0   ARM Code     288  mifare.o(.text)
    MIF_InitPurse                            0x00009ad0   ARM Code     196  mifare.o(.text)
    MIF_Transfer                             0x00009b94   ARM Code     272  mifare.o(.text)
    MIF_Value                                0x00009ca4   ARM Code     344  mifare.o(.text)
    MIF_Purse                                0x00009dfc   ARM Code     168  mifare.o(.text)
    CPU_RATS                                 0x00009ea4   ARM Code     800  mifare.o(.text)
    CpuCard_Apdu                             0x0000a1c4   ARM Code    2652  mifare.o(.text)
    ResetCard_A                              0x0000ac20   ARM Code     140  mifare.o(.text)
    Deselect_A                               0x0000acac   ARM Code     100  mifare.o(.text)
    InitTimer0                               0x0000ad10   ARM Code      68  psam.o(.text)
    Psam_Reset                               0x0000ad54   ARM Code     148  psam.o(.text)
    Rst_Psam_Card                            0x0000afa0   ARM Code     132  psam.o(.text)
    CosCommand                               0x0000b25c   ARM Code     544  psam.o(.text)
    Init_Psam                                0x0000b47c   ARM Code      60  psam.o(.text)
    SetRTCType                               0x0000b4c4   ARM Code      12  rtc.o(.text)
    InitWatchDog                             0x0000b4d0   ARM Code      76  rtc.o(.text)
    IntiAlarmTimer                           0x0000b51c   ARM Code     108  rtc.o(.text)
    SetAlarmTime                             0x0000b588   ARM Code     180  rtc.o(.text)
    CheckAlarmTimeAndReset                   0x0000b63c   ARM Code      76  rtc.o(.text)
    RTCInit                                  0x0000b688   ARM Code      76  rtc.o(.text)
    GetTime                                  0x0000b6d4   ARM Code     576  rtc.o(.text)
    SetTime                                  0x0000b914   ARM Code     608  rtc.o(.text)
    GetTick                                  0x0000bb74   ARM Code      64  rtc.o(.text)
    GetPause                                 0x0000bbb4   ARM Code      48  rtc.o(.text)
    GetTickCount                             0x0000bbe4   ARM Code      32  rtc.o(.text)
    FlashTimeOut                             0x0000bc24   ARM Code      84  m25pe16.o(.text)
    SF_Init                                  0x0000bd34   ARM Code      16  m25pe16.o(.text)
    ConfigureSpiMaster                       0x0000bd44   ARM Code      76  m25pe16.o(.text)
    FlashWriteEnable                         0x0000be48   ARM Code      56  m25pe16.o(.text)
    FlashWriteDisable                        0x0000be80   ARM Code      56  m25pe16.o(.text)
    FlashReadDeviceIdentification            0x0000beb8   ARM Code     156  m25pe16.o(.text)
    FlashReadManufacturerIdentification      0x0000bf54   ARM Code     112  m25pe16.o(.text)
    FlashReadStatusRegister                  0x0000bfc4   ARM Code      92  m25pe16.o(.text)
    IsFlashBusy                              0x0000c020   ARM Code      44  m25pe16.o(.text)
    FlashRead                                0x0000c04c   ARM Code     132  m25pe16.o(.text)
    FlashFastRead                            0x0000c0d0   ARM Code     136  m25pe16.o(.text)
    SF_ReadContinuous                        0x0000c158   ARM Code     136  m25pe16.o(.text)
    FlashPageWrite                           0x0000c1e0   ARM Code     220  m25pe16.o(.text)
    FlashPageProgram                         0x0000c2bc   ARM Code     220  m25pe16.o(.text)
    FlashPageErase                           0x0000c398   ARM Code     176  m25pe16.o(.text)
    FlashSectorErase                         0x0000c448   ARM Code     172  m25pe16.o(.text)
    FlashBulkErase                           0x0000c4f4   ARM Code     136  m25pe16.o(.text)
    FlashDeepPowerDown                       0x0000c57c   ARM Code      76  m25pe16.o(.text)
    FlashReleaseFromDeepPowerDown            0x0000c5c8   ARM Code      56  m25pe16.o(.text)
    FlashWrite                               0x0000c600   ARM Code     180  m25pe16.o(.text)
    FlashProgram                             0x0000c6b4   ARM Code     180  m25pe16.o(.text)
    FlashReadLockRegister                    0x0000c768   ARM Code     128  m25pe16.o(.text)
    FlashWriteLockRegister                   0x0000c7e8   ARM Code     140  m25pe16.o(.text)
    SF_Read                                  0x0000c874   ARM Code      68  m25pe16.o(.text)
    SF_Write                                 0x0000c8b8   ARM Code     112  m25pe16.o(.text)
    SF_ErasePage                             0x0000c928   ARM Code      44  m25pe16.o(.text)
    PrintString                              0x0000c9f4   ARM Code      76  printer.o(.text)
    Init_Printer                             0x0000ca40   ARM Code      80  printer.o(.text)
    __InitTimer                              0x0000ce94   ARM Code     140  timer.o(.text)
    InitTimer                                0x0000cf20   ARM Code     100  timer.o(.text)
    SetTimer                                 0x0000cf84   ARM Code     160  timer.o(.text)
    KillTimer                                0x0000d024   ARM Code     136  timer.o(.text)
    __SetTimer                               0x0000d0ac   ARM Code     116  timer.o(.text)
    __KillTimer                              0x0000d120   ARM Code      88  timer.o(.text)
    __SetSoftTimer                           0x0000d178   ARM Code     112  timer.o(.text)
    __KillSoftTimer                          0x0000d1e8   ARM Code      52  timer.o(.text)
    I2C_Init                                 0x0000d57c   ARM Code      56  iic.o(.text)
    I2C_ReadByte                             0x0000d5b4   ARM Code     184  iic.o(.text)
    I2C_WriteByte                            0x0000d66c   ARM Code     136  iic.o(.text)
    IOControlMode                            0x0000d6f8   ARM Code      88  pca9554.o(.text)
    Open_Or_CloseBeen                        0x0000d750   ARM Code     100  pca9554.o(.text)
    Open_Or_Close_Lock                       0x0000d7b4   ARM Code     176  pca9554.o(.text)
    IRQ_Exception                            0x0000d868   ARM Code       8  target.o(.text)
    FIQ_Exception                            0x0000d870   ARM Code       8  target.o(.text)
    TargetInit                               0x0000d878   ARM Code       4  target.o(.text)
    TargetResetInit                          0x0000d87c   ARM Code     144  target.o(.text)
    __rt_div0                                0x0000d90c   ARM Code      16  target.o(.text)
    fputc                                    0x0000d91c   ARM Code      20  target.o(.text)
    fgetc                                    0x0000d930   ARM Code      16  target.o(.text)
    _sys_close                               0x0000d940   ARM Code      16  target.o(.text)
    _sys_write                               0x0000d950   ARM Code      28  target.o(.text)
    _sys_read                                0x0000d96c   ARM Code      28  target.o(.text)
    _ttywrch                                 0x0000d988   ARM Code       8  target.o(.text)
    _sys_istty                               0x0000d990   ARM Code      16  target.o(.text)
    _sys_seek                                0x0000d9a0   ARM Code      16  target.o(.text)
    _sys_ensure                              0x0000d9b0   ARM Code      16  target.o(.text)
    _sys_flen                                0x0000d9c0   ARM Code      16  target.o(.text)
    _sys_tmpnam                              0x0000d9d0   ARM Code      24  target.o(.text)
    _sys_exit                                0x0000d9e8   ARM Code       8  target.o(.text)
    _sys_command_string                      0x0000d9f0   ARM Code      20  target.o(.text)
    __semihosting$guard                      0x0000da08   ARM Code       0  use_no_semi.o(.text)
    __use_no_semihosting_swi                 0x0000da08   ARM Code       4  use_no_semi.o(.text)
    Inline ARM to Thumb Veneer to malloc     0x0000da0c   ARM Code       8  h1_alloc.o(.text)
    malloc                                   0x0000da15   Thumb Code   116  h1_alloc.o(.text)
    Inline ARM to Thumb Veneer to free       0x0000da88   ARM Code       8  h1_free.o(.text)
    free                                     0x0000da91   Thumb Code    84  h1_free.o(.text)
    Inline ARM to Thumb Veneer to __c89vsnprintf 0x0000dae4   ARM Code       8  c89vsnprintf.o(.text)
    __c89vsnprintf                           0x0000daed   Thumb Code    54  c89vsnprintf.o(.text)
    Inline ARM to Thumb Veneer to __2sprintf 0x0000db28   ARM Code       8  __2sprintf.o(.text)
    __2sprintf                               0x0000db31   Thumb Code    40  __2sprintf.o(.text)
    _printf_pre_padding                      0x0000db5d   Thumb Code    48  _printf_pad.o(.text)
    _printf_post_padding                     0x0000db8d   Thumb Code    36  _printf_pad.o(.text)
    _printf_str                              0x0000dbb1   Thumb Code    88  _printf_str.o(.text)
    Inline ARM to Thumb Veneer to _printf_int_dec 0x0000dc08   ARM Code       8  _printf_dec.o(.text)
    _printf_int_dec                          0x0000dc11   Thumb Code    94  _printf_dec.o(.text)
    Inline ARM to Thumb Veneer to _printf_hex_ptr 0x0000dc80   ARM Code       8  _printf_hex_int_ll_ptr.o(.text)
    _printf_longlong_hex                     0x0000dc89   Thumb Code    92  _printf_hex_int_ll_ptr.o(.text)
    _printf_int_hex                          0x0000dce5   Thumb Code    32  _printf_hex_int_ll_ptr.o(.text)
    _printf_ll_hex                           0x0000dd05   Thumb Code    10  _printf_hex_int_ll_ptr.o(.text)
    _printf_hex_ptr                          0x0000dd0f   Thumb Code    22  _printf_hex_int_ll_ptr.o(.text)
    __printf                                 0x0000dd29   Thumb Code   420  __printf_flags_ss_wp.o(.text)
    Inline ARM to Thumb Veneer to atoi       0x0000ded0   ARM Code       8  atoi.o(.text)
    atoi                                     0x0000ded9   Thumb Code    30  atoi.o(.text)
    Inline ARM to Thumb Veneer to strchr     0x0000def8   ARM Code       8  strchr.o(.text)
    strchr                                   0x0000df01   Thumb Code    22  strchr.o(.text)
    Inline ARM to Thumb Veneer to memcmp     0x0000df18   ARM Code       8  memcmp.o(.text)
    memcmp                                   0x0000df21   Thumb Code   118  memcmp.o(.text)
    Inline ARM to Thumb Veneer to strcpy     0x0000df98   ARM Code       8  strcpy.o(.text)
    strcpy                                   0x0000dfa1   Thumb Code    74  strcpy.o(.text)
    Inline ARM to Thumb Veneer to strlen     0x0000dff0   ARM Code       8  strlen.o(.text)
    strlen                                   0x0000dff9   Thumb Code    64  strlen.o(.text)
    __aeabi_memcpy                           0x0000e03c   ARM Code       0  rt_memcpy.o(.text)
    __rt_memcpy                              0x0000e03c   ARM Code     212  rt_memcpy.o(.text)
    _memcpy_lastbytes                        0x0000e0f0   ARM Code       0  rt_memcpy.o(.text)
    __aeabi_memcpy4                          0x0000e110   ARM Code       0  rt_memcpy_w.o(.text)
    __aeabi_memcpy8                          0x0000e110   ARM Code       0  rt_memcpy_w.o(.text)
    __rt_memcpy_w                            0x0000e110   ARM Code     100  rt_memcpy_w.o(.text)
    _memcpy_lastbytes_aligned                0x0000e15c   ARM Code       0  rt_memcpy_w.o(.text)
    __aeabi_memset                           0x0000e174   ARM Code      16  aeabi_memset.o(.text)
    __aeabi_memclr                           0x0000e184   ARM Code       0  rt_memclr.o(.text)
    __rt_memclr                              0x0000e184   ARM Code      64  rt_memclr.o(.text)
    _memset                                  0x0000e188   ARM Code       0  rt_memclr.o(.text)
    __aeabi_memclr4                          0x0000e1c4   ARM Code       0  rt_memclr_w.o(.text)
    __aeabi_memclr8                          0x0000e1c4   ARM Code       0  rt_memclr_w.o(.text)
    __rt_memclr_w                            0x0000e1c4   ARM Code      84  rt_memclr_w.o(.text)
    _memset_w                                0x0000e1c8   ARM Code       0  rt_memclr_w.o(.text)
    __aeabi_uread4                           0x0000e218   ARM Code       0  uread4.o(.text)
    __rt_uread4                              0x0000e218   ARM Code      32  uread4.o(.text)
    __aeabi_uwrite4                          0x0000e238   ARM Code       0  uwrite4.o(.text)
    __rt_uwrite4                             0x0000e238   ARM Code      32  uwrite4.o(.text)
    Inline Thumb to ARM Veneer to __aeabi_idivmod 0x0000e259   Thumb Code     4  aeabi_sdiv.o(.text)
    __aeabi_idiv                             0x0000e25c   ARM Code       0  aeabi_sdiv.o(.text)
    __aeabi_idivmod                          0x0000e25c   ARM Code     384  aeabi_sdiv.o(.text)
    Inline Thumb to ARM Veneer to __rt_heap_descriptor 0x0000e3dd   Thumb Code     4  rt_heap_descriptor_intlibspace.o(.text)
    __rt_heap_descriptor                     0x0000e3e0   ARM Code      16  rt_heap_descriptor_intlibspace.o(.text)
    Inline Thumb to ARM Veneer to __aeabi_errno_addr 0x0000e3f1   Thumb Code     4  rt_errno_addr_intlibspace.o(.text)
    __aeabi_errno_addr                       0x0000e3f4   ARM Code      16  rt_errno_addr_intlibspace.o(.text)
    __errno$intlibspace                      0x0000e3f4   ARM Code       0  rt_errno_addr_intlibspace.o(.text)
    __rt_errno_addr$intlibspace              0x0000e3f4   ARM Code       0  rt_errno_addr_intlibspace.o(.text)
    __use_no_heap                            0x0000e405   Thumb Code     2  hguard.o(.text)
    __heap$guard                             0x0000e407   Thumb Code     2  hguard.o(.text)
    _terminate_user_alloc                    0x0000e409   Thumb Code     2  init_alloc.o(.text)
    _init_user_alloc                         0x0000e40b   Thumb Code     2  init_alloc.o(.text)
    __Heap_Full                              0x0000e40d   Thumb Code    36  init_alloc.o(.text)
    __Heap_Broken                            0x0000e431   Thumb Code    14  init_alloc.o(.text)
    _init_alloc                              0x0000e43f   Thumb Code    94  init_alloc.o(.text)
    __Heap_Initialize                        0x0000e49d   Thumb Code    10  h1_init.o(.text)
    __Heap_DescSize                          0x0000e4a7   Thumb Code     4  h1_init.o(.text)
    _printf_truncate_signed                  0x0000e4ab   Thumb Code    22  _printf_truncate.o(.text)
    _printf_truncate_unsigned                0x0000e4c1   Thumb Code    22  _printf_truncate.o(.text)
    _printf_int_common                       0x0000e4d7   Thumb Code   182  _printf_intcommon.o(.text)
    Inline ARM to Thumb Veneer to _printf_charcount 0x0000e58c   ARM Code       8  _printf_charcount.o(.text)
    _printf_charcount                        0x0000e595   Thumb Code    40  _printf_charcount.o(.text)
    __lib_sel_fp_printf                      0x0000e5bd   Thumb Code     2  _printf_fp_dec.o(.text)
    _printf_fp_dec_real                      0x0000e757   Thumb Code   616  _printf_fp_dec.o(.text)
    _printf_char_common                      0x0000e9d7   Thumb Code    34  _printf_char_common.o(.text)
    _sputc                                   0x0000e9fd   Thumb Code    10  _sputc.o(.text)
    _snputc                                  0x0000ea07   Thumb Code    16  _snputc.o(.text)
    Inline ARM to Thumb Veneer to _printf_char 0x0000ea18   ARM Code       8  _printf_char.o(.text)
    _printf_cs_common                        0x0000ea21   Thumb Code    26  _printf_char.o(.text)
    _printf_char                             0x0000ea3b   Thumb Code    16  _printf_char.o(.text)
    _printf_string                           0x0000ea4b   Thumb Code     8  _printf_char.o(.text)
    _printf_wctomb                           0x0000ea55   Thumb Code   188  _printf_wctomb.o(.text)
    Inline ARM to Thumb Veneer to _printf_longlong_dec 0x0000eb14   ARM Code       8  _printf_longlong_dec.o(.text)
    _printf_longlong_dec                     0x0000eb1d   Thumb Code    98  _printf_longlong_dec.o(.text)
    Inline ARM to Thumb Veneer to _printf_int_oct 0x0000eb90   ARM Code       8  _printf_oct_int_ll.o(.text)
    _printf_longlong_oct                     0x0000eb99   Thumb Code    72  _printf_oct_int_ll.o(.text)
    _printf_int_oct                          0x0000ebe1   Thumb Code    28  _printf_oct_int_ll.o(.text)
    _printf_ll_oct                           0x0000ebfd   Thumb Code    10  _printf_oct_int_ll.o(.text)
    strtol                                   0x0000ec11   Thumb Code   112  strtol.o(.text)
    Inline Thumb to ARM Veneer to __rt_udiv10 0x0000ec85   Thumb Code     4  rtudiv10.o(.text)
    __rt_udiv10                              0x0000ec88   ARM Code      44  rtudiv10.o(.text)
    __user_libspace                          0x0000ecb4   ARM Code      12  libspace.o(.text)
    __user_perproc_libspace                  0x0000ecb4   ARM Code       0  libspace.o(.text)
    __user_perthread_libspace                0x0000ecb4   ARM Code       0  libspace.o(.text)
    Inline Thumb to ARM Veneer to __rt_ctype_table 0x0000ecc1   Thumb Code     4  rt_ctype_table.o(.text)
    __rt_ctype_table                         0x0000ecc4   ARM Code      24  rt_ctype_table.o(.text)
    Inline Thumb to ARM Veneer to __rt_locale 0x0000ecdd   Thumb Code     4  rt_locale_intlibspace.o(.text)
    __rt_locale                              0x0000ece0   ARM Code      16  rt_locale_intlibspace.o(.text)
    __Heap_ProvideMemory                     0x0000ecf1   Thumb Code    56  h1_extend.o(.text)
    Inline Thumb to ARM Veneer to _ll_udiv10 0x0000ed29   Thumb Code     4  lludiv10.o(.text)
    _ll_udiv10                               0x0000ed2c   ARM Code     160  lludiv10.o(.text)
    _printf_fp_infnan                        0x0000edcd   Thumb Code   124  _printf_fp_infnan.o(.text)
    Inline ARM to Thumb Veneer to _printf_wchar 0x0000ee58   ARM Code       8  _printf_wchar.o(.text)
    _printf_lcs_common                       0x0000ee61   Thumb Code    26  _printf_wchar.o(.text)
    _printf_wchar                            0x0000ee7b   Thumb Code    16  _printf_wchar.o(.text)
    _printf_wstring                          0x0000ee8b   Thumb Code     8  _printf_wchar.o(.text)
    _strtoul                                 0x0000ee93   Thumb Code   170  _strtoul.o(.text)
    _btod_etento                             0x0000ef3d   Thumb Code   210  bigflt0.o(.text)
    _wcrtomb                                 0x0000f015   Thumb Code    74  _wcrtomb.o(.text)
    __rt_SIGRTMEM                            0x0000f05f   Thumb Code    16  defsig_rtmem_outer.o(.text)
    __rt_heap_escrow                         0x0000f071   Thumb Code    22  heapauxa.o(.text)
    __rt_heap_expand                         0x0000f087   Thumb Code    50  heapauxa.o(.text)
    __user_setup_stackheap                   0x0000f0bc   ARM Code      96  sys_stackheap_outer.o(.text)
    _chval                                   0x0000f11d   Thumb Code    34  _chval.o(.text)
    exit                                     0x0000f13f   Thumb Code    12  exit.o(.text)
    __sig_exit                               0x0000f14b   Thumb Code    16  defsig_exit.o(.text)
    __rt_SIGRTMEM_inner                      0x0000f15d   Thumb Code    24  defsig_rtmem_inner.o(.text)
    strcmp                                   0x0000f1ac   ARM Code     156  strcmp.o(.text)
    __default_signal_display                 0x0000f24d   Thumb Code    56  defsig_general.o(.text)
    __rt_fp_status_addr                      0x0000f284   ARM Code      16  rt_fp_status_addr_intlibspace.o(.text)
    __aeabi_uidiv                            0x0000f294   ARM Code       0  aeabi_sdiv.o(.text_udiv)
    __aeabi_uidivmod                         0x0000f294   ARM Code      36  aeabi_sdiv.o(.text_udiv)
    Inline Thumb to ARM Veneer to _btod_d2e  0x0000f2b9   Thumb Code     4  btod.o(CL$$btod_d2e)
    _btod_d2e                                0x0000f2bc   ARM Code      56  btod.o(CL$$btod_d2e)
    _d2e_denorm_low                          0x0000f2f4   ARM Code      84  btod.o(CL$$btod_d2e_denorm_low)
    _d2e_norm_op1                            0x0000f348   ARM Code     104  btod.o(CL$$btod_d2e_norm_op1)
    __btod_div_common                        0x0000f3b0   ARM Code     716  btod.o(CL$$btod_div_common)
    _e2e                                     0x0000f6fc   ARM Code     220  btod.o(CL$$btod_e2e)
    Inline Thumb to ARM Veneer to _btod_ediv 0x0000f7d9   Thumb Code     4  btod.o(CL$$btod_ediv)
    _btod_ediv                               0x0000f7dc   ARM Code      52  btod.o(CL$$btod_ediv)
    Inline Thumb to ARM Veneer to _btod_emul 0x0000f811   Thumb Code     4  btod.o(CL$$btod_emul)
    _btod_emul                               0x0000f814   ARM Code      52  btod.o(CL$$btod_emul)
    __btod_mult_common                       0x0000f848   ARM Code     616  btod.o(CL$$btod_mult_common)
    Long ARM to Thumb Veneer to _printf_int_hex 0x0000fab0   ARM Code      12  anon$$obj.o(Veneer$$Code)
    Long ARM to Thumb Veneer to _printf_ll_oct 0x0000fabc   ARM Code      12  anon$$obj.o(Veneer$$Code)
    Long ARM to Thumb Veneer to _printf_ll_hex 0x0000fac8   ARM Code      12  anon$$obj.o(Veneer$$Code)
    Long ARM to Thumb Veneer to _printf_string 0x0000fad4   ARM Code      12  anon$$obj.o(Veneer$$Code)
    Long ARM to Thumb Veneer to _printf_wstring 0x0000fae0   ARM Code      12  anon$$obj.o(Veneer$$Code)
    Short Thumb to ARM Veneer to _sys_exit   0x0000faed   Thumb Code     8  anon$$obj.o(Veneer$$Code)
    Short Thumb to ARM Veneer to _ttywrch    0x0000faf5   Thumb Code     8  anon$$obj.o(Veneer$$Code)
    Long ARM to Thumb Veneer to _printf_fp_dec_real 0x0000fafc   ARM Code      12  anon$$obj.o(Veneer$$Code)
    SPI_DelayNs_psam                         0x0000fb08   ARM Code      28  psam.o(i.SPI_DelayNs_psam)
    __ARM_common_call_via_r1                 0x0000fb25   Thumb Code     2  __printf.o(i.__ARM_common_call_via_r1)
    __ARM_common_call_via_r2                 0x0000fb27   Thumb Code     2  _printf_wctomb.o(i.__ARM_common_call_via_r2)
    __ARM_common_call_via_r3                 0x0000fb29   Thumb Code     2  _wcrtomb.o(i.__ARM_common_call_via_r3)
    Inline Thumb to ARM Veneer to __ARM_fpclassify 0x0000fb2d   Thumb Code     4  fpclassify.o(i.__ARM_fpclassify)
    __ARM_fpclassify                         0x0000fb30   ARM Code      48  fpclassify.o(i.__ARM_fpclassify)
    Inline Thumb to ARM Veneer to _get_lc_numeric 0x0000fb61   Thumb Code     4  lc_numeric_c.o(locale$$code)
    _get_lc_numeric                          0x0000fb64   ARM Code      80  lc_numeric_c.o(locale$$code)
    Inline Thumb to ARM Veneer to _get_lc_ctype 0x0000fbb5   Thumb Code     4  lc_ctype_c.o(locale$$code)
    _get_lc_ctype                            0x0000fbb8   ARM Code      80  lc_ctype_c.o(locale$$code)
    __aeabi_ddiv                             0x0000fc08   ARM Code       0  ddiv.o(x$fpl$ddiv)
    _ddiv                                    0x0000fc08   ARM Code     600  ddiv.o(x$fpl$ddiv)
    __aeabi_i2d                              0x0000fee8   ARM Code       0  dflt_noclz.o(x$fpl$dflt)
    _dflt                                    0x0000fee8   ARM Code      88  dflt_noclz.o(x$fpl$dflt)
    __dflt_normalise                         0x0000fef8   ARM Code       0  dflt_noclz.o(x$fpl$dflt)
    __aeabi_ui2d                             0x0000ff40   ARM Code       0  dflt_noclz.o(x$fpl$dfltu)
    _dfltu                                   0x0000ff40   ARM Code      12  dflt_noclz.o(x$fpl$dfltu)
    __aeabi_dmul                             0x0000ff4c   ARM Code       0  dmul.o(x$fpl$dmul)
    _dmul                                    0x0000ff4c   ARM Code     372  dmul.o(x$fpl$dmul)
    __fpl_dnaninf                            0x000100cc   ARM Code     192  dnaninf.o(x$fpl$dnaninf)
    __fpl_dretinf                            0x0001018c   ARM Code      16  dretinf.o(x$fpl$dretinf)
    Inline Thumb to ARM Veneer to _fp_init   0x0001019d   Thumb Code     4  fpinit.o(x$fpl$fpinit)
    _fp_init                                 0x000101a0   ARM Code      24  fpinit.o(x$fpl$fpinit)
    __fplib_config_pureend_doubles           0x000101b0   ARM Code       0  fpinit.o(x$fpl$fpinit)
    Inline Thumb to ARM Veneer to __ieee_status 0x000101b9   Thumb Code     4  istatus.o(x$fpl$ieeestatus)
    __ieee_status                            0x000101bc   ARM Code       8  istatus.o(x$fpl$ieeestatus)
    _printf_fp_dec                           0x000101c4   ARM Code       4  printf1.o(x$fpl$printf1)
    __I$use$fp                               0x000101c8   ARM Code       0  usenofp.o(x$fpl$usenofp)
    Region$$Table$$Base                      0x000103b0   Number         0  anon$$obj.o(Region$$Table)
    Region$$Table$$Limit                     0x000103d0   Number         0  anon$$obj.o(Region$$Table)
    __ctype                                  0x000103f9   Data           0  lc_ctype_c.o(locale$$data)
    cBeep                                    0x40000208   Data           1  board.o(.data)
    bBeep                                    0x40000209   Data           1  board.o(.data)
    GetKey                                   0x4000020c   Data           4  board.o(.data)
    KeyInit                                  0x40000210   Data           4  board.o(.data)
    Print                                    0x40000214   Data           4  board.o(.data)
    DispInit                                 0x40000218   Data           4  board.o(.data)
    CLS                                      0x4000021c   Data           4  board.o(.data)
    Init_Reader                              0x40000220   Data           4  board.o(.data)
    ReadCardUID                              0x40000224   Data           4  board.o(.data)
    IsBeep                                   0x40000229   Data           1  hd7279a.o(.data)
    gcFIFOLen                                0x40000234   Data           1  mifare.o(.data)
    gcUID                                    0x4000024b   Data           5  mifare.o(.data)
    gcTagType                                0x40000250   Data           2  mifare.o(.data)
    glPrevIDBak                              0x40000254   Data           4  mifare.o(.data)
    gcSecnr                                  0x40000258   Data           1  mifare.o(.data)
    gcCardSeriel                             0x40000259   Data           4  mifare.o(.data)
    sCOMInfo                                 0x40000284   Data        2096  comm.o(.bss)
    DisplayMSG                               0x40000ab4   Data          32  hd7279a.o(.bss)
    __libspace_start                         0x40000c34   Data          96  libspace.o(.bss)
    __temporary_stack_top$libspace           0x40000c94   Data           0  libspace.o(.bss)
    bottom_of_heap                           0x40001094   Data        1024  Startup.o(Heap)
    StackUsr                                 0x40004000   Data           0  Startup.o(Stacks)



==============================================================================

Memory Map of the image

  Image Entry point : 0x00000000

  Load Region ROM_LOAD (Base: 0x00000000, Size: 0x00010780, Max: 0xffffffff, ABSOLUTE, COMPRESSED[0x00010714])

    Execution Region ROM_EXEC (Base: 0x00000000, Size: 0x000104fc, Max: 0xffffffff, ABSOLUTE)

    Base Addr    Size         Type   Attr      Idx    E Section Name        Object

    0x00000000   0x00000124   Code   RO          363  * vectors             HD6P_Lib.lib(Startup.o)(HD6P_Lib.lib)
    0x00000124   0x00000008   Code   RO          542  * !!!main             c_t.l(__main.o)(c_t.l)
    0x0000012c   0x0000003c   Code   RO          885    !!!scatter          c_t.l(__scatter.o)(c_t.l)
    0x00000168   0x00000044   Code   RO          883    !!dczerorl          c_t.l(__dczerorl.o)(c_t.l)
    0x000001ac   0x0000002c   Code   RO          887    !!handler_zi        c_t.l(__scatter_zi.o)(c_t.l)
    0x000001d8   0x00000004   Ven    RO          501    .ARM.Collect$$_printf_percent$$00000000  c_t.l(_printf_percent.o)(c_t.l)
    0x000001dc   0x00000000   Code   RO          501    .ARM.Collect$$_printf_percent$$00000000  c_t.l(_printf_percent.o)(c_t.l)
    0x000001dc   0x00000008   Code   RO          624    .ARM.Collect$$_printf_percent$$00000001  c_t.l(_printf_n.o)(c_t.l)
    0x000001e4   0x00000008   Code   RO          625    .ARM.Collect$$_printf_percent$$00000002  c_t.l(_printf_p.o)(c_t.l)
    0x000001ec   0x00000008   Code   RO          500    .ARM.Collect$$_printf_percent$$00000003  c_t.l(_printf_f.o)(c_t.l)
    0x000001f4   0x00000008   Code   RO          629    .ARM.Collect$$_printf_percent$$00000004  c_t.l(_printf_e.o)(c_t.l)
    0x000001fc   0x00000008   Code   RO          630    .ARM.Collect$$_printf_percent$$00000005  c_t.l(_printf_g.o)(c_t.l)
    0x00000204   0x00000008   Code   RO          631    .ARM.Collect$$_printf_percent$$00000006  c_t.l(_printf_a.o)(c_t.l)
    0x0000020c   0x0000000c   Code   RO          636    .ARM.Collect$$_printf_percent$$00000007  c_t.l(_printf_ll.o)(c_t.l)
    0x00000218   0x00000008   Code   RO          627    .ARM.Collect$$_printf_percent$$00000008  c_t.l(_printf_i.o)(c_t.l)
    0x00000220   0x00000008   Code   RO          499    .ARM.Collect$$_printf_percent$$00000009  c_t.l(_printf_d.o)(c_t.l)
    0x00000228   0x00000008   Code   RO          628    .ARM.Collect$$_printf_percent$$0000000A  c_t.l(_printf_u.o)(c_t.l)
    0x00000230   0x00000008   Code   RO          626    .ARM.Collect$$_printf_percent$$0000000B  c_t.l(_printf_o.o)(c_t.l)
    0x00000238   0x00000008   Code   RO          498    .ARM.Collect$$_printf_percent$$0000000C  c_t.l(_printf_x.o)(c_t.l)
    0x00000240   0x00000008   Code   RO          633    .ARM.Collect$$_printf_percent$$0000000D  c_t.l(_printf_lli.o)(c_t.l)
    0x00000248   0x00000008   Code   RO          634    .ARM.Collect$$_printf_percent$$0000000E  c_t.l(_printf_lld.o)(c_t.l)
    0x00000250   0x00000008   Code   RO          635    .ARM.Collect$$_printf_percent$$0000000F  c_t.l(_printf_llu.o)(c_t.l)
    0x00000258   0x00000008   Code   RO          640    .ARM.Collect$$_printf_percent$$00000010  c_t.l(_printf_llo.o)(c_t.l)
    0x00000260   0x00000008   Code   RO          641    .ARM.Collect$$_printf_percent$$00000011  c_t.l(_printf_llx.o)(c_t.l)
    0x00000268   0x0000000c   Code   RO          637    .ARM.Collect$$_printf_percent$$00000012  c_t.l(_printf_l.o)(c_t.l)
    0x00000274   0x00000008   Code   RO          496    .ARM.Collect$$_printf_percent$$00000013  c_t.l(_printf_c.o)(c_t.l)
    0x0000027c   0x00000008   Code   RO          497    .ARM.Collect$$_printf_percent$$00000014  c_t.l(_printf_s.o)(c_t.l)
    0x00000284   0x00000008   Code   RO          638    .ARM.Collect$$_printf_percent$$00000015  c_t.l(_printf_lc.o)(c_t.l)
    0x0000028c   0x00000008   Code   RO          639    .ARM.Collect$$_printf_percent$$00000016  c_t.l(_printf_ls.o)(c_t.l)
    0x00000294   0x00000008   Code   RO          632    .ARM.Collect$$_printf_percent$$00000017  c_t.l(_printf_percent_end.o)(c_t.l)
    0x0000029c   0x00000008   Ven    RO          820    .ARM.Collect$$libinit$$00000000  c_t.l(libinit.o)(c_t.l)
    0x000002a4   0x00000006   Code   RO          820    .ARM.Collect$$libinit$$00000000  c_t.l(libinit.o)(c_t.l)
    0x000002aa   0x00000008   Code   RO          648    .ARM.Collect$$libinit$$00000001  c_t.l(libinit2.o)(c_t.l)
    0x000002b2   0x00000000   Code   RO          650    .ARM.Collect$$libinit$$00000006  c_t.l(libinit2.o)(c_t.l)
    0x000002b2   0x00000000   Code   RO          652    .ARM.Collect$$libinit$$00000008  c_t.l(libinit2.o)(c_t.l)
    0x000002b2   0x00000000   Code   RO          654    .ARM.Collect$$libinit$$0000000A  c_t.l(libinit2.o)(c_t.l)
    0x000002b2   0x00000006   Code   RO          655    .ARM.Collect$$libinit$$0000000B  c_t.l(libinit2.o)(c_t.l)
    0x000002b8   0x00000000   Code   RO          657    .ARM.Collect$$libinit$$0000000D  c_t.l(libinit2.o)(c_t.l)
    0x000002b8   0x0000000c   Code   RO          658    .ARM.Collect$$libinit$$0000000E  c_t.l(libinit2.o)(c_t.l)
    0x000002c4   0x00000000   Code   RO          659    .ARM.Collect$$libinit$$0000000F  c_t.l(libinit2.o)(c_t.l)
    0x000002c4   0x00000000   Code   RO          661    .ARM.Collect$$libinit$$00000011  c_t.l(libinit2.o)(c_t.l)
    0x000002c4   0x0000000a   Code   RO          662    .ARM.Collect$$libinit$$00000012  c_t.l(libinit2.o)(c_t.l)
    0x000002ce   0x00000000   Code   RO          663    .ARM.Collect$$libinit$$00000013  c_t.l(libinit2.o)(c_t.l)
    0x000002ce   0x00000000   Code   RO          665    .ARM.Collect$$libinit$$00000015  c_t.l(libinit2.o)(c_t.l)
    0x000002ce   0x00000000   Code   RO          667    .ARM.Collect$$libinit$$00000017  c_t.l(libinit2.o)(c_t.l)
    0x000002ce   0x00000000   Code   RO          669    .ARM.Collect$$libinit$$00000019  c_t.l(libinit2.o)(c_t.l)
    0x000002ce   0x00000000   Code   RO          671    .ARM.Collect$$libinit$$0000001B  c_t.l(libinit2.o)(c_t.l)
    0x000002ce   0x00000000   Code   RO          673    .ARM.Collect$$libinit$$0000001D  c_t.l(libinit2.o)(c_t.l)
    0x000002ce   0x00000000   Code   RO          675    .ARM.Collect$$libinit$$0000001F  c_t.l(libinit2.o)(c_t.l)
    0x000002ce   0x00000000   Code   RO          677    .ARM.Collect$$libinit$$00000021  c_t.l(libinit2.o)(c_t.l)
    0x000002ce   0x00000000   Code   RO          681    .ARM.Collect$$libinit$$00000028  c_t.l(libinit2.o)(c_t.l)
    0x000002ce   0x00000000   Code   RO          683    .ARM.Collect$$libinit$$0000002A  c_t.l(libinit2.o)(c_t.l)
    0x000002ce   0x00000000   Code   RO          685    .ARM.Collect$$libinit$$0000002C  c_t.l(libinit2.o)(c_t.l)
    0x000002ce   0x00000000   Code   RO          687    .ARM.Collect$$libinit$$0000002E  c_t.l(libinit2.o)(c_t.l)
    0x000002ce   0x0000000c   Code   RO          688    .ARM.Collect$$libinit$$0000002F  c_t.l(libinit2.o)(c_t.l)
    0x000002da   0x00000002   PAD
    0x000002dc   0x00000008   Ven    RO          881    .ARM.Collect$$libshutdown$$00000000  c_t.l(libshutdown.o)(c_t.l)
    0x000002e4   0x00000004   Code   RO          881    .ARM.Collect$$libshutdown$$00000000  c_t.l(libshutdown.o)(c_t.l)
    0x000002e8   0x00000000   Code   RO          833    .ARM.Collect$$libshutdown$$00000003  c_t.l(libshutdown2.o)(c_t.l)
    0x000002e8   0x00000000   Code   RO          836    .ARM.Collect$$libshutdown$$00000006  c_t.l(libshutdown2.o)(c_t.l)
    0x000002e8   0x00000000   Code   RO          839    .ARM.Collect$$libshutdown$$00000009  c_t.l(libshutdown2.o)(c_t.l)
    0x000002e8   0x00000000   Code   RO          841    .ARM.Collect$$libshutdown$$0000000B  c_t.l(libshutdown2.o)(c_t.l)
    0x000002e8   0x00000000   Code   RO          844    .ARM.Collect$$libshutdown$$0000000E  c_t.l(libshutdown2.o)(c_t.l)
    0x000002e8   0x00000006   Code   RO          845    .ARM.Collect$$libshutdown$$0000000F  c_t.l(libshutdown2.o)(c_t.l)
    0x000002ee   0x00000002   PAD
    0x000002f0   0x00000000   Code   RO          558    .ARM.Collect$$rtentry$$00000000  c_t.l(rtentry.o)(c_t.l)
    0x000002f0   0x00000000   Code   RO          698    .ARM.Collect$$rtentry$$00000002  c_t.l(rtentry2.o)(c_t.l)
    0x000002f0   0x00000008   Code   RO          713    .ARM.Collect$$rtentry$$00000004  c_t.l(rtentry4.o)(c_t.l)
    0x000002f8   0x00000000   Code   RO          700    .ARM.Collect$$rtentry$$00000009  c_t.l(rtentry2.o)(c_t.l)
    0x000002f8   0x00000004   Code   RO          701    .ARM.Collect$$rtentry$$0000000A  c_t.l(rtentry2.o)(c_t.l)
    0x000002fc   0x00000000   Code   RO          703    .ARM.Collect$$rtentry$$0000000C  c_t.l(rtentry2.o)(c_t.l)
    0x000002fc   0x00000028   Code   RO          704    .ARM.Collect$$rtentry$$0000000D  c_t.l(rtentry2.o)(c_t.l)
    0x00000324   0x00000004   Ven    RO          821    .ARM.Collect$$rtexit$$00000000  c_t.l(rtexit.o)(c_t.l)
    0x00000328   0x00000004   Code   RO          821    .ARM.Collect$$rtexit$$00000000  c_t.l(rtexit.o)(c_t.l)
    0x0000032c   0x00000000   Code   RO          849    .ARM.Collect$$rtexit$$00000002  c_t.l(rtexit2.o)(c_t.l)
    0x0000032c   0x00000004   Code   RO          850    .ARM.Collect$$rtexit$$00000003  c_t.l(rtexit2.o)(c_t.l)
    0x00000330   0x00000008   Code   RO          851    .ARM.Collect$$rtexit$$00000004  c_t.l(rtexit2.o)(c_t.l)
    0x00000338   0x00000000   Code   RO          724    .emb_text           c_t.l(maybetermalloc1.o)(c_t.l)
    0x00000338   0x0000025c   Code   RO            1    .text               main.o
    0x00000594   0x000000e4   Code   RO          104    .text               sp_flash_store.o
    0x00000678   0x00000758   Code   RO          160    .text               sp_menu.o
    0x00000dd0   0x00001728   Code   RO          214    .text               sp_cardoper.o
    0x000024f8   0x00000174   Code   RO          237    .text               rfmod.o
    0x0000266c   0x00000b98   Code   RO          249    .text               sp_consume.o
    0x00003204   0x00000bc4   Code   RO          261    .text               sp_pubfunc.o
    0x00003dc8   0x00001228   Code   RO          281    .text               sp_flash_impl.o
    0x00004ff0   0x00000218   Code   RO          294    .text               sp_communicate.o
    0x00005208   0x00000d54   Code   RO          306    .text               sp_disp.o
    0x00005f5c   0x00000284   Code   RO          325    .text               HD6P_Lib.lib(board.o)(HD6P_Lib.lib)
    0x000061e0   0x00000814   Code   RO          328    .text               HD6P_Lib.lib(comm.o)(HD6P_Lib.lib)
    0x000069f4   0x00000c08   Code   RO          331    .text               HD6P_Lib.lib(hd7279a.o)(HD6P_Lib.lib)
    0x000075fc   0x00000a98   Code   RO          335    .text               HD6P_Lib.lib(lcd.o)(HD6P_Lib.lib)
    0x00008094   0x00002c7c   Code   RO          338    .text               HD6P_Lib.lib(mifare.o)(HD6P_Lib.lib)
    0x0000ad10   0x000007b4   Code   RO          342    .text               HD6P_Lib.lib(psam.o)(HD6P_Lib.lib)
    0x0000b4c4   0x00000760   Code   RO          346    .text               HD6P_Lib.lib(rtc.o)(HD6P_Lib.lib)
    0x0000bc24   0x00000d48   Code   RO          349    .text               HD6P_Lib.lib(m25pe16.o)(HD6P_Lib.lib)
    0x0000c96c   0x0000012c   Code   RO          352    .text               HD6P_Lib.lib(printer.o)(HD6P_Lib.lib)
    0x0000ca98   0x000007b8   Code   RO          354    .text               HD6P_Lib.lib(timer.o)(HD6P_Lib.lib)
    0x0000d250   0x000004a8   Code   RO          358    .text               HD6P_Lib.lib(iic.o)(HD6P_Lib.lib)
    0x0000d6f8   0x00000170   Code   RO          360    .text               HD6P_Lib.lib(pca9554.o)(HD6P_Lib.lib)
    0x0000d868   0x000001a0   Code   RO          367    .text               HD6P_Lib.lib(target.o)(HD6P_Lib.lib)
    0x0000da08   0x00000004   Code   RO          371    .text               c_t.l(use_no_semi.o)(c_t.l)
    0x0000da0c   0x00000008   Ven    RO          377    .text               c_t.l(h1_alloc.o)(c_t.l)
    0x0000da14   0x00000074   Code   RO          377    .text               c_t.l(h1_alloc.o)(c_t.l)
    0x0000da88   0x00000008   Ven    RO          379    .text               c_t.l(h1_free.o)(c_t.l)
    0x0000da90   0x00000054   Code   RO          379    .text               c_t.l(h1_free.o)(c_t.l)
    0x0000dae4   0x00000008   Ven    RO          439    .text               c_t.l(c89vsnprintf.o)(c_t.l)
    0x0000daec   0x0000003c   Code   RO          439    .text               c_t.l(c89vsnprintf.o)(c_t.l)
    0x0000db28   0x00000008   Ven    RO          441    .text               c_t.l(__2sprintf.o)(c_t.l)
    0x0000db30   0x0000002c   Code   RO          441    .text               c_t.l(__2sprintf.o)(c_t.l)
    0x0000db5c   0x00000054   Code   RO          451    .text               c_t.l(_printf_pad.o)(c_t.l)
    0x0000dbb0   0x00000058   Code   RO          453    .text               c_t.l(_printf_str.o)(c_t.l)
    0x0000dc08   0x00000008   Ven    RO          455    .text               c_t.l(_printf_dec.o)(c_t.l)
    0x0000dc10   0x00000070   Code   RO          455    .text               c_t.l(_printf_dec.o)(c_t.l)
    0x0000dc80   0x00000008   Ven    RO          475    .text               c_t.l(_printf_hex_int_ll_ptr.o)(c_t.l)
    0x0000dc88   0x000000a0   Code   RO          475    .text               c_t.l(_printf_hex_int_ll_ptr.o)(c_t.l)
    0x0000dd28   0x000001a8   Code   RO          493    .text               c_t.l(__printf_flags_ss_wp.o)(c_t.l)
    0x0000ded0   0x00000008   Ven    RO          502    .text               c_t.l(atoi.o)(c_t.l)
    0x0000ded8   0x0000001e   Code   RO          502    .text               c_t.l(atoi.o)(c_t.l)
    0x0000def6   0x00000002   PAD
    0x0000def8   0x00000008   Ven    RO          504    .text               c_t.l(strchr.o)(c_t.l)
    0x0000df00   0x00000016   Code   RO          504    .text               c_t.l(strchr.o)(c_t.l)
    0x0000df16   0x00000002   PAD
    0x0000df18   0x00000008   Ven    RO          506    .text               c_t.l(memcmp.o)(c_t.l)
    0x0000df20   0x00000076   Code   RO          506    .text               c_t.l(memcmp.o)(c_t.l)
    0x0000df96   0x00000002   PAD
    0x0000df98   0x00000008   Ven    RO          508    .text               c_t.l(strcpy.o)(c_t.l)
    0x0000dfa0   0x00000050   Code   RO          508    .text               c_t.l(strcpy.o)(c_t.l)
    0x0000dff0   0x00000008   Ven    RO          510    .text               c_t.l(strlen.o)(c_t.l)
    0x0000dff8   0x00000044   Code   RO          510    .text               c_t.l(strlen.o)(c_t.l)
    0x0000e03c   0x000000d4   Code   RO          512    .text               c_t.l(rt_memcpy.o)(c_t.l)
    0x0000e110   0x00000064   Code   RO          514    .text               c_t.l(rt_memcpy_w.o)(c_t.l)
    0x0000e174   0x00000010   Code   RO          516    .text               c_t.l(aeabi_memset.o)(c_t.l)
    0x0000e184   0x00000040   Code   RO          518    .text               c_t.l(rt_memclr.o)(c_t.l)
    0x0000e1c4   0x00000054   Code   RO          520    .text               c_t.l(rt_memclr_w.o)(c_t.l)
    0x0000e218   0x00000020   Code   RO          522    .text               c_t.l(uread4.o)(c_t.l)
    0x0000e238   0x00000020   Code   RO          524    .text               c_t.l(uwrite4.o)(c_t.l)
    0x0000e258   0x00000004   Ven    RO          526    .text               c_t.l(aeabi_sdiv.o)(c_t.l)
    0x0000e25c   0x00000180   Code   RO          526    .text               c_t.l(aeabi_sdiv.o)(c_t.l)
    0x0000e3dc   0x00000004   Ven    RO          567    .text               c_t.l(rt_heap_descriptor_intlibspace.o)(c_t.l)
    0x0000e3e0   0x00000010   Code   RO          567    .text               c_t.l(rt_heap_descriptor_intlibspace.o)(c_t.l)
    0x0000e3f0   0x00000004   Ven    RO          572    .text               c_t.l(rt_errno_addr_intlibspace.o)(c_t.l)
    0x0000e3f4   0x00000010   Code   RO          572    .text               c_t.l(rt_errno_addr_intlibspace.o)(c_t.l)
    0x0000e404   0x00000004   Code   RO          574    .text               c_t.l(hguard.o)(c_t.l)
    0x0000e408   0x00000094   Code   RO          576    .text               c_t.l(init_alloc.o)(c_t.l)
    0x0000e49c   0x0000000e   Code   RO          580    .text               c_t.l(h1_init.o)(c_t.l)
    0x0000e4aa   0x0000002c   Code   RO          594    .text               c_t.l(_printf_truncate.o)(c_t.l)
    0x0000e4d6   0x000000b6   Code   RO          596    .text               c_t.l(_printf_intcommon.o)(c_t.l)
    0x0000e58c   0x00000008   Ven    RO          598    .text               c_t.l(_printf_charcount.o)(c_t.l)
    0x0000e594   0x00000028   Code   RO          598    .text               c_t.l(_printf_charcount.o)(c_t.l)
    0x0000e5bc   0x00000410   Code   RO          600    .text               c_t.l(_printf_fp_dec.o)(c_t.l)
    0x0000e9cc   0x00000030   Code   RO          602    .text               c_t.l(_printf_char_common.o)(c_t.l)
    0x0000e9fc   0x0000000a   Code   RO          604    .text               c_t.l(_sputc.o)(c_t.l)
    0x0000ea06   0x00000010   Code   RO          606    .text               c_t.l(_snputc.o)(c_t.l)
    0x0000ea16   0x00000002   PAD
    0x0000ea18   0x00000008   Ven    RO          608    .text               c_t.l(_printf_char.o)(c_t.l)
    0x0000ea20   0x00000032   Code   RO          608    .text               c_t.l(_printf_char.o)(c_t.l)
    0x0000ea52   0x00000002   PAD
    0x0000ea54   0x000000c0   Code   RO          610    .text               c_t.l(_printf_wctomb.o)(c_t.l)
    0x0000eb14   0x00000008   Ven    RO          616    .text               c_t.l(_printf_longlong_dec.o)(c_t.l)
    0x0000eb1c   0x00000074   Code   RO          616    .text               c_t.l(_printf_longlong_dec.o)(c_t.l)
    0x0000eb90   0x00000008   Ven    RO          622    .text               c_t.l(_printf_oct_int_ll.o)(c_t.l)
    0x0000eb98   0x00000078   Code   RO          622    .text               c_t.l(_printf_oct_int_ll.o)(c_t.l)
    0x0000ec10   0x00000074   Code   RO          642    .text               c_t.l(strtol.o)(c_t.l)
    0x0000ec84   0x00000004   Ven    RO          644    .text               c_t.l(rtudiv10.o)(c_t.l)
    0x0000ec88   0x0000002c   Code   RO          644    .text               c_t.l(rtudiv10.o)(c_t.l)
    0x0000ecb4   0x0000000c   Code   RO          694    .text               c_t.l(libspace.o)(c_t.l)
    0x0000ecc0   0x00000004   Ven    RO          715    .text               c_t.l(rt_ctype_table.o)(c_t.l)
    0x0000ecc4   0x00000018   Code   RO          715    .text               c_t.l(rt_ctype_table.o)(c_t.l)
    0x0000ecdc   0x00000004   Ven    RO          720    .text               c_t.l(rt_locale_intlibspace.o)(c_t.l)
    0x0000ece0   0x00000010   Code   RO          720    .text               c_t.l(rt_locale_intlibspace.o)(c_t.l)
    0x0000ecf0   0x00000038   Code   RO          728    .text               c_t.l(h1_extend.o)(c_t.l)
    0x0000ed28   0x00000004   Ven    RO          732    .text               c_t.l(lludiv10.o)(c_t.l)
    0x0000ed2c   0x000000a0   Code   RO          732    .text               c_t.l(lludiv10.o)(c_t.l)
    0x0000edcc   0x0000008c   Code   RO          734    .text               c_t.l(_printf_fp_infnan.o)(c_t.l)
    0x0000ee58   0x00000008   Ven    RO          740    .text               c_t.l(_printf_wchar.o)(c_t.l)
    0x0000ee60   0x00000032   Code   RO          740    .text               c_t.l(_printf_wchar.o)(c_t.l)
    0x0000ee92   0x000000aa   Code   RO          742    .text               c_t.l(_strtoul.o)(c_t.l)
    0x0000ef3c   0x000000d8   Code   RO          744    .text               c_t.l(bigflt0.o)(c_t.l)
    0x0000f014   0x0000004a   Code   RO          769    .text               c_t.l(_wcrtomb.o)(c_t.l)
    0x0000f05e   0x00000010   Code   RO          776    .text               c_t.l(defsig_rtmem_outer.o)(c_t.l)
    0x0000f06e   0x00000002   PAD
    0x0000f070   0x0000004c   Code   RO          780    .text               c_t.l(heapauxa.o)(c_t.l)
    0x0000f0bc   0x00000060   Code   RO          791    .text               c_t.l(sys_stackheap_outer.o)(c_t.l)
    0x0000f11c   0x00000022   Code   RO          797    .text               c_t.l(_chval.o)(c_t.l)
    0x0000f13e   0x0000000c   Code   RO          802    .text               c_t.l(exit.o)(c_t.l)
    0x0000f14a   0x00000010   Code   RO          804    .text               c_t.l(defsig_exit.o)(c_t.l)
    0x0000f15a   0x00000002   PAD
    0x0000f15c   0x00000050   Code   RO          806    .text               c_t.l(defsig_rtmem_inner.o)(c_t.l)
    0x0000f1ac   0x000000a0   Code   RO          808    .text               c_t.l(strcmp.o)(c_t.l)
    0x0000f24c   0x00000038   Code   RO          829    .text               c_t.l(defsig_general.o)(c_t.l)
    0x0000f284   0x00000010   Code   RO          859    .text               c_t.l(rt_fp_status_addr_intlibspace.o)(c_t.l)
    0x0000f294   0x00000024   Code   RO          527    .text_udiv          c_t.l(aeabi_sdiv.o)(c_t.l)
    0x0000f2b8   0x00000004   Ven    RO          747    CL$$btod_d2e        c_t.l(btod.o)(c_t.l)
    0x0000f2bc   0x00000038   Code   RO          747    CL$$btod_d2e        c_t.l(btod.o)(c_t.l)
    0x0000f2f4   0x00000054   Code   RO          749    CL$$btod_d2e_denorm_low  c_t.l(btod.o)(c_t.l)
    0x0000f348   0x00000068   Code   RO          748    CL$$btod_d2e_norm_op1  c_t.l(btod.o)(c_t.l)
    0x0000f3b0   0x0000034c   Code   RO          757    CL$$btod_div_common  c_t.l(btod.o)(c_t.l)
    0x0000f6fc   0x000000dc   Code   RO          754    CL$$btod_e2e        c_t.l(btod.o)(c_t.l)
    0x0000f7d8   0x00000004   Ven    RO          751    CL$$btod_ediv       c_t.l(btod.o)(c_t.l)
    0x0000f7dc   0x00000034   Code   RO          751    CL$$btod_ediv       c_t.l(btod.o)(c_t.l)
    0x0000f810   0x00000004   Ven    RO          750    CL$$btod_emul       c_t.l(btod.o)(c_t.l)
    0x0000f814   0x00000034   Code   RO          750    CL$$btod_emul       c_t.l(btod.o)(c_t.l)
    0x0000f848   0x00000268   Code   RO          756    CL$$btod_mult_common  c_t.l(btod.o)(c_t.l)
    0x0000fab0   0x0000000c   Ven    RO          924    Veneer$$Code        anon$$obj.o
    0x0000fabc   0x0000000c   Ven    RO          925    Veneer$$Code        anon$$obj.o
    0x0000fac8   0x0000000c   Ven    RO          926    Veneer$$Code        anon$$obj.o
    0x0000fad4   0x0000000c   Ven    RO          927    Veneer$$Code        anon$$obj.o
    0x0000fae0   0x0000000c   Ven    RO          928    Veneer$$Code        anon$$obj.o
    0x0000faec   0x00000008   Ven    RO          929    Veneer$$Code        anon$$obj.o
    0x0000faf4   0x00000008   Ven    RO          930    Veneer$$Code        anon$$obj.o
    0x0000fafc   0x0000000c   Ven    RO          931    Veneer$$Code        anon$$obj.o
    0x0000fb08   0x0000001c   Code   RO          344    i.SPI_DelayNs_psam  HD6P_Lib.lib(psam.o)(HD6P_Lib.lib)
    0x0000fb24   0x00000002   Code   RO          449    i.__ARM_common_call_via_r1  c_t.l(__printf.o)(c_t.l)
    0x0000fb26   0x00000002   Code   RO          614    i.__ARM_common_call_via_r2  c_t.l(_printf_wctomb.o)(c_t.l)
    0x0000fb28   0x00000002   Code   RO          771    i.__ARM_common_call_via_r3  c_t.l(_wcrtomb.o)(c_t.l)
    0x0000fb2a   0x00000002   PAD
    0x0000fb2c   0x00000004   Ven    RO          789    i.__ARM_fpclassify  m_ts.l(fpclassify.o)(m_ts.l)
    0x0000fb30   0x00000030   Code   RO          789    i.__ARM_fpclassify  m_ts.l(fpclassify.o)(m_ts.l)
    0x0000fb60   0x00000004   Ven    RO          774    locale$$code        c_t.l(lc_numeric_c.o)(c_t.l)
    0x0000fb64   0x00000050   Code   RO          774    locale$$code        c_t.l(lc_numeric_c.o)(c_t.l)
    0x0000fbb4   0x00000004   Ven    RO          800    locale$$code        c_t.l(lc_ctype_c.o)(c_t.l)
    0x0000fbb8   0x00000050   Code   RO          800    locale$$code        c_t.l(lc_ctype_c.o)(c_t.l)
    0x0000fc08   0x000002e0   Code   RO          545    x$fpl$ddiv          fz_ts.l(ddiv.o)(fz_ts.l)
    0x0000fee8   0x00000058   Code   RO          549    x$fpl$dflt          fz_ts.l(dflt_noclz.o)(fz_ts.l)
    0x0000ff40   0x0000000c   Code   RO          548    x$fpl$dfltu         fz_ts.l(dflt_noclz.o)(fz_ts.l)
    0x0000ff4c   0x00000180   Code   RO          552    x$fpl$dmul          fz_ts.l(dmul.o)(fz_ts.l)
    0x000100cc   0x000000c0   Code   RO          689    x$fpl$dnaninf       fz_ts.l(dnaninf.o)(fz_ts.l)
    0x0001018c   0x00000010   Code   RO          691    x$fpl$dretinf       fz_ts.l(dretinf.o)(fz_ts.l)
    0x0001019c   0x00000004   Ven    RO          846    x$fpl$fpinit        fz_ts.l(fpinit.o)(fz_ts.l)
    0x000101a0   0x00000018   Code   RO          846    x$fpl$fpinit        fz_ts.l(fpinit.o)(fz_ts.l)
    0x000101b8   0x00000004   Ven    RO          787    x$fpl$ieeestatus    fz_ts.l(istatus.o)(fz_ts.l)
    0x000101bc   0x00000008   Code   RO          787    x$fpl$ieeestatus    fz_ts.l(istatus.o)(fz_ts.l)
    0x000101c4   0x00000004   Code   RO          554    x$fpl$printf1       fz_ts.l(printf1.o)(fz_ts.l)
    0x000101c8   0x00000000   Code   RO          693    x$fpl$usenofp       fz_ts.l(usenofp.o)(fz_ts.l)
    0x000101c8   0x00000005   Data   RO            2    .constdata          main.o
    0x000101cd   0x00000003   PAD
    0x000101d0   0x00000040   Data   RO          161    .constdata          sp_menu.o
    0x00010210   0x00000059   Data   RO          282    .constdata          sp_flash_impl.o
    0x00010269   0x00000028   Data   RO          476    .constdata          c_t.l(_printf_hex_int_ll_ptr.o)(c_t.l)
    0x00010291   0x00000011   Data   RO          494    .constdata          c_t.l(__printf_flags_ss_wp.o)(c_t.l)
    0x000102a2   0x00000002   PAD
    0x000102a4   0x00000008   Data   RO          611    .constdata          c_t.l(_printf_wctomb.o)(c_t.l)
    0x000102ac   0x00000094   Data   RO          745    .constdata          c_t.l(bigflt0.o)(c_t.l)
    0x00010340   0x00000070   Data   RO          162    .conststring        sp_menu.o
    0x000103b0   0x00000020   Data   RO          882    Region$$Table       anon$$obj.o
    0x000103d0   0x0000001c   Data   RO          773    locale$$data        c_t.l(lc_numeric_c.o)(c_t.l)
    0x000103ec   0x00000110   Data   RO          799    locale$$data        c_t.l(lc_ctype_c.o)(c_t.l)


    Execution Region IRAM (Base: 0x40000000, Size: 0x00001094, Max: 0xffffffff, ABSOLUTE, COMPRESSED[0x00000218])

    Base Addr    Size         Type   Attr      Idx    E Section Name        Object

    0x40000000   0x00000008   Data   RW          215    .data               sp_cardoper.o
    0x40000008   0x00000200   Data   RW          262    .data               sp_pubfunc.o
    0x40000208   0x00000020   Data   RW          326    .data               HD6P_Lib.lib(board.o)(HD6P_Lib.lib)
    0x40000228   0x00000003   Data   RW          333    .data               HD6P_Lib.lib(hd7279a.o)(HD6P_Lib.lib)
    0x4000022b   0x00000006   Data   RW          336    .data               HD6P_Lib.lib(lcd.o)(HD6P_Lib.lib)
    0x40000231   0x00000003   PAD
    0x40000234   0x0000002e   Data   RW          340    .data               HD6P_Lib.lib(mifare.o)(HD6P_Lib.lib)
    0x40000262   0x0000000a   Data   RW          347    .data               HD6P_Lib.lib(rtc.o)(HD6P_Lib.lib)
    0x4000026c   0x00000004   Data   RW          350    .data               HD6P_Lib.lib(m25pe16.o)(HD6P_Lib.lib)
    0x40000270   0x0000000c   Data   RW          356    .data               HD6P_Lib.lib(timer.o)(HD6P_Lib.lib)
    0x4000027c   0x00000001   Data   RW          361    .data               HD6P_Lib.lib(pca9554.o)(HD6P_Lib.lib)
    0x4000027d   0x00000003   PAD
    0x40000280   0x00000004   Data   RW          781    .data               c_t.l(heapauxa.o)(c_t.l)
    0x40000284   0x00000830   Zero   RW          329    .bss                HD6P_Lib.lib(comm.o)(HD6P_Lib.lib)
    0x40000ab4   0x00000020   Zero   RW          332    .bss                HD6P_Lib.lib(hd7279a.o)(HD6P_Lib.lib)
    0x40000ad4   0x00000100   Zero   RW          339    .bss                HD6P_Lib.lib(mifare.o)(HD6P_Lib.lib)
    0x40000bd4   0x00000060   Zero   RW          355    .bss                HD6P_Lib.lib(timer.o)(HD6P_Lib.lib)
    0x40000c34   0x00000060   Zero   RW          695    .bss                c_t.l(libspace.o)(c_t.l)
    0x40000c94   0x00000400   Zero   RW          364    MyStacks            HD6P_Lib.lib(Startup.o)(HD6P_Lib.lib)


    Execution Region HEAP (Base: 0x40001094, Size: 0x00000400, Max: 0xffffffff, ABSOLUTE, UNINIT)

    Base Addr    Size         Type   Attr      Idx    E Section Name        Object

    0x40001094   0x00000400   Zero   RW          365    Heap                HD6P_Lib.lib(Startup.o)(HD6P_Lib.lib)


    Execution Region STACKS (Base: 0x40004000, Size: 0x00000000, Max: 0xffffffff, ABSOLUTE, UNINIT)

    Base Addr    Size         Type   Attr      Idx    E Section Name        Object

    0x40004000   0x00000000   Zero   RW          366    Stacks              HD6P_Lib.lib(Startup.o)(HD6P_Lib.lib)


==============================================================================

Image component sizes


      Code (inc. data)   RO Data    RW Data    ZI Data      Debug   Object Name

       604        192          5          0          0          0   main.o
       372         40          0          0          0          0   rfmod.o
      5928        820          0          8          0          0   sp_cardoper.o
       536         48          0          0          0          0   sp_communicate.o
      2968        184          0          0          0          0   sp_consume.o
      3412        284          0          0          0          0   sp_disp.o
      4648        572         89          0          0          0   sp_flash_impl.o
       228          0          0          0          0          0   sp_flash_store.o
      1880        212        176          0          0          0   sp_menu.o
      3012         92          0        512          0          0   sp_pubfunc.o

    ----------------------------------------------------------------------
     23676       2468        305        520          0          0   Object Totals
        88         24         32          0          0          0   (incl. Generated)
         0          0          3          0          0          3   (incl. Padding)

    ----------------------------------------------------------------------

      Code (inc. data)   RO Data    RW Data    ZI Data      Debug   Library Member Name

       292         84          0          0       2048          0   Startup.o
       644         72          0         32          0          0   board.o
      2068         64          0          0       2096          0   comm.o
      3080         44          0          3         32          0   hd7279a.o
      1192          4          0          0          0          0   iic.o
      2712         36          0          6          0          0   lcd.o
      3400         24          0          4          0          0   m25pe16.o
     11388         76          0         46        256          0   mifare.o
       368          4          0          1          0          0   pca9554.o
       300          8          0          0          0          0   printer.o
      2000         12          0          0          0          0   psam.o
      1888         32          0         10          0          0   rtc.o
       416          4          0          0          0          0   target.o
      1976         52          0         12         96          0   timer.o
        52          4          0          0          0          0   __2sprintf.o
        68          2          0          0          0          0   __dczerorl.o
         8          0          0          0          0          0   __main.o
         2          0          0          0          0          0   __printf.o
       424          4         17          0          0          0   __printf_flags_ss_wp.o
        60          8          0          0          0          0   __scatter.o
        44          0          0          0          0          0   __scatter_zi.o
        34          0          0          0          0          0   _chval.o
         8          0          0          0          0          0   _printf_a.o
         8          0          0          0          0          0   _printf_c.o
        58          0          0          0          0          0   _printf_char.o
        48          4          0          0          0          0   _printf_char_common.o
        48          0          0          0          0          0   _printf_charcount.o
         8          0          0          0          0          0   _printf_d.o
       120         18          0          0          0          0   _printf_dec.o
         8          0          0          0          0          0   _printf_e.o
         8          0          0          0          0          0   _printf_f.o
      1040         14          0          0          0          0   _printf_fp_dec.o
       140         16          0          0          0          0   _printf_fp_infnan.o
         8          0          0          0          0          0   _printf_g.o
       168          4         40          0          0          0   _printf_hex_int_ll_ptr.o
         8          0          0          0          0          0   _printf_i.o
       182          0          0          0          0          0   _printf_intcommon.o
        12          0          0          0          0          0   _printf_l.o
         8          0          0          0          0          0   _printf_lc.o
        12          0          0          0          0          0   _printf_ll.o
         8          0          0          0          0          0   _printf_lld.o
         8          0          0          0          0          0   _printf_lli.o
         8          0          0          0          0          0   _printf_llo.o
         8          0          0          0          0          0   _printf_llu.o
         8          0          0          0          0          0   _printf_llx.o
       124         18          0          0          0          0   _printf_longlong_dec.o
         8          0          0          0          0          0   _printf_ls.o
         8          0          0          0          0          0   _printf_n.o
         8          0          0          0          0          0   _printf_o.o
       128         10          0          0          0          0   _printf_oct_int_ll.o
         8          0          0          0          0          0   _printf_p.o
        84          0          0          0          0          0   _printf_pad.o
         4          0          0          0          0          0   _printf_percent.o
         8          0          0          0          0          0   _printf_percent_end.o
         8          0          0          0          0          0   _printf_s.o
        88          0          0          0          0          0   _printf_str.o
        44          0          0          0          0          0   _printf_truncate.o
         8          0          0          0          0          0   _printf_u.o
        58          0          0          0          0          0   _printf_wchar.o
       194          4          8          0          0          0   _printf_wctomb.o
         8          0          0          0          0          0   _printf_x.o
        16          0          0          0          0          0   _snputc.o
        10          0          0          0          0          0   _sputc.o
       170          0          0          0          0          0   _strtoul.o
        76          0          0          0          0          0   _wcrtomb.o
        16          0          0          0          0          0   aeabi_memset.o
       424          0          0          0          0          0   aeabi_sdiv.o
        38          0          0          0          0          0   atoi.o
       216          6        148          0          0          0   bigflt0.o
      2040        128          0          0          0          0   btod.o
        68          6          0          0          0          0   c89vsnprintf.o
        16          0          0          0          0          0   defsig_exit.o
        56          0          0          0          0          0   defsig_general.o
        80         56          0          0          0          0   defsig_rtmem_inner.o
        16          0          0          0          0          0   defsig_rtmem_outer.o
        12          0          0          0          0          0   exit.o
       124          0          0          0          0          0   h1_alloc.o
        56          0          0          0          0          0   h1_extend.o
        92          0          0          0          0          0   h1_free.o
        14          0          0          0          0          0   h1_init.o
        76          4          0          4          0          0   heapauxa.o
         4          0          0          0          0          0   hguard.o
       148          0          0          0          0          0   init_alloc.o
        84          8        272          0          0          0   lc_ctype_c.o
        84          8         28          0          0          0   lc_numeric_c.o
        14          0          0          0          0          0   libinit.o
        48          0          0          0          0          0   libinit2.o
        12          0          0          0          0          0   libshutdown.o
         6          0          0          0          0          0   libshutdown2.o
        12          4          0          0         96          0   libspace.o
       164          0          0          0          0          0   lludiv10.o
         0          0          0          0          0          0   maybetermalloc1.o
       126          0          0          0          0          0   memcmp.o
        28          4          0          0          0          0   rt_ctype_table.o
        20          4          0          0          0          0   rt_errno_addr_intlibspace.o
        16          4          0          0          0          0   rt_fp_status_addr_intlibspace.o
        20          4          0          0          0          0   rt_heap_descriptor_intlibspace.o
        20          4          0          0          0          0   rt_locale_intlibspace.o
        64          0          0          0          0          0   rt_memclr.o
        84          0          0          0          0          0   rt_memclr_w.o
       212          0          0          0          0          0   rt_memcpy.o
       100          0          0          0          0          0   rt_memcpy_w.o
         0          0          0          0          0          0   rtentry.o
        44          4          0          0          0          0   rtentry2.o
         8          0          0          0          0          0   rtentry4.o
         8          0          0          0          0          0   rtexit.o
        12          0          0          0          0          0   rtexit2.o
        48          0          0          0          0          0   rtudiv10.o
        30          0          0          0          0          0   strchr.o
       160          4          0          0          0          0   strcmp.o
        88          6          0          0          0          0   strcpy.o
        76          4          0          0          0          0   strlen.o
       116          4          0          0          0          0   strtol.o
        96          0          0          0          0          0   sys_stackheap_outer.o
        32          0          0          0          0          0   uread4.o
         4          0          0          0          0          0   use_no_semi.o
        32          0          0          0          0          0   uwrite4.o
       736        140          0          0          0          0   ddiv.o
       100          0          0          0          0          0   dflt_noclz.o
       384         16          0          0          0          0   dmul.o
       192          0          0          0          0          0   dnaninf.o
        16          0          0          0          0          0   dretinf.o
        28          0          0          0          0          0   fpinit.o
        12          0          0          0          0          0   istatus.o
         4          0          0          0          0          0   printf1.o
         0          0          0          0          0          0   usenofp.o
        52          0          0          0          0          0   fpclassify.o

    ----------------------------------------------------------------------
     42316       1040        515        124       4624          0   Library Totals
        20          0          2          6          0          0   (incl. Padding)

    ----------------------------------------------------------------------

      Code (inc. data)   RO Data    RW Data    ZI Data      Debug   Library Name

     31724        516          0        114       4528       7536   HD6P_Lib.lib
      9048        368        513          4         96       6632   c_t.l
      1472        156          0          0          0        884   fz_ts.l
        52          0          0          0          0         68   m_ts.l

    ----------------------------------------------------------------------
     42316       1040        515        124       4624          0   Library Totals

    ----------------------------------------------------------------------

==============================================================================


      Code (inc. data)   RO Data    RW Data    ZI Data      Debug   

     65992       3508        820        644       4624      90644   Grand Totals
     65992       3508        820        536       4624      90644   ELF Image Totals (compressed)
     65992       3508        820        536          0          0   ROM Totals

==============================================================================

    Total RO  Size (Code + RO Data)                66812 (  65.25kB)
    Total RW  Size (RW Data + ZI Data)              5268 (   5.14kB)
    Total ROM Size (Code + RO Data + RW Data)      67348 (  65.77kB)

==============================================================================

