<html>
<body>
<pre>
<h1>礦ision Build Log</h1>
<h2>Project:</h2>
D:\Penn\06work\00Ecard\11hardware\汇多new\amasspos\App\keil\HD6P_Drive_App.uvproj
Project File Date:  09/16/2014

<h2>Output:</h2>
Build target 'Target 1'
compiling main.c...
compiling sp_flash_store.c...
compiling sp_menu.c...
compiling sp_cardoper.c...
compiling rfmod.c...
compiling sp_consume.c...
compiling sp_pubfunc.c...
compiling sp_flash_impl.c...
compiling sp_communicate.c...
compiling sp_disp.c...
linking...
Program Size: Code=66204 RO-data=820 RW-data=644 ZI-data=4624  
FromELF: creating hex file...
"..\obj\test.axf" - 0 Error(s), 0 Warning(s).
Build target 'Target 1'
compiling main.c...
compiling sp_flash_store.c...
compiling sp_menu.c...
compiling sp_cardoper.c...
compiling rfmod.c...
compiling sp_consume.c...
compiling sp_pubfunc.c...
compiling sp_flash_impl.c...
compiling sp_communicate.c...
compiling sp_disp.c...
linking...
Program Size: Code=66200 RO-data=820 RW-data=644 ZI-data=4624  
FromELF: creating hex file...
"..\obj\test.axf" - 0 Error(s), 0 Warning(s).
Build target 'Target 1'
compiling main.c...
compiling sp_flash_store.c...
compiling sp_menu.c...
compiling sp_cardoper.c...
compiling rfmod.c...
compiling sp_consume.c...
compiling sp_pubfunc.c...
compiling sp_flash_impl.c...
compiling sp_communicate.c...
compiling sp_disp.c...
linking...
Program Size: Code=66200 RO-data=820 RW-data=644 ZI-data=4624  
FromELF: creating hex file...
"..\obj\test.axf" - 0 Error(s), 0 Warning(s).
Build target 'Target 1'
compiling main.c...
compiling sp_flash_store.c...
compiling sp_menu.c...
compiling sp_cardoper.c...
compiling rfmod.c...
compiling sp_consume.c...
compiling sp_pubfunc.c...
compiling sp_flash_impl.c...
compiling sp_communicate.c...
compiling sp_disp.c...
linking...
Program Size: Code=66256 RO-data=820 RW-data=644 ZI-data=4624  
FromELF: creating hex file...
"..\obj\test.axf" - 0 Error(s), 0 Warning(s).
Build target 'Target 1'
compiling main.c...
compiling sp_flash_store.c...
compiling sp_menu.c...
compiling sp_cardoper.c...
compiling rfmod.c...
compiling sp_consume.c...
compiling sp_pubfunc.c...
compiling sp_flash_impl.c...
compiling sp_communicate.c...
compiling sp_disp.c...
linking...
Program Size: Code=66280 RO-data=820 RW-data=644 ZI-data=4624  
FromELF: creating hex file...
"..\obj\test.axf" - 0 Error(s), 0 Warning(s).
Build target 'Target 1'
compiling main.c...
compiling sp_flash_store.c...
compiling sp_menu.c...
compiling sp_cardoper.c...
compiling rfmod.c...
compiling sp_consume.c...
compiling sp_pubfunc.c...
compiling sp_flash_impl.c...
compiling sp_communicate.c...
compiling sp_disp.c...
linking...
Program Size: Code=66324 RO-data=820 RW-data=644 ZI-data=4624  
FromELF: creating hex file...
"..\obj\test.axf" - 0 Error(s), 0 Warning(s).
Build target 'Target 1'
compiling main.c...
compiling sp_flash_store.c...
compiling sp_menu.c...
compiling sp_cardoper.c...
compiling rfmod.c...
compiling sp_consume.c...
compiling sp_pubfunc.c...
compiling sp_flash_impl.c...
compiling sp_communicate.c...
compiling sp_disp.c...
linking...
Program Size: Code=66336 RO-data=820 RW-data=644 ZI-data=4624  
FromELF: creating hex file...
"..\obj\test.axf" - 0 Error(s), 0 Warning(s).
Build target 'Target 1'
compiling main.c...
compiling sp_flash_store.c...
compiling sp_menu.c...
compiling sp_cardoper.c...
compiling rfmod.c...
compiling sp_consume.c...
compiling sp_pubfunc.c...
compiling sp_flash_impl.c...
compiling sp_communicate.c...
compiling sp_disp.c...
linking...
Program Size: Code=66344 RO-data=820 RW-data=644 ZI-data=4624  
FromELF: creating hex file...
"..\obj\test.axf" - 0 Error(s), 0 Warning(s).
Build target 'Target 1'
compiling main.c...
compiling sp_flash_store.c...
compiling sp_menu.c...
compiling sp_cardoper.c...
compiling rfmod.c...
compiling sp_consume.c...
compiling sp_pubfunc.c...
compiling sp_flash_impl.c...
compiling sp_communicate.c...
compiling sp_disp.c...
linking...
Program Size: Code=66344 RO-data=820 RW-data=644 ZI-data=4624  
FromELF: creating hex file...
"..\obj\test.axf" - 0 Error(s), 0 Warning(s).
Build target 'Target 1'
compiling main.c...
compiling sp_flash_store.c...
compiling sp_menu.c...
compiling sp_cardoper.c...
compiling rfmod.c...
compiling sp_consume.c...
compiling sp_pubfunc.c...
compiling sp_flash_impl.c...
compiling sp_communicate.c...
compiling sp_disp.c...
linking...
Program Size: Code=66304 RO-data=820 RW-data=644 ZI-data=4624  
FromELF: creating hex file...
"..\obj\test.axf" - 0 Error(s), 0 Warning(s).
Build target 'Target 1'
compiling main.c...
compiling sp_flash_store.c...
compiling sp_menu.c...
D:\Penn\06work\00Ecard\11hardware\汇多new\amasspos\App\src\sp_menu.c(333): warning:  #177-D: function "do_show_menu" was declared but never referenced
D:\Penn\06work\00Ecard\11hardware\汇多new\amasspos\App\src\sp_menu.c:   static void do_show_menu(const menu_info_t* menu_info, int menu_count, void* arg)
D:\Penn\06work\00Ecard\11hardware\汇多new\amasspos\App\src\sp_menu.c:               ^
D:\Penn\06work\00Ecard\11hardware\汇多new\amasspos\App\src\sp_menu.c: D:\Penn\06work\00Ecard\11hardware\汇多new\amasspos\App\src\sp_menu.c: 1 warning, 0 errors
compiling sp_cardoper.c...
compiling rfmod.c...
compiling sp_consume.c...
compiling sp_pubfunc.c...
compiling sp_flash_impl.c...
compiling sp_communicate.c...
compiling sp_disp.c...
linking...
Program Size: Code=66716 RO-data=820 RW-data=644 ZI-data=4624  
FromELF: creating hex file...
"..\obj\test.axf" - 0 Error(s), 1 Warning(s).
Build target 'Target 1'
compiling main.c...
compiling sp_flash_store.c...
compiling sp_menu.c...
D:\Penn\06work\00Ecard\11hardware\汇多new\amasspos\App\src\sp_menu.c(514): warning:  #177-D: variable "menus" was declared but never referenced
D:\Penn\06work\00Ecard\11hardware\汇多new\amasspos\App\src\sp_menu.c:     menu_info_t menus[] =
D:\Penn\06work\00Ecard\11hardware\汇多new\amasspos\App\src\sp_menu.c:                 ^
D:\Penn\06work\00Ecard\11hardware\汇多new\amasspos\App\src\sp_menu.c(333): warning:  #177-D: function "do_show_menu_ex" was declared but never referenced
D:\Penn\06work\00Ecard\11hardware\汇多new\amasspos\App\src\sp_menu.c:   static void do_show_menu_ex(const menu_info_t* menu_info, int menu_count, void* arg)
D:\Penn\06work\00Ecard\11hardware\汇多new\amasspos\App\src\sp_menu.c:               ^
D:\Penn\06work\00Ecard\11hardware\汇多new\amasspos\App\src\sp_menu.c(385): warning:  #177-D: function "do_show_menu" was declared but never referenced
D:\Penn\06work\00Ecard\11hardware\汇多new\amasspos\App\src\sp_menu.c:   static void do_show_menu(const menu_info_t* menu_info, int menu_count, void* arg)
D:\Penn\06work\00Ecard\11hardware\汇多new\amasspos\App\src\sp_menu.c:               ^
D:\Penn\06work\00Ecard\11hardware\汇多new\amasspos\App\src\sp_menu.c: D:\Penn\06work\00Ecard\11hardware\汇多new\amasspos\App\src\sp_menu.c: 3 warnings, 0 errors
compiling sp_cardoper.c...
compiling rfmod.c...
compiling sp_consume.c...
compiling sp_pubfunc.c...
compiling sp_flash_impl.c...
compiling sp_communicate.c...
compiling sp_disp.c...
linking...
Program Size: Code=67108 RO-data=820 RW-data=644 ZI-data=4624  
FromELF: creating hex file...
"..\obj\test.axf" - 0 Error(s), 3 Warning(s).
Build target 'Target 1'
compiling main.c...
compiling sp_flash_store.c...
compiling sp_menu.c...
D:\Penn\06work\00Ecard\11hardware\汇多new\amasspos\App\src\sp_menu.c(6): warning:  #177-D: function "do_menu_set" was declared but never referenced
D:\Penn\06work\00Ecard\11hardware\汇多new\amasspos\App\src\sp_menu.c:   static void do_menu_set(sp_context* p_ctx)
D:\Penn\06work\00Ecard\11hardware\汇多new\amasspos\App\src\sp_menu.c:               ^
D:\Penn\06work\00Ecard\11hardware\汇多new\amasspos\App\src\sp_menu.c(58): warning:  #177-D: function "do_menu_sign" was declared but never referenced
D:\Penn\06work\00Ecard\11hardware\汇多new\amasspos\App\src\sp_menu.c:   static void do_menu_sign(sp_context* p_ctx)
D:\Penn\06work\00Ecard\11hardware\汇多new\amasspos\App\src\sp_menu.c:               ^
D:\Penn\06work\00Ecard\11hardware\汇多new\amasspos\App\src\sp_menu.c(109): warning:  #177-D: function "do_menu_showinfo" was declared but never referenced
D:\Penn\06work\00Ecard\11hardware\汇多new\amasspos\App\src\sp_menu.c:   static void do_menu_showinfo(sp_context* p_ctx)
D:\Penn\06work\00Ecard\11hardware\汇多new\amasspos\App\src\sp_menu.c:               ^
D:\Penn\06work\00Ecard\11hardware\汇多new\amasspos\App\src\sp_menu.c(147): warning:  #177-D: function "do_menu_keep" was declared but never referenced
D:\Penn\06work\00Ecard\11hardware\汇多new\amasspos\App\src\sp_menu.c:   static void do_menu_keep(sp_context* p_ctx)
D:\Penn\06work\00Ecard\11hardware\汇多new\amasspos\App\src\sp_menu.c:               ^
D:\Penn\06work\00Ecard\11hardware\汇多new\amasspos\App\src\sp_menu.c(333): warning:  #177-D: function "do_show_menu_ex" was declared but never referenced
D:\Penn\06work\00Ecard\11hardware\汇多new\amasspos\App\src\sp_menu.c:   static void do_show_menu_ex(const menu_info_t* menu_info, int menu_count, void* arg)
D:\Penn\06work\00Ecard\11hardware\汇多new\amasspos\App\src\sp_menu.c:               ^
D:\Penn\06work\00Ecard\11hardware\汇多new\amasspos\App\src\sp_menu.c(385): warning:  #177-D: function "do_show_menu" was declared but never referenced
D:\Penn\06work\00Ecard\11hardware\汇多new\amasspos\App\src\sp_menu.c:   static void do_show_menu(const menu_info_t* menu_info, int menu_count, void* arg)
D:\Penn\06work\00Ecard\11hardware\汇多new\amasspos\App\src\sp_menu.c:               ^
D:\Penn\06work\00Ecard\11hardware\汇多new\amasspos\App\src\sp_menu.c: D:\Penn\06work\00Ecard\11hardware\汇多new\amasspos\App\src\sp_menu.c: 6 warnings, 0 errors
compiling sp_cardoper.c...
compiling rfmod.c...
compiling sp_consume.c...
compiling sp_pubfunc.c...
compiling sp_flash_impl.c...
compiling sp_communicate.c...
compiling sp_disp.c...
linking...
Program Size: Code=67080 RO-data=644 RW-data=644 ZI-data=4624  
FromELF: creating hex file...
"..\obj\test.axf" - 0 Error(s), 6 Warning(s).
Build target 'Target 1'
compiling main.c...
compiling sp_flash_store.c...
compiling sp_menu.c...
D:\Penn\06work\00Ecard\11hardware\汇多new\amasspos\App\src\sp_menu.c(6): warning:  #177-D: function "do_menu_set" was declared but never referenced
D:\Penn\06work\00Ecard\11hardware\汇多new\amasspos\App\src\sp_menu.c:   static void do_menu_set(sp_context* p_ctx)
D:\Penn\06work\00Ecard\11hardware\汇多new\amasspos\App\src\sp_menu.c:               ^
D:\Penn\06work\00Ecard\11hardware\汇多new\amasspos\App\src\sp_menu.c(58): warning:  #177-D: function "do_menu_sign" was declared but never referenced
D:\Penn\06work\00Ecard\11hardware\汇多new\amasspos\App\src\sp_menu.c:   static void do_menu_sign(sp_context* p_ctx)
D:\Penn\06work\00Ecard\11hardware\汇多new\amasspos\App\src\sp_menu.c:               ^
D:\Penn\06work\00Ecard\11hardware\汇多new\amasspos\App\src\sp_menu.c(109): warning:  #177-D: function "do_menu_showinfo" was declared but never referenced
D:\Penn\06work\00Ecard\11hardware\汇多new\amasspos\App\src\sp_menu.c:   static void do_menu_showinfo(sp_context* p_ctx)
D:\Penn\06work\00Ecard\11hardware\汇多new\amasspos\App\src\sp_menu.c:               ^
D:\Penn\06work\00Ecard\11hardware\汇多new\amasspos\App\src\sp_menu.c(147): warning:  #177-D: function "do_menu_keep" was declared but never referenced
D:\Penn\06work\00Ecard\11hardware\汇多new\amasspos\App\src\sp_menu.c:   static void do_menu_keep(sp_context* p_ctx)
D:\Penn\06work\00Ecard\11hardware\汇多new\amasspos\App\src\sp_menu.c:               ^
D:\Penn\06work\00Ecard\11hardware\汇多new\amasspos\App\src\sp_menu.c(333): warning:  #177-D: function "do_show_menu_ex" was declared but never referenced
D:\Penn\06work\00Ecard\11hardware\汇多new\amasspos\App\src\sp_menu.c:   static void do_show_menu_ex(const menu_info_t* menu_info, int menu_count, void* arg)
D:\Penn\06work\00Ecard\11hardware\汇多new\amasspos\App\src\sp_menu.c:               ^
D:\Penn\06work\00Ecard\11hardware\汇多new\amasspos\App\src\sp_menu.c(385): warning:  #177-D: function "do_show_menu" was declared but never referenced
D:\Penn\06work\00Ecard\11hardware\汇多new\amasspos\App\src\sp_menu.c:   static void do_show_menu(const menu_info_t* menu_info, int menu_count, void* arg)
D:\Penn\06work\00Ecard\11hardware\汇多new\amasspos\App\src\sp_menu.c:               ^
D:\Penn\06work\00Ecard\11hardware\汇多new\amasspos\App\src\sp_menu.c: D:\Penn\06work\00Ecard\11hardware\汇多new\amasspos\App\src\sp_menu.c: 6 warnings, 0 errors
compiling sp_cardoper.c...
compiling rfmod.c...
compiling sp_consume.c...
compiling sp_pubfunc.c...
compiling sp_flash_impl.c...
compiling sp_communicate.c...
compiling sp_disp.c...
linking...
Program Size: Code=67084 RO-data=644 RW-data=644 ZI-data=4624  
FromELF: creating hex file...
"..\obj\test.axf" - 0 Error(s), 6 Warning(s).
Build target 'Target 1'
compiling main.c...
compiling sp_flash_store.c...
compiling sp_menu.c...
D:\Penn\06work\00Ecard\11hardware\汇多new\amasspos\App\src\sp_menu.c(506): warning:  #223-D: function "sp_menu_main" declared implicitly
D:\Penn\06work\00Ecard\11hardware\汇多new\amasspos\App\src\sp_menu.c:       sp_menu_main(p_ctx);
D:\Penn\06work\00Ecard\11hardware\汇多new\amasspos\App\src\sp_menu.c:       ^
D:\Penn\06work\00Ecard\11hardware\汇多new\amasspos\App\src\sp_menu.c(511): error:  #159: declaration is incompatible with previous "sp_menu_main" (declared at line 506)
D:\Penn\06work\00Ecard\11hardware\汇多new\amasspos\App\src\sp_menu.c:   static void sp_menu_main(sp_context* p_ctx)
D:\Penn\06work\00Ecard\11hardware\汇多new\amasspos\App\src\sp_menu.c:               ^
D:\Penn\06work\00Ecard\11hardware\汇多new\amasspos\App\src\sp_menu.c(6): warning:  #177-D: function "do_menu_set" was declared but never referenced
D:\Penn\06work\00Ecard\11hardware\汇多new\amasspos\App\src\sp_menu.c:   static void do_menu_set(sp_context* p_ctx)
D:\Penn\06work\00Ecard\11hardware\汇多new\amasspos\App\src\sp_menu.c:               ^
D:\Penn\06work\00Ecard\11hardware\汇多new\amasspos\App\src\sp_menu.c(58): warning:  #177-D: function "do_menu_sign" was declared but never referenced
D:\Penn\06work\00Ecard\11hardware\汇多new\amasspos\App\src\sp_menu.c:   static void do_menu_sign(sp_context* p_ctx)
D:\Penn\06work\00Ecard\11hardware\汇多new\amasspos\App\src\sp_menu.c:               ^
D:\Penn\06work\00Ecard\11hardware\汇多new\amasspos\App\src\sp_menu.c(109): warning:  #177-D: function "do_menu_showinfo" was declared but never referenced
D:\Penn\06work\00Ecard\11hardware\汇多new\amasspos\App\src\sp_menu.c:   static void do_menu_showinfo(sp_context* p_ctx)
D:\Penn\06work\00Ecard\11hardware\汇多new\amasspos\App\src\sp_menu.c:               ^
D:\Penn\06work\00Ecard\11hardware\汇多new\amasspos\App\src\sp_menu.c(147): warning:  #177-D: function "do_menu_keep" was declared but never referenced
D:\Penn\06work\00Ecard\11hardware\汇多new\amasspos\App\src\sp_menu.c:   static void do_menu_keep(sp_context* p_ctx)
D:\Penn\06work\00Ecard\11hardware\汇多new\amasspos\App\src\sp_menu.c:               ^
D:\Penn\06work\00Ecard\11hardware\汇多new\amasspos\App\src\sp_menu.c(333): warning:  #177-D: function "do_show_menu_ex" was declared but never referenced
D:\Penn\06work\00Ecard\11hardware\汇多new\amasspos\App\src\sp_menu.c:   static void do_show_menu_ex(const menu_info_t* menu_info, int menu_count, void* arg)
D:\Penn\06work\00Ecard\11hardware\汇多new\amasspos\App\src\sp_menu.c:               ^
D:\Penn\06work\00Ecard\11hardware\汇多new\amasspos\App\src\sp_menu.c(385): warning:  #177-D: function "do_show_menu" was declared but never referenced
D:\Penn\06work\00Ecard\11hardware\汇多new\amasspos\App\src\sp_menu.c:   static void do_show_menu(const menu_info_t* menu_info, int menu_count, void* arg)
D:\Penn\06work\00Ecard\11hardware\汇多new\amasspos\App\src\sp_menu.c:               ^
D:\Penn\06work\00Ecard\11hardware\汇多new\amasspos\App\src\sp_menu.c(511): warning:  #177-D: function "sp_menu_main" was declared but never referenced
D:\Penn\06work\00Ecard\11hardware\汇多new\amasspos\App\src\sp_menu.c:   static void sp_menu_main(sp_context* p_ctx)
D:\Penn\06work\00Ecard\11hardware\汇多new\amasspos\App\src\sp_menu.c:               ^
D:\Penn\06work\00Ecard\11hardware\汇多new\amasspos\App\src\sp_menu.c: D:\Penn\06work\00Ecard\11hardware\汇多new\amasspos\App\src\sp_menu.c: 8 warnings, 1 error
compiling sp_cardoper.c...
compiling rfmod.c...
compiling sp_consume.c...
compiling sp_pubfunc.c...
compiling sp_flash_impl.c...
compiling sp_communicate.c...
compiling sp_disp.c...
Target not created
Build target 'Target 1'
compiling main.c...
compiling sp_flash_store.c...
compiling sp_menu.c...
D:\Penn\06work\00Ecard\11hardware\汇多new\amasspos\App\src\sp_menu.c(6): warning:  #177-D: function "do_menu_set" was declared but never referenced
D:\Penn\06work\00Ecard\11hardware\汇多new\amasspos\App\src\sp_menu.c:   static void do_menu_set(sp_context* p_ctx)
D:\Penn\06work\00Ecard\11hardware\汇多new\amasspos\App\src\sp_menu.c:               ^
D:\Penn\06work\00Ecard\11hardware\汇多new\amasspos\App\src\sp_menu.c(58): warning:  #177-D: function "do_menu_sign" was declared but never referenced
D:\Penn\06work\00Ecard\11hardware\汇多new\amasspos\App\src\sp_menu.c:   static void do_menu_sign(sp_context* p_ctx)
D:\Penn\06work\00Ecard\11hardware\汇多new\amasspos\App\src\sp_menu.c:               ^
D:\Penn\06work\00Ecard\11hardware\汇多new\amasspos\App\src\sp_menu.c(109): warning:  #177-D: function "do_menu_showinfo" was declared but never referenced
D:\Penn\06work\00Ecard\11hardware\汇多new\amasspos\App\src\sp_menu.c:   static void do_menu_showinfo(sp_context* p_ctx)
D:\Penn\06work\00Ecard\11hardware\汇多new\amasspos\App\src\sp_menu.c:               ^
D:\Penn\06work\00Ecard\11hardware\汇多new\amasspos\App\src\sp_menu.c(147): warning:  #177-D: function "do_menu_keep" was declared but never referenced
D:\Penn\06work\00Ecard\11hardware\汇多new\amasspos\App\src\sp_menu.c:   static void do_menu_keep(sp_context* p_ctx)
D:\Penn\06work\00Ecard\11hardware\汇多new\amasspos\App\src\sp_menu.c:               ^
D:\Penn\06work\00Ecard\11hardware\汇多new\amasspos\App\src\sp_menu.c(333): warning:  #177-D: function "do_show_menu_ex" was declared but never referenced
D:\Penn\06work\00Ecard\11hardware\汇多new\amasspos\App\src\sp_menu.c:   static void do_show_menu_ex(const menu_info_t* menu_info, int menu_count, void* arg)
D:\Penn\06work\00Ecard\11hardware\汇多new\amasspos\App\src\sp_menu.c:               ^
D:\Penn\06work\00Ecard\11hardware\汇多new\amasspos\App\src\sp_menu.c(385): warning:  #177-D: function "do_show_menu" was declared but never referenced
D:\Penn\06work\00Ecard\11hardware\汇多new\amasspos\App\src\sp_menu.c:   static void do_show_menu(const menu_info_t* menu_info, int menu_count, void* arg)
D:\Penn\06work\00Ecard\11hardware\汇多new\amasspos\App\src\sp_menu.c:               ^
D:\Penn\06work\00Ecard\11hardware\汇多new\amasspos\App\src\sp_menu.c: D:\Penn\06work\00Ecard\11hardware\汇多new\amasspos\App\src\sp_menu.c: 6 warnings, 0 errors
compiling sp_cardoper.c...
compiling rfmod.c...
compiling sp_consume.c...
compiling sp_pubfunc.c...
compiling sp_flash_impl.c...
compiling sp_communicate.c...
compiling sp_disp.c...
linking...
Program Size: Code=67080 RO-data=644 RW-data=644 ZI-data=4624  
FromELF: creating hex file...
"..\obj\test.axf" - 0 Error(s), 6 Warning(s).
Build target 'Target 1'
compiling main.c...
compiling sp_flash_store.c...
compiling sp_menu.c...
D:\Penn\06work\00Ecard\11hardware\汇多new\amasspos\App\src\sp_menu.c(6): warning:  #177-D: function "do_menu_set" was declared but never referenced
D:\Penn\06work\00Ecard\11hardware\汇多new\amasspos\App\src\sp_menu.c:   static void do_menu_set(sp_context* p_ctx)
D:\Penn\06work\00Ecard\11hardware\汇多new\amasspos\App\src\sp_menu.c:               ^
D:\Penn\06work\00Ecard\11hardware\汇多new\amasspos\App\src\sp_menu.c(58): warning:  #177-D: function "do_menu_sign" was declared but never referenced
D:\Penn\06work\00Ecard\11hardware\汇多new\amasspos\App\src\sp_menu.c:   static void do_menu_sign(sp_context* p_ctx)
D:\Penn\06work\00Ecard\11hardware\汇多new\amasspos\App\src\sp_menu.c:               ^
D:\Penn\06work\00Ecard\11hardware\汇多new\amasspos\App\src\sp_menu.c(109): warning:  #177-D: function "do_menu_showinfo" was declared but never referenced
D:\Penn\06work\00Ecard\11hardware\汇多new\amasspos\App\src\sp_menu.c:   static void do_menu_showinfo(sp_context* p_ctx)
D:\Penn\06work\00Ecard\11hardware\汇多new\amasspos\App\src\sp_menu.c:               ^
D:\Penn\06work\00Ecard\11hardware\汇多new\amasspos\App\src\sp_menu.c(333): warning:  #177-D: function "do_show_menu_ex" was declared but never referenced
D:\Penn\06work\00Ecard\11hardware\汇多new\amasspos\App\src\sp_menu.c:   static void do_show_menu_ex(const menu_info_t* menu_info, int menu_count, void* arg)
D:\Penn\06work\00Ecard\11hardware\汇多new\amasspos\App\src\sp_menu.c:               ^
D:\Penn\06work\00Ecard\11hardware\汇多new\amasspos\App\src\sp_menu.c(385): warning:  #177-D: function "do_show_menu" was declared but never referenced
D:\Penn\06work\00Ecard\11hardware\汇多new\amasspos\App\src\sp_menu.c:   static void do_show_menu(const menu_info_t* menu_info, int menu_count, void* arg)
D:\Penn\06work\00Ecard\11hardware\汇多new\amasspos\App\src\sp_menu.c:               ^
D:\Penn\06work\00Ecard\11hardware\汇多new\amasspos\App\src\sp_menu.c(498): warning:  #177-D: function "sp_menu_main" was declared but never referenced
D:\Penn\06work\00Ecard\11hardware\汇多new\amasspos\App\src\sp_menu.c:   static void sp_menu_main(sp_context* p_ctx)
D:\Penn\06work\00Ecard\11hardware\汇多new\amasspos\App\src\sp_menu.c:               ^
D:\Penn\06work\00Ecard\11hardware\汇多new\amasspos\App\src\sp_menu.c: D:\Penn\06work\00Ecard\11hardware\汇多new\amasspos\App\src\sp_menu.c: 6 warnings, 0 errors
compiling sp_cardoper.c...
compiling rfmod.c...
compiling sp_consume.c...
compiling sp_pubfunc.c...
compiling sp_flash_impl.c...
compiling sp_communicate.c...
compiling sp_disp.c...
linking...
Program Size: Code=67080 RO-data=644 RW-data=644 ZI-data=4624  
FromELF: creating hex file...
"..\obj\test.axf" - 0 Error(s), 6 Warning(s).
Build target 'Target 1'
compiling main.c...
compiling sp_flash_store.c...
compiling sp_menu.c...
D:\Penn\06work\00Ecard\11hardware\汇多new\amasspos\App\src\sp_menu.c(6): warning:  #177-D: function "do_menu_set" was declared but never referenced
D:\Penn\06work\00Ecard\11hardware\汇多new\amasspos\App\src\sp_menu.c:   static void do_menu_set(sp_context* p_ctx)
D:\Penn\06work\00Ecard\11hardware\汇多new\amasspos\App\src\sp_menu.c:               ^
D:\Penn\06work\00Ecard\11hardware\汇多new\amasspos\App\src\sp_menu.c(58): warning:  #177-D: function "do_menu_sign" was declared but never referenced
D:\Penn\06work\00Ecard\11hardware\汇多new\amasspos\App\src\sp_menu.c:   static void do_menu_sign(sp_context* p_ctx)
D:\Penn\06work\00Ecard\11hardware\汇多new\amasspos\App\src\sp_menu.c:               ^
D:\Penn\06work\00Ecard\11hardware\汇多new\amasspos\App\src\sp_menu.c(109): warning:  #177-D: function "do_menu_showinfo" was declared but never referenced
D:\Penn\06work\00Ecard\11hardware\汇多new\amasspos\App\src\sp_menu.c:   static void do_menu_showinfo(sp_context* p_ctx)
D:\Penn\06work\00Ecard\11hardware\汇多new\amasspos\App\src\sp_menu.c:               ^
D:\Penn\06work\00Ecard\11hardware\汇多new\amasspos\App\src\sp_menu.c(147): warning:  #177-D: function "do_menu_keep" was declared but never referenced
D:\Penn\06work\00Ecard\11hardware\汇多new\amasspos\App\src\sp_menu.c:   static void do_menu_keep(sp_context* p_ctx)
D:\Penn\06work\00Ecard\11hardware\汇多new\amasspos\App\src\sp_menu.c:               ^
D:\Penn\06work\00Ecard\11hardware\汇多new\amasspos\App\src\sp_menu.c(333): warning:  #177-D: function "do_show_menu_ex" was declared but never referenced
D:\Penn\06work\00Ecard\11hardware\汇多new\amasspos\App\src\sp_menu.c:   static void do_show_menu_ex(const menu_info_t* menu_info, int menu_count, void* arg)
D:\Penn\06work\00Ecard\11hardware\汇多new\amasspos\App\src\sp_menu.c:               ^
D:\Penn\06work\00Ecard\11hardware\汇多new\amasspos\App\src\sp_menu.c(385): warning:  #177-D: function "do_show_menu" was declared but never referenced
D:\Penn\06work\00Ecard\11hardware\汇多new\amasspos\App\src\sp_menu.c:   static void do_show_menu(const menu_info_t* menu_info, int menu_count, void* arg)
D:\Penn\06work\00Ecard\11hardware\汇多new\amasspos\App\src\sp_menu.c:               ^
D:\Penn\06work\00Ecard\11hardware\汇多new\amasspos\App\src\sp_menu.c(498): warning:  #177-D: function "sp_menu_main" was declared but never referenced
D:\Penn\06work\00Ecard\11hardware\汇多new\amasspos\App\src\sp_menu.c:   static void sp_menu_main(sp_context* p_ctx)
D:\Penn\06work\00Ecard\11hardware\汇多new\amasspos\App\src\sp_menu.c:               ^
D:\Penn\06work\00Ecard\11hardware\汇多new\amasspos\App\src\sp_menu.c: D:\Penn\06work\00Ecard\11hardware\汇多new\amasspos\App\src\sp_menu.c: 7 warnings, 0 errors
compiling sp_cardoper.c...
compiling rfmod.c...
compiling sp_consume.c...
compiling sp_pubfunc.c...
compiling sp_flash_impl.c...
compiling sp_communicate.c...
compiling sp_disp.c...
linking...
Program Size: Code=67080 RO-data=644 RW-data=644 ZI-data=4624  
FromELF: creating hex file...
"..\obj\test.axf" - 0 Error(s), 7 Warning(s).
Build target 'Target 1'
compiling main.c...
compiling sp_flash_store.c...
compiling sp_menu.c...
D:\Penn\06work\00Ecard\11hardware\汇多new\amasspos\App\src\sp_menu.c(6): warning:  #177-D: function "do_menu_set" was declared but never referenced
D:\Penn\06work\00Ecard\11hardware\汇多new\amasspos\App\src\sp_menu.c:   static void do_menu_set(sp_context* p_ctx)
D:\Penn\06work\00Ecard\11hardware\汇多new\amasspos\App\src\sp_menu.c:               ^
D:\Penn\06work\00Ecard\11hardware\汇多new\amasspos\App\src\sp_menu.c(58): warning:  #177-D: function "do_menu_sign" was declared but never referenced
D:\Penn\06work\00Ecard\11hardware\汇多new\amasspos\App\src\sp_menu.c:   static void do_menu_sign(sp_context* p_ctx)
D:\Penn\06work\00Ecard\11hardware\汇多new\amasspos\App\src\sp_menu.c:               ^
D:\Penn\06work\00Ecard\11hardware\汇多new\amasspos\App\src\sp_menu.c(109): warning:  #177-D: function "do_menu_showinfo" was declared but never referenced
D:\Penn\06work\00Ecard\11hardware\汇多new\amasspos\App\src\sp_menu.c:   static void do_menu_showinfo(sp_context* p_ctx)
D:\Penn\06work\00Ecard\11hardware\汇多new\amasspos\App\src\sp_menu.c:               ^
D:\Penn\06work\00Ecard\11hardware\汇多new\amasspos\App\src\sp_menu.c(333): warning:  #177-D: function "do_show_menu_ex" was declared but never referenced
D:\Penn\06work\00Ecard\11hardware\汇多new\amasspos\App\src\sp_menu.c:   static void do_show_menu_ex(const menu_info_t* menu_info, int menu_count, void* arg)
D:\Penn\06work\00Ecard\11hardware\汇多new\amasspos\App\src\sp_menu.c:               ^
D:\Penn\06work\00Ecard\11hardware\汇多new\amasspos\App\src\sp_menu.c(385): warning:  #177-D: function "do_show_menu" was declared but never referenced
D:\Penn\06work\00Ecard\11hardware\汇多new\amasspos\App\src\sp_menu.c:   static void do_show_menu(const menu_info_t* menu_info, int menu_count, void* arg)
D:\Penn\06work\00Ecard\11hardware\汇多new\amasspos\App\src\sp_menu.c:               ^
D:\Penn\06work\00Ecard\11hardware\汇多new\amasspos\App\src\sp_menu.c(498): warning:  #177-D: function "sp_menu_main" was declared but never referenced
D:\Penn\06work\00Ecard\11hardware\汇多new\amasspos\App\src\sp_menu.c:   static void sp_menu_main(sp_context* p_ctx)
D:\Penn\06work\00Ecard\11hardware\汇多new\amasspos\App\src\sp_menu.c:               ^
D:\Penn\06work\00Ecard\11hardware\汇多new\amasspos\App\src\sp_menu.c: D:\Penn\06work\00Ecard\11hardware\汇多new\amasspos\App\src\sp_menu.c: 6 warnings, 0 errors
compiling sp_cardoper.c...
compiling rfmod.c...
compiling sp_consume.c...
compiling sp_pubfunc.c...
compiling sp_flash_impl.c...
compiling sp_communicate.c...
compiling sp_disp.c...
linking...
Program Size: Code=67076 RO-data=644 RW-data=644 ZI-data=4624  
FromELF: creating hex file...
"..\obj\test.axf" - 0 Error(s), 6 Warning(s).
Build target 'Target 1'
compiling main.c...
compiling sp_flash_store.c...
compiling sp_menu.c...
D:\Penn\06work\00Ecard\11hardware\汇多new\amasspos\App\src\sp_menu.c(398): warning:  #177-D: variable "ret" was declared but never referenced
D:\Penn\06work\00Ecard\11hardware\汇多new\amasspos\App\src\sp_menu.c:     int ret = 0;
D:\Penn\06work\00Ecard\11hardware\汇多new\amasspos\App\src\sp_menu.c:         ^
D:\Penn\06work\00Ecard\11hardware\汇多new\amasspos\App\src\sp_menu.c: D:\Penn\06work\00Ecard\11hardware\汇多new\amasspos\App\src\sp_menu.c: 1 warning, 0 errors
compiling sp_cardoper.c...
compiling rfmod.c...
compiling sp_consume.c...
compiling sp_pubfunc.c...
compiling sp_flash_impl.c...
compiling sp_communicate.c...
compiling sp_disp.c...
linking...
Program Size: Code=66304 RO-data=820 RW-data=644 ZI-data=4624  
FromELF: creating hex file...
"..\obj\test.axf" - 0 Error(s), 1 Warning(s).
Build target 'Target 1'
compiling main.c...
compiling sp_flash_store.c...
compiling sp_menu.c...
compiling sp_cardoper.c...
compiling rfmod.c...
compiling sp_consume.c...
compiling sp_pubfunc.c...
compiling sp_flash_impl.c...
compiling sp_communicate.c...
compiling sp_disp.c...
linking...
Program Size: Code=66300 RO-data=820 RW-data=644 ZI-data=4624  
FromELF: creating hex file...
"..\obj\test.axf" - 0 Error(s), 0 Warning(s).
Build target 'Target 1'
compiling main.c...
compiling sp_flash_store.c...
compiling sp_menu.c...
compiling sp_cardoper.c...
compiling rfmod.c...
compiling sp_consume.c...
compiling sp_pubfunc.c...
compiling sp_flash_impl.c...
compiling sp_communicate.c...
compiling sp_disp.c...
linking...
Program Size: Code=66124 RO-data=820 RW-data=644 ZI-data=4624  
FromELF: creating hex file...
"..\obj\test.axf" - 0 Error(s), 0 Warning(s).
Build target 'Target 1'
compiling main.c...
compiling sp_flash_store.c...
compiling sp_menu.c...
compiling sp_cardoper.c...
compiling rfmod.c...
compiling sp_consume.c...
compiling sp_pubfunc.c...
compiling sp_flash_impl.c...
compiling sp_communicate.c...
compiling sp_disp.c...
linking...
Program Size: Code=66092 RO-data=820 RW-data=644 ZI-data=4624  
FromELF: creating hex file...
"..\obj\test.axf" - 0 Error(s), 0 Warning(s).
Build target 'Target 1'
compiling main.c...
compiling sp_flash_store.c...
compiling sp_menu.c...
compiling sp_cardoper.c...
compiling rfmod.c...
compiling sp_consume.c...
compiling sp_pubfunc.c...
compiling sp_flash_impl.c...
compiling sp_communicate.c...
compiling sp_disp.c...
linking...
Program Size: Code=66080 RO-data=820 RW-data=644 ZI-data=4624  
FromELF: creating hex file...
"..\obj\test.axf" - 0 Error(s), 0 Warning(s).
Build target 'Target 1'
compiling main.c...
compiling sp_flash_store.c...
compiling sp_menu.c...
compiling sp_cardoper.c...
compiling rfmod.c...
compiling sp_consume.c...
compiling sp_pubfunc.c...
compiling sp_flash_impl.c...
compiling sp_communicate.c...
compiling sp_disp.c...
linking...
Program Size: Code=66080 RO-data=820 RW-data=644 ZI-data=4624  
FromELF: creating hex file...
"..\obj\test.axf" - 0 Error(s), 0 Warning(s).
Build target 'Target 1'
compiling main.c...
compiling sp_flash_store.c...
compiling sp_menu.c...
compiling sp_cardoper.c...
compiling rfmod.c...
compiling sp_consume.c...
compiling sp_pubfunc.c...
compiling sp_flash_impl.c...
compiling sp_communicate.c...
compiling sp_disp.c...
linking...
Program Size: Code=66088 RO-data=820 RW-data=644 ZI-data=4624  
FromELF: creating hex file...
"..\obj\test.axf" - 0 Error(s), 0 Warning(s).
Build target 'Target 1'
compiling main.c...
compiling sp_flash_store.c...
compiling sp_menu.c...
compiling sp_cardoper.c...
compiling rfmod.c...
compiling sp_consume.c...
compiling sp_pubfunc.c...
compiling sp_flash_impl.c...
compiling sp_communicate.c...
compiling sp_disp.c...
linking...
Program Size: Code=66072 RO-data=820 RW-data=644 ZI-data=4624  
FromELF: creating hex file...
"..\obj\test.axf" - 0 Error(s), 0 Warning(s).
Build target 'Target 1'
compiling main.c...
compiling sp_flash_store.c...
compiling sp_menu.c...
compiling sp_cardoper.c...
compiling rfmod.c...
compiling sp_consume.c...
compiling sp_pubfunc.c...
compiling sp_flash_impl.c...
compiling sp_communicate.c...
compiling sp_disp.c...
linking...
Program Size: Code=66072 RO-data=820 RW-data=644 ZI-data=4624  
FromELF: creating hex file...
"..\obj\test.axf" - 0 Error(s), 0 Warning(s).
Build target 'Target 1'
compiling main.c...
compiling sp_flash_store.c...
compiling sp_menu.c...
compiling sp_cardoper.c...
compiling rfmod.c...
compiling sp_consume.c...
compiling sp_pubfunc.c...
compiling sp_flash_impl.c...
compiling sp_communicate.c...
compiling sp_disp.c...
linking...
Program Size: Code=66096 RO-data=820 RW-data=644 ZI-data=4624  
FromELF: creating hex file...
"..\obj\test.axf" - 0 Error(s), 0 Warning(s).
Build target 'Target 1'
compiling main.c...
compiling sp_flash_store.c...
compiling sp_menu.c...
compiling sp_cardoper.c...
compiling rfmod.c...
compiling sp_consume.c...
compiling sp_pubfunc.c...
compiling sp_flash_impl.c...
compiling sp_communicate.c...
compiling sp_disp.c...
linking...
Program Size: Code=66032 RO-data=820 RW-data=644 ZI-data=4624  
FromELF: creating hex file...
"..\obj\test.axf" - 0 Error(s), 0 Warning(s).
Build target 'Target 1'
compiling main.c...
compiling sp_flash_store.c...
compiling sp_menu.c...
compiling sp_cardoper.c...
compiling rfmod.c...
compiling sp_consume.c...
compiling sp_pubfunc.c...
compiling sp_flash_impl.c...
compiling sp_communicate.c...
compiling sp_disp.c...
linking...
Program Size: Code=65992 RO-data=820 RW-data=644 ZI-data=4624  
FromELF: creating hex file...
"..\obj\test.axf" - 0 Error(s), 0 Warning(s).
Build target 'Target 1'
compiling main.c...
compiling sp_flash_store.c...
compiling sp_menu.c...
compiling sp_cardoper.c...
compiling rfmod.c...
compiling sp_consume.c...
compiling sp_pubfunc.c...
compiling sp_flash_impl.c...
compiling sp_communicate.c...
compiling sp_disp.c...
linking...
Program Size: Code=65992 RO-data=820 RW-data=644 ZI-data=4624  
FromELF: creating hex file...
"..\obj\test.axf" - 0 Error(s), 0 Warning(s).
