<html>
<body>
<pre>
<h1>礦ision Build Log</h1>
<h2>Project:</h2>
D:\Penn\02works\00ecard\11hardware\pos机开发\amass_pos\App\keil\HD6P_Drive_App.uvproj
Project File Date:  06/23/2014

<h2>Output:</h2>
Build target 'Target 1'
compiling main.c...
..\src\menu.h(5): warning:  #1295-D: Deprecated declaration sw_disp_menu - give arg types
..\src\menu.h:   void sw_disp_menu();
..\src\menu.h:        ^
..\src\main.c(147): error:  #20: identifier "ret0" is undefined
..\src\main.c:                  ret0 = SF_Write(1, 0, writebuf, 64, 1);
..\src\main.c:                  ^
..\src\main.c(126): warning:  #550-D: variable "ret1" was set but never used
..\src\main.c:          uint8 ret1,ret2,ret3;
..\src\main.c:                ^
..\src\main.c(126): warning:  #550-D: variable "ret2" was set but never used
..\src\main.c:          uint8 ret1,ret2,ret3;
..\src\main.c:                     ^
..\src\main.c: ..\src\main.c: 3 warnings, 1 error
compiling flash_store.c...
compiling menu.c...
..\src\lcd.h(51): error:  #20: identifier "uint8" is undefined
..\src\lcd.h:   extern void SetLcdType(uint8 cLCDType);
..\src\lcd.h:                          ^
..\src\lcd.h(62): error:  #20: identifier "uint8" is undefined
..\src\lcd.h:   extern uint8 GetLcdType(void);
..\src\lcd.h:          ^
..\src\lcd.h(73): error:  #20: identifier "uint8" is undefined
..\src\lcd.h:   extern void SetLcdContrast(uint8 cContrast);
..\src\lcd.h:                              ^
..\src\lcd.h(85): error:  #20: identifier "uint8" is undefined
..\src\lcd.h:   extern void LcdCLS(uint8 cRow);                                 //LCD 清屏
..\src\lcd.h:                      ^
..\src\lcd.h(107): error:  #20: identifier "uint8" is undefined
..\src\lcd.h:   extern void LcdPrint(uint8 cRow, uint8 cArray, char *String,uint8 cFlashnum);//LCD输出显示      
..\src\lcd.h:                        ^
..\src\lcd.h(107): error:  #20: identifier "uint8" is undefined
..\src\lcd.h:   extern void LcdPrint(uint8 cRow, uint8 cArray, char *String,uint8 cFlashnum);//LCD输出显示      
..\src\lcd.h:                                    ^
..\src\lcd.h(107): error:  #20: identifier "uint8" is undefined
..\src\lcd.h:   extern void LcdPrint(uint8 cRow, uint8 cArray, char *String,uint8 cFlashnum);//LCD输出显示      
..\src\lcd.h:                                                               ^
..\src\menu.h(5): warning:  #1295-D: Deprecated declaration sw_disp_menu - give arg types
..\src\menu.h:   void sw_disp_menu();
..\src\menu.h:        ^
..\src\menu.c(7): warning:  #223-D: function "memset" declared implicitly
..\src\menu.c:          memset(cDispMsg, 0, 256);
..\src\menu.c:          ^
..\src\menu.c(8): warning:  #223-D: function "sprintf" declared implicitly
..\src\menu.c:          sprintf(cDispMsg,"设置");
..\src\menu.c:          ^
..\src\menu.c(22): warning:  #1-D: last line of file ends without a newline
..\src\menu.c:   }
..\src\menu.c:    ^
..\src\menu.c: ..\src\menu.c: 4 warnings, 7 errors
Target not created
Build target 'Target 1'
compiling main.c...
..\src\menu.h(5): warning:  #1295-D: Deprecated declaration sp_disp_menu - give arg types
..\src\menu.h:   void sp_disp_menu();
..\src\menu.h:        ^
..\src\main.c(128): error:  #20: identifier "writebuf" is undefined
..\src\main.c:          memset(writebuf, 0, 64);
..\src\main.c:                 ^
..\src\main.c(169): warning:  #223-D: function "sw_disp_menu" declared implicitly
..\src\main.c:                  sw_disp_menu();
..\src\main.c:                  ^
..\src\main.c(126): warning:  #177-D: variable "comm_data" was declared but never referenced
..\src\main.c:          uint8 comm_data[128] = {0};
..\src\main.c:                ^
..\src\main.c: ..\src\main.c: 3 warnings, 1 error
compiling flash_store.c...
compiling menu.c...
..\src\lcd.h(51): error:  #20: identifier "uint8" is undefined
..\src\lcd.h:   extern void SetLcdType(uint8 cLCDType);
..\src\lcd.h:                          ^
..\src\lcd.h(62): error:  #20: identifier "uint8" is undefined
..\src\lcd.h:   extern uint8 GetLcdType(void);
..\src\lcd.h:          ^
..\src\lcd.h(73): error:  #20: identifier "uint8" is undefined
..\src\lcd.h:   extern void SetLcdContrast(uint8 cContrast);
..\src\lcd.h:                              ^
..\src\lcd.h(85): error:  #20: identifier "uint8" is undefined
..\src\lcd.h:   extern void LcdCLS(uint8 cRow);                                 //LCD 清屏
..\src\lcd.h:                      ^
..\src\lcd.h(107): error:  #20: identifier "uint8" is undefined
..\src\lcd.h:   extern void LcdPrint(uint8 cRow, uint8 cArray, char *String,uint8 cFlashnum);//LCD输出显示      
..\src\lcd.h:                        ^
..\src\lcd.h(107): error:  #20: identifier "uint8" is undefined
..\src\lcd.h:   extern void LcdPrint(uint8 cRow, uint8 cArray, char *String,uint8 cFlashnum);//LCD输出显示      
..\src\lcd.h:                                    ^
..\src\lcd.h(107): error:  #20: identifier "uint8" is undefined
..\src\lcd.h:   extern void LcdPrint(uint8 cRow, uint8 cArray, char *String,uint8 cFlashnum);//LCD输出显示      
..\src\lcd.h:                                                               ^
..\src\menu.h(5): warning:  #1295-D: Deprecated declaration sp_disp_menu - give arg types
..\src\menu.h:   void sp_disp_menu();
..\src\menu.h:        ^
..\src\menu.c(7): warning:  #223-D: function "memset" declared implicitly
..\src\menu.c:          memset(cDispMsg, 0, 256);
..\src\menu.c:          ^
..\src\menu.c(8): warning:  #223-D: function "sprintf" declared implicitly
..\src\menu.c:          sprintf(cDispMsg,"设置");
..\src\menu.c:          ^
..\src\menu.c(22): warning:  #1-D: last line of file ends without a newline
..\src\menu.c:   }
..\src\menu.c:    ^
..\src\menu.c: ..\src\menu.c: 4 warnings, 7 errors
Target not created
Build target 'Target 1'
compiling main.c...
..\src\menu.h(5): warning:  #1295-D: Deprecated declaration sp_disp_menu - give arg types
..\src\menu.h:   void sp_disp_menu();
..\src\menu.h:        ^
..\src\main.c(167): warning:  #223-D: function "sw_disp_menu" declared implicitly
..\src\main.c:                  sw_disp_menu();
..\src\main.c:                  ^
..\src\main.c(126): warning:  #177-D: variable "comm_data" was declared but never referenced
..\src\main.c:          uint8 comm_data[128] = {0};
..\src\main.c:                ^
..\src\main.c: ..\src\main.c: 3 warnings, 0 errors
compiling flash_store.c...
compiling menu.c...
..\src\lcd.h(51): error:  #20: identifier "uint8" is undefined
..\src\lcd.h:   extern void SetLcdType(uint8 cLCDType);
..\src\lcd.h:                          ^
..\src\lcd.h(62): error:  #20: identifier "uint8" is undefined
..\src\lcd.h:   extern uint8 GetLcdType(void);
..\src\lcd.h:          ^
..\src\lcd.h(73): error:  #20: identifier "uint8" is undefined
..\src\lcd.h:   extern void SetLcdContrast(uint8 cContrast);
..\src\lcd.h:                              ^
..\src\lcd.h(85): error:  #20: identifier "uint8" is undefined
..\src\lcd.h:   extern void LcdCLS(uint8 cRow);                                 //LCD 清屏
..\src\lcd.h:                      ^
..\src\lcd.h(107): error:  #20: identifier "uint8" is undefined
..\src\lcd.h:   extern void LcdPrint(uint8 cRow, uint8 cArray, char *String,uint8 cFlashnum);//LCD输出显示      
..\src\lcd.h:                        ^
..\src\lcd.h(107): error:  #20: identifier "uint8" is undefined
..\src\lcd.h:   extern void LcdPrint(uint8 cRow, uint8 cArray, char *String,uint8 cFlashnum);//LCD输出显示      
..\src\lcd.h:                                    ^
..\src\lcd.h(107): error:  #20: identifier "uint8" is undefined
..\src\lcd.h:   extern void LcdPrint(uint8 cRow, uint8 cArray, char *String,uint8 cFlashnum);//LCD输出显示      
..\src\lcd.h:                                                               ^
..\src\menu.h(5): warning:  #1295-D: Deprecated declaration sp_disp_menu - give arg types
..\src\menu.h:   void sp_disp_menu();
..\src\menu.h:        ^
..\src\menu.c(7): warning:  #223-D: function "memset" declared implicitly
..\src\menu.c:          memset(cDispMsg, 0, 256);
..\src\menu.c:          ^
..\src\menu.c(8): warning:  #223-D: function "sprintf" declared implicitly
..\src\menu.c:          sprintf(cDispMsg,"设置");
..\src\menu.c:          ^
..\src\menu.c(22): warning:  #1-D: last line of file ends without a newline
..\src\menu.c:   }
..\src\menu.c:    ^
..\src\menu.c: ..\src\menu.c: 4 warnings, 7 errors
Target not created
Build target 'Target 1'
compiling main.c...
..\src\menu.h(5): warning:  #1295-D: Deprecated declaration sp_disp_menu - give arg types
..\src\menu.h:   void sp_disp_menu();
..\src\menu.h:        ^
..\src\main.c(126): warning:  #177-D: variable "comm_data" was declared but never referenced
..\src\main.c:          uint8 comm_data[128] = {0};
..\src\main.c:                ^
..\src\main.c: ..\src\main.c: 2 warnings, 0 errors
compiling flash_store.c...
compiling menu.c...
..\src\lcd.h(51): error:  #20: identifier "uint8" is undefined
..\src\lcd.h:   extern void SetLcdType(uint8 cLCDType);
..\src\lcd.h:                          ^
..\src\lcd.h(62): error:  #20: identifier "uint8" is undefined
..\src\lcd.h:   extern uint8 GetLcdType(void);
..\src\lcd.h:          ^
..\src\lcd.h(73): error:  #20: identifier "uint8" is undefined
..\src\lcd.h:   extern void SetLcdContrast(uint8 cContrast);
..\src\lcd.h:                              ^
..\src\lcd.h(85): error:  #20: identifier "uint8" is undefined
..\src\lcd.h:   extern void LcdCLS(uint8 cRow);                                 //LCD 清屏
..\src\lcd.h:                      ^
..\src\lcd.h(107): error:  #20: identifier "uint8" is undefined
..\src\lcd.h:   extern void LcdPrint(uint8 cRow, uint8 cArray, char *String,uint8 cFlashnum);//LCD输出显示      
..\src\lcd.h:                        ^
..\src\lcd.h(107): error:  #20: identifier "uint8" is undefined
..\src\lcd.h:   extern void LcdPrint(uint8 cRow, uint8 cArray, char *String,uint8 cFlashnum);//LCD输出显示      
..\src\lcd.h:                                    ^
..\src\lcd.h(107): error:  #20: identifier "uint8" is undefined
..\src\lcd.h:   extern void LcdPrint(uint8 cRow, uint8 cArray, char *String,uint8 cFlashnum);//LCD输出显示      
..\src\lcd.h:                                                               ^
..\src\menu.h(5): warning:  #1295-D: Deprecated declaration sp_disp_menu - give arg types
..\src\menu.h:   void sp_disp_menu();
..\src\menu.h:        ^
..\src\menu.c(7): warning:  #223-D: function "memset" declared implicitly
..\src\menu.c:          memset(cDispMsg, 0, 256);
..\src\menu.c:          ^
..\src\menu.c(8): warning:  #223-D: function "sprintf" declared implicitly
..\src\menu.c:          sprintf(cDispMsg,"设置");
..\src\menu.c:          ^
..\src\menu.c(22): warning:  #1-D: last line of file ends without a newline
..\src\menu.c:   }
..\src\menu.c:    ^
..\src\menu.c: ..\src\menu.c: 4 warnings, 7 errors
Target not created
Build target 'Target 1'
compiling main.c...
..\src\menu.h(6): warning:  #1295-D: Deprecated declaration sp_disp_menu - give arg types
..\src\menu.h:   void sp_disp_menu();
..\src\menu.h:        ^
..\src\menu.h: ..\src\main.c: 1 warning, 0 errors
compiling flash_store.c...
compiling menu.c...
..\src\menu.h(6): warning:  #1295-D: Deprecated declaration sp_disp_menu - give arg types
..\src\menu.h:   void sp_disp_menu();
..\src\menu.h:        ^
..\src\menu.c(22): warning:  #1-D: last line of file ends without a newline
..\src\menu.c:   }
..\src\menu.c:    ^
..\src\menu.c: ..\src\menu.c: 2 warnings, 0 errors
linking...
Program Size: Code=33064 RO-data=32 RW-data=136 ZI-data=5648  
FromELF: creating hex file...
"..\obj\test.axf" - 0 Error(s), 3 Warning(s).
Build target 'Target 1'
compiling main.c...
..\src\menu.h(6): warning:  #1295-D: Deprecated declaration sp_disp_menu - give arg types
..\src\menu.h:   void sp_disp_menu();
..\src\menu.h:        ^
..\src\menu.h: ..\src\main.c: 1 warning, 0 errors
compiling flash_store.c...
compiling menu.c...
..\src\menu.h(6): warning:  #1295-D: Deprecated declaration sp_disp_menu - give arg types
..\src\menu.h:   void sp_disp_menu();
..\src\menu.h:        ^
..\src\menu.h: ..\src\menu.c: 1 warning, 0 errors
linking...
Program Size: Code=33064 RO-data=32 RW-data=136 ZI-data=5648  
FromELF: creating hex file...
"..\obj\test.axf" - 0 Error(s), 2 Warning(s).
Build target 'Target 1'
compiling main.c...
compiling flash_store.c...
compiling menu.c...
linking...
Program Size: Code=33064 RO-data=32 RW-data=136 ZI-data=5648  
FromELF: creating hex file...
"..\obj\test.axf" - 0 Error(s), 0 Warning(s).
Build target 'Target 1'
compiling main.c...
..\src\sp_info.h(15): warning:  #1-D: last line of file ends without a newline
..\src\sp_info.h:   #endif
..\src\sp_info.h:         ^
..\src\menu.h(5): error:  #5: cannot open source input file "sp_info": No such file or directory
..\src\menu.h:   #include "sp_info"
..\src\menu.h:                     ^
..\src\menu.h: ..\src\main.c: 1 warning, 1 error
compiling flash_store.c...
compiling menu.c...
..\src\menu.h(5): error:  #5: cannot open source input file "sp_info": No such file or directory
..\src\menu.h:   #include "sp_info"
..\src\menu.h:                     ^
..\src\menu.h: ..\src\menu.c: 0 warnings, 1 error
compiling sp_info.c...
..\src\sp_info.c(1): error:  #5: cannot open source input file "sp_info": No such file or directory
..\src\sp_info.c:   #include "sp_info"
..\src\sp_info.c:                     ^
..\src\sp_info.c: ..\src\sp_info.c: 0 warnings, 1 error
Target not created
Build target 'Target 1'
compiling main.c...
compiling flash_store.c...
compiling menu.c...
..\src\menu.c(6): error:  #20: identifier "MAX_MENU_LIST_NUM" is undefined
..\src\menu.c:          for(i=0; i<MAX_MENU_LIST_NUM; i++)
..\src\menu.c:                     ^
..\src\menu.c: ..\src\menu.c: 0 warnings, 1 error
compiling sp_info.c...
..\src\sp_info.c(1): error:  #5: cannot open source input file "sp_info": No such file or directory
..\src\sp_info.c:   #include "sp_info"
..\src\sp_info.c:                     ^
..\src\sp_info.c: ..\src\sp_info.c: 0 warnings, 1 error
Target not created
Build target 'Target 1'
compiling main.c...
compiling flash_store.c...
compiling menu.c...
compiling sp_info.c...
..\src\sp_info.c(1): error:  #5: cannot open source input file "sp_info": No such file or directory
..\src\sp_info.c:   #include "sp_info"
..\src\sp_info.c:                     ^
..\src\sp_info.c: ..\src\sp_info.c: 0 warnings, 1 error
Target not created
Build target 'Target 1'
compiling main.c...
compiling flash_store.c...
compiling menu.c...
compiling sp_info.c...
..\src\sp_info.c(5): warning:  #223-D: function "memset" declared implicitly
..\src\sp_info.c:       memset(p_ctx, 0, sizeof sp_context);
..\src\sp_info.c:       ^
..\src\sp_info.c(5): error:  #254: type name is not allowed
..\src\sp_info.c:       memset(p_ctx, 0, sizeof sp_context);
..\src\sp_info.c:                               ^
..\src\sp_info.c(6): warning:  #223-D: function "sprintf" declared implicitly
..\src\sp_info.c:       sprintf(p_ctx->menu_info[0], "1、设置");
..\src\sp_info.c:       ^
..\src\sp_info.c(12): warning:  #1-D: last line of file ends without a newline
..\src\sp_info.c:   }
..\src\sp_info.c:    ^
..\src\sp_info.c: ..\src\sp_info.c: 3 warnings, 1 error
Target not created
Build target 'Target 1'
compiling main.c...
compiling flash_store.c...
compiling menu.c...
compiling sp_info.c...
..\src\sp_info.c(5): warning:  #223-D: function "memset" declared implicitly
..\src\sp_info.c:       memset((char*)p_ctx, 0, sizeof sp_context);
..\src\sp_info.c:       ^
..\src\sp_info.c(5): error:  #254: type name is not allowed
..\src\sp_info.c:       memset((char*)p_ctx, 0, sizeof sp_context);
..\src\sp_info.c:                                      ^
..\src\sp_info.c(6): warning:  #223-D: function "sprintf" declared implicitly
..\src\sp_info.c:       sprintf(p_ctx->menu_info[0], "1、设置");
..\src\sp_info.c:       ^
..\src\sp_info.c: ..\src\sp_info.c: 2 warnings, 1 error
Target not created
Build target 'Target 1'
compiling main.c...
compiling flash_store.c...
compiling menu.c...
compiling sp_info.c...
..\src\sp_info.c(5): error:  #254: type name is not allowed
..\src\sp_info.c:       memset(p_ctx, 0, sizeof sp_context);
..\src\sp_info.c:                               ^
..\src\sp_info.c(6): warning:  #223-D: function "sprintf" declared implicitly
..\src\sp_info.c:       sprintf(p_ctx->menu_info[0], "1、设置");
..\src\sp_info.c:       ^
..\src\sp_info.c: ..\src\sp_info.c: 1 warning, 1 error
Target not created
Build target 'Target 1'
compiling main.c...
compiling flash_store.c...
compiling menu.c...
compiling sp_info.c...
..\src\sp_info.c(5): error:  #254: type name is not allowed
..\src\sp_info.c:       memset(p_ctx, 0, sizeof sp_context);
..\src\sp_info.c:                               ^
..\src\sp_info.c(6): warning:  #223-D: function "sprintf" declared implicitly
..\src\sp_info.c:       sprintf(p_ctx->menu_info[0], "1、设置");
..\src\sp_info.c:       ^
..\src\sp_info.c: ..\src\sp_info.c: 1 warning, 1 error
Target not created
Build target 'Target 1'
compiling main.c...
compiling flash_store.c...
compiling menu.c...
compiling sp_info.c...
..\src\sp_info.c(5): error:  #254: type name is not allowed
..\src\sp_info.c:       memset(p_ctx, 0, sizeof sp_context);
..\src\sp_info.c:                               ^
..\src\sp_info.c: ..\src\sp_info.c: 0 warnings, 1 error
Target not created
Build target 'Target 1'
compiling main.c...
compiling flash_store.c...
compiling menu.c...
compiling sp_info.c...
linking...
Program Size: Code=32936 RO-data=32 RW-data=136 ZI-data=5984  
FromELF: creating hex file...
"..\obj\test.axf" - 0 Error(s), 0 Warning(s).
Build target 'Target 1'
compiling main.c...
compiling flash_store.c...
compiling menu.c...
compiling sp_info.c...
linking...
Program Size: Code=32936 RO-data=32 RW-data=136 ZI-data=5984  
FromELF: creating hex file...
"..\obj\test.axf" - 0 Error(s), 0 Warning(s).
Build target 'Target 1'
compiling main.c...
compiling flash_store.c...
compiling menu.c...
compiling sp_info.c...
linking...
Program Size: Code=32932 RO-data=32 RW-data=136 ZI-data=5984  
FromELF: creating hex file...
"..\obj\test.axf" - 0 Error(s), 0 Warning(s).
Build target 'Target 1'
compiling main.c...
compiling flash_store.c...
compiling menu.c...
compiling sp_info.c...
linking...
Program Size: Code=32932 RO-data=32 RW-data=136 ZI-data=5984  
FromELF: creating hex file...
"..\obj\test.axf" - 0 Error(s), 0 Warning(s).
Build target 'Target 1'
compiling main.c...
compiling flash_store.c...
compiling menu.c...
compiling sp_info.c...
linking...
Program Size: Code=32932 RO-data=32 RW-data=136 ZI-data=5984  
FromELF: creating hex file...
"..\obj\test.axf" - 0 Error(s), 0 Warning(s).
Build target 'Target 1'
compiling main.c...
compiling flash_store.c...
compiling menu.c...
compiling sp_info.c...
linking...
Program Size: Code=32940 RO-data=32 RW-data=136 ZI-data=5984  
FromELF: creating hex file...
"..\obj\test.axf" - 0 Error(s), 0 Warning(s).
Build target 'Target 1'
compiling main.c...
..\src\main.c(121): warning:  #187-D: use of "=" where "==" may have been intended
..\src\main.c:                  if(press_key_num = 0)
..\src\main.c:                     ^
..\src\main.c: ..\src\main.c: 1 warning, 0 errors
compiling flash_store.c...
compiling menu.c...
compiling sp_info.c...
linking...
Program Size: Code=32984 RO-data=32 RW-data=136 ZI-data=5984  
FromELF: creating hex file...
"..\obj\test.axf" - 0 Error(s), 1 Warning(s).
Build target 'Target 1'
compiling main.c...
compiling flash_store.c...
compiling menu.c...
compiling sp_info.c...
linking...
Program Size: Code=32980 RO-data=32 RW-data=136 ZI-data=5984  
FromELF: creating hex file...
"..\obj\test.axf" - 0 Error(s), 0 Warning(s).
Build target 'Target 1'
compiling main.c...
compiling flash_store.c...
compiling menu.c...
..\src\menu.c(6): error:  #268: declaration may not appear after executable statement in block
..\src\menu.c:          int i = 0;
..\src\menu.c:          ^
..\src\menu.c: ..\src\menu.c: 0 warnings, 1 error
compiling sp_info.c...
Target not created
Build target 'Target 1'
compiling main.c...
compiling flash_store.c...
compiling menu.c...
compiling sp_info.c...
linking...
Program Size: Code=32988 RO-data=32 RW-data=136 ZI-data=5984  
FromELF: creating hex file...
"..\obj\test.axf" - 0 Error(s), 0 Warning(s).
Build target 'Target 1'
compiling main.c...
compiling flash_store.c...
compiling menu.c...
compiling sp_info.c...
linking...
Program Size: Code=32980 RO-data=32 RW-data=136 ZI-data=5984  
FromELF: creating hex file...
"..\obj\test.axf" - 0 Error(s), 0 Warning(s).
Build target 'Target 1'
compiling main.c...
compiling flash_store.c...
compiling menu.c...
..\src\menu.c(8): error:  #65: expected a ";"
..\src\menu.c:          LcdPrint(1, 0, dispmsg, 0);
..\src\menu.c:          ^
..\src\menu.c: ..\src\menu.c: 0 warnings, 1 error
compiling sp_info.c...
Target not created
Build target 'Target 1'
compiling main.c...
compiling flash_store.c...
compiling menu.c...
compiling sp_info.c...
linking...
Program Size: Code=33432 RO-data=32 RW-data=136 ZI-data=5984  
FromELF: creating hex file...
"..\obj\test.axf" - 0 Error(s), 0 Warning(s).
Build target 'Target 1'
compiling main.c...
compiling flash_store.c...
compiling menu.c...
compiling sp_info.c...
linking...
Program Size: Code=33432 RO-data=32 RW-data=136 ZI-data=5984  
FromELF: creating hex file...
"..\obj\test.axf" - 0 Error(s), 0 Warning(s).
Build target 'Target 1'
compiling main.c...
compiling flash_store.c...
compiling menu.c...
compiling sp_info.c...
linking...
Program Size: Code=33432 RO-data=32 RW-data=136 ZI-data=5984  
FromELF: creating hex file...
"..\obj\test.axf" - 0 Error(s), 0 Warning(s).
Build target 'Target 1'
compiling main.c...
compiling flash_store.c...
compiling menu.c...
compiling sp_info.c...
linking...
Program Size: Code=32980 RO-data=32 RW-data=136 ZI-data=5984  
FromELF: creating hex file...
"..\obj\test.axf" - 0 Error(s), 0 Warning(s).
Build target 'Target 1'
compiling main.c...
..\src\main.c(86): error:  #130: expected a "{"
..\src\main.c:   5{
..\src\main.c:   ^
..\src\main.c: ..\src\main.c: 0 warnings, 1 error
compiling flash_store.c...
compiling menu.c...
compiling sp_info.c...
Target not created
Build target 'Target 1'
compiling main.c...
compiling flash_store.c...
compiling menu.c...
compiling sp_info.c...
linking...
Program Size: Code=33440 RO-data=72 RW-data=136 ZI-data=5984  
FromELF: creating hex file...
"..\obj\test.axf" - 0 Error(s), 0 Warning(s).
Build target 'Target 1'
compiling main.c...
compiling flash_store.c...
compiling menu.c...
compiling sp_info.c...
linking...
Program Size: Code=33444 RO-data=72 RW-data=136 ZI-data=5984  
FromELF: creating hex file...
"..\obj\test.axf" - 0 Error(s), 0 Warning(s).
Build target 'Target 1'
compiling main.c...
compiling flash_store.c...
compiling menu.c...
compiling sp_info.c...
linking...
Program Size: Code=33440 RO-data=72 RW-data=136 ZI-data=5984  
FromELF: creating hex file...
"..\obj\test.axf" - 0 Error(s), 0 Warning(s).
Build target 'Target 1'
compiling main.c...
compiling flash_store.c...
compiling menu.c...
compiling sp_info.c...
linking...
Program Size: Code=33444 RO-data=72 RW-data=136 ZI-data=5984  
FromELF: creating hex file...
"..\obj\test.axf" - 0 Error(s), 0 Warning(s).
Build target 'Target 1'
compiling main.c...
compiling flash_store.c...
compiling menu.c...
compiling sp_info.c...
linking...
Program Size: Code=33676 RO-data=72 RW-data=136 ZI-data=5984  
FromELF: creating hex file...
"..\obj\test.axf" - 0 Error(s), 0 Warning(s).
Build target 'Target 1'
compiling main.c...
compiling flash_store.c...
compiling menu.c...
compiling sp_info.c...
linking...
Program Size: Code=34024 RO-data=92 RW-data=136 ZI-data=5984  
FromELF: creating hex file...
"..\obj\test.axf" - 0 Error(s), 0 Warning(s).
Build target 'Target 1'
compiling main.c...
compiling flash_store.c...
compiling menu.c...
compiling sp_info.c...
linking...
Program Size: Code=34036 RO-data=92 RW-data=136 ZI-data=5984  
FromELF: creating hex file...
"..\obj\test.axf" - 0 Error(s), 0 Warning(s).
Build target 'Target 1'
compiling main.c...
..\src\main.c(90): warning:  #177-D: variable "dispmsg" was declared but never referenced
..\src\main.c:          char dispmsg[100];
..\src\main.c:               ^
..\src\main.c: ..\src\main.c: 1 warning, 0 errors
compiling flash_store.c...
compiling menu.c...
compiling sp_info.c...
linking...
Program Size: Code=33440 RO-data=72 RW-data=136 ZI-data=5984  
FromELF: creating hex file...
"..\obj\test.axf" - 0 Error(s), 1 Warning(s).
Build target 'Target 1'
compiling main.c...
..\src\main.c(90): warning:  #177-D: variable "dispmsg" was declared but never referenced
..\src\main.c:          char dispmsg[100];
..\src\main.c:               ^
..\src\main.c: ..\src\main.c: 1 warning, 0 errors
compiling flash_store.c...
compiling menu.c...
compiling sp_info.c...
linking...
Program Size: Code=33928 RO-data=92 RW-data=136 ZI-data=5984  
FromELF: creating hex file...
"..\obj\test.axf" - 0 Error(s), 1 Warning(s).
Build target 'Target 1'
compiling main.c...
compiling flash_store.c...
compiling menu.c...
compiling sp_info.c...
linking...
Program Size: Code=34048 RO-data=92 RW-data=136 ZI-data=5984  
FromELF: creating hex file...
"..\obj\test.axf" - 0 Error(s), 0 Warning(s).
Build target 'Target 1'
compiling main.c...
..\src\main.c(90): warning:  #177-D: variable "dispmsg" was declared but never referenced
..\src\main.c:          char dispmsg[100];
..\src\main.c:               ^
..\src\main.c: ..\src\main.c: 1 warning, 0 errors
compiling flash_store.c...
compiling menu.c...
compiling sp_info.c...
linking...
Program Size: Code=33940 RO-data=92 RW-data=136 ZI-data=5984  
FromELF: creating hex file...
"..\obj\test.axf" - 0 Error(s), 1 Warning(s).
Build target 'Target 1'
compiling main.c...
..\src\main.c(90): warning:  #177-D: variable "dispmsg" was declared but never referenced
..\src\main.c:          char dispmsg[100];
..\src\main.c:               ^
..\src\main.c: ..\src\main.c: 1 warning, 0 errors
compiling flash_store.c...
compiling menu.c...
compiling sp_info.c...
linking...
Program Size: Code=33920 RO-data=92 RW-data=136 ZI-data=5984  
FromELF: creating hex file...
"..\obj\test.axf" - 0 Error(s), 1 Warning(s).
Build target 'Target 1'
compiling main.c...
..\src\main.c(90): warning:  #177-D: variable "dispmsg" was declared but never referenced
..\src\main.c:          char dispmsg[100];
..\src\main.c:               ^
..\src\main.c: ..\src\main.c: 1 warning, 0 errors
compiling flash_store.c...
compiling menu.c...
compiling sp_info.c...
linking...
Program Size: Code=33620 RO-data=72 RW-data=136 ZI-data=5984  
FromELF: creating hex file...
"..\obj\test.axf" - 0 Error(s), 1 Warning(s).
Build target 'Target 1'
compiling main.c...
..\src\main.c(90): warning:  #177-D: variable "dispmsg" was declared but never referenced
..\src\main.c:          char dispmsg[100];
..\src\main.c:               ^
..\src\main.c: ..\src\main.c: 1 warning, 0 errors
compiling flash_store.c...
compiling menu.c...
compiling sp_info.c...
linking...
Program Size: Code=33608 RO-data=72 RW-data=136 ZI-data=5984  
FromELF: creating hex file...
"..\obj\test.axf" - 0 Error(s), 1 Warning(s).
Build target 'Target 1'
compiling main.c...
..\src\main.c(90): warning:  #177-D: variable "dispmsg" was declared but never referenced
..\src\main.c:          char dispmsg[100];
..\src\main.c:               ^
..\src\main.c: ..\src\main.c: 1 warning, 0 errors
compiling flash_store.c...
compiling menu.c...
compiling sp_info.c...
linking...
Program Size: Code=33608 RO-data=72 RW-data=136 ZI-data=5984  
FromELF: creating hex file...
"..\obj\test.axf" - 0 Error(s), 1 Warning(s).
Build target 'Target 1'
compiling main.c...
compiling flash_store.c...
compiling menu.c...
compiling sp_info.c...
linking...
Program Size: Code=34024 RO-data=92 RW-data=136 ZI-data=5984  
FromELF: creating hex file...
"..\obj\test.axf" - 0 Error(s), 0 Warning(s).
Build target 'Target 1'
compiling main.c...
compiling flash_store.c...
compiling menu.c...
compiling sp_info.c...
linking...
Program Size: Code=34024 RO-data=92 RW-data=136 ZI-data=5984  
FromELF: creating hex file...
"..\obj\test.axf" - 0 Error(s), 0 Warning(s).
Build target 'Target 1'
compiling main.c...
compiling flash_store.c...
compiling menu.c...
compiling sp_info.c...
linking...
Program Size: Code=34044 RO-data=92 RW-data=136 ZI-data=5984  
FromELF: creating hex file...
"..\obj\test.axf" - 0 Error(s), 0 Warning(s).
Build target 'Target 1'
compiling main.c...
compiling flash_store.c...
compiling menu.c...
compiling sp_info.c...
linking...
Program Size: Code=34044 RO-data=92 RW-data=136 ZI-data=5984  
FromELF: creating hex file...
"..\obj\test.axf" - 0 Error(s), 0 Warning(s).
Build target 'Target 1'
compiling main.c...
compiling flash_store.c...
compiling menu.c...
compiling sp_info.c...
linking...
Program Size: Code=34072 RO-data=92 RW-data=136 ZI-data=5984  
FromELF: creating hex file...
"..\obj\test.axf" - 0 Error(s), 0 Warning(s).
Build target 'Target 1'
compiling main.c...
..\src\main.c(139): error:  #65: expected a ";"
..\src\main.c:                  }
..\src\main.c:                  ^
..\src\main.c: ..\src\main.c: 0 warnings, 1 error
compiling flash_store.c...
compiling menu.c...
compiling sp_info.c...
Target not created
Build target 'Target 1'
compiling main.c...
compiling flash_store.c...
compiling menu.c...
compiling sp_info.c...
linking...
Program Size: Code=34096 RO-data=92 RW-data=136 ZI-data=5984  
FromELF: creating hex file...
"..\obj\test.axf" - 0 Error(s), 0 Warning(s).
